Archive member included because of file (symbol)

../../../../../../hal/project/xmega128A1/hal/Release\libhal.a(hal_gpio.o)
                              drv_signal.o (hal_configureGpioPort)
../../../../../../hal/project/xmega128A1/hal/Release\libhal.a(hal_twi.o)
                              drv_ins.o (hal_requestTwiChannel)
../../../../../../hal/project/xmega128A1/hal/Release\libhal.a(hal_uart.o)
                              drv_console.o (hal_enableUartRxInt)
../../../../../../hal/project/xmega128A1/hal/Release\libhal.a(hal_clocks.o)
                              ../../../../../../hal/project/xmega128A1/hal/Release\libhal.a(hal_twi.o) (hal_getCpuFreq)
../../../../../../hal/project/xmega128A1/hal/Release\libhal.a(hal_dma.o)
                              ../../../../../../hal/project/xmega128A1/hal/Release\libhal.a(hal_uart.o) (hal_requestDmaInterrupt)
../../../../../../rtos/project/atxmega128A1/arbitros/Release\libarbitros.a(arb_console.o)
                              usr_appInit.o (arb_consoleInit)
../../../../../../rtos/project/atxmega128A1/arbitros/Release\libarbitros.a(arb_device.o)
                              ../../../../../../rtos/project/atxmega128A1/arbitros/Release\libarbitros.a(arb_console.o) (arb_getDeviceList)
../../../../../../rtos/project/atxmega128A1/arbitros/Release\libarbitros.a(arb_main.o)
                              c:/program files (x86)/atmel/atmel studio 6.0/extensions/atmel/avrgcc/3.4.1.95/avrtoolchain/bin/../lib/gcc/avr/4.6.2/../../../../avr/lib/avrxmega7/crtx128a1.o (main)
../../../../../../rtos/project/atxmega128A1/arbitros/Release\libarbitros.a(arb_printf.o)
                              ../../../../../../rtos/project/atxmega128A1/arbitros/Release\libarbitros.a(arb_console.o) (arb_setPrintfDbgLevel)
../../../../../../rtos/project/atxmega128A1/arbitros/Release\libarbitros.a(arb_scheduler.o)
                              usr_appInit.o (arb_schedulerInit)
../../../../../../rtos/project/atxmega128A1/arbitros/Release\libarbitros.a(arb_semaphore.o)
                              drv_console.o (arb_wait)
../../../../../../rtos/project/atxmega128A1/arbitros/Release\libarbitros.a(arb_sysTimer.o)
                              drv_ins.o (arb_sysTimeNow)
../../../../../../rtos/project/atxmega128A1/arbitros/Release\libarbitros.a(arb_thread.o)
                              ../../../../../../rtos/project/atxmega128A1/arbitros/Release\libarbitros.a(arb_scheduler.o) (gt_activeThreads)
../../../../../../rtos/project/atxmega128A1/arbitros/Release\libarbitros.a(hal_initThreadStack.o)
                              ../../../../../../rtos/project/atxmega128A1/arbitros/Release\libarbitros.a(arb_thread.o) (hal_initThreadStack)
../../../../../../rtos/project/atxmega128A1/arbitros/Release\libarbitros.a(arb_error.o)
                              ../../../../../../rtos/project/atxmega128A1/arbitros/Release\libarbitros.a(arb_semaphore.o) (arb_stackOverflow)
../../../../../../rtos/project/atxmega128A1/arbitros/Release\libarbitros.a(arb_idle.o)
                              ../../../../../../rtos/project/atxmega128A1/arbitros/Release\libarbitros.a(arb_scheduler.o) (arb_idleInit)
../../../../../../utilities/project/atxmega128A1/utilities/Release\libutilities.a(utl_buffer.o)
                              drv_console.o (utl_getBufferFullLevel)
../../../../../../utilities/project/atxmega128A1/utilities/Release\libutilities.a(utl_linkedlist.o)
                              ../../../../../../rtos/project/atxmega128A1/arbitros/Release\libarbitros.a(arb_semaphore.o) (utl_createContainer)
../../../../../../utilities/project/atxmega128A1/utilities/Release\libutilities.a(utl_math.o)
                              drv_ins.o (utl_cos16_16)
../../../../../../utilities/project/atxmega128A1/utilities/Release\libutilities.a(utl_stateMachine.o)
                              usr_navigation.o (utl_stMnChangeState)
c:/program files (x86)/atmel/atmel studio 6.0/extensions/atmel/avrgcc/3.4.1.95/avrtoolchain/bin/../lib/gcc/avr/4.6.2/../../../../avr/lib/avrxmega7\libprintf_flt.a(vfprintf_flt.o)
                              (vfprintf)
c:/program files (x86)/atmel/atmel studio 6.0/extensions/atmel/avrgcc/3.4.1.95/avrtoolchain/bin/../lib/gcc/avr/4.6.2/../../../../avr/lib/avrxmega7\libm.a(addsf3.o)
                              drv_ins.o (__subsf3)
c:/program files (x86)/atmel/atmel studio 6.0/extensions/atmel/avrgcc/3.4.1.95/avrtoolchain/bin/../lib/gcc/avr/4.6.2/../../../../avr/lib/avrxmega7\libm.a(addsf3x.o)
                              c:/program files (x86)/atmel/atmel studio 6.0/extensions/atmel/avrgcc/3.4.1.95/avrtoolchain/bin/../lib/gcc/avr/4.6.2/../../../../avr/lib/avrxmega7\libm.a(addsf3.o) (__addsf3x)
c:/program files (x86)/atmel/atmel studio 6.0/extensions/atmel/avrgcc/3.4.1.95/avrtoolchain/bin/../lib/gcc/avr/4.6.2/../../../../avr/lib/avrxmega7\libm.a(cmpsf2.o)
                              ../../../../../../utilities/project/atxmega128A1/utilities/Release\libutilities.a(utl_math.o) (__eqsf2)
[...]
Memory Configuration

Name             Origin             Length             Attributes
text             0x00000000         0x00100000         xr
data             0x00802000         0x0000ffa0         rw !x
eeprom           0x00810000         0x00010000         rw !x
fuse             0x00820000         0x00000400         rw !x
lock             0x00830000         0x00000400         rw !x
signature        0x00840000         0x00000400         rw !x
*default*        0x00000000         0xffffffff

Linker script and memory map

LOAD c:/program files (x86)/atmel/atmel studio 6.0/extensions/atmel/avrgcc/3.4.1.95/avrtoolchain/bin/../lib/gcc/avr/4.6.2/../../../../avr/lib/avrxmega7/crtx128a1.o
LOAD drv_console.o
LOAD drv_ins.o
LOAD drv_signal.o
LOAD usr_appInit.o
LOAD usr_console.o
LOAD usr_navigation.o
START GROUP
LOAD ../../../../../../hal/project/xmega128A1/hal/Release\libhal.a
LOAD ../../../../../../rtos/project/atxmega128A1/arbitros/Release\libarbitros.a
LOAD ../../../../../../utilities/project/atxmega128A1/utilities/Release\libutilities.a
LOAD ../../../../../../packages/sd/project/atxmega128A1/sd/Release\libsd.a
LOAD c:/program files (x86)/atmel/atmel studio 6.0/extensions/atmel/avrgcc/3.4.1.95/avrtoolchain/bin/../lib/gcc/avr/4.6.2/../../../../avr/lib/avrxmega7\libprintf_flt.a
LOAD c:/program files (x86)/atmel/atmel studio 6.0/extensions/atmel/avrgcc/3.4.1.95/avrtoolchain/bin/../lib/gcc/avr/4.6.2/../../../../avr/lib/avrxmega7\libm.a
LOAD c:/program files (x86)/atmel/atmel studio 6.0/extensions/atmel/avrgcc/3.4.1.95/avrtoolchain/bin/../lib/gcc/avr/4.6.2/../../../../avr/lib/avrxmega7\libc.a
END GROUP
LOAD c:/program files (x86)/atmel/atmel studio 6.0/extensions/atmel/avrgcc/3.4.1.95/avrtoolchain/bin/../lib/gcc/avr/4.6.2/../../../../avr/lib/avrxmega7\libprintf_flt.a
LOAD c:/program files (x86)/atmel/atmel studio 6.0/extensions/atmel/avrgcc/3.4.1.95/avrtoolchain/bin/../lib/gcc/avr/4.6.2/../../../../avr/lib/avrxmega7\libm.a
LOAD c:/program files (x86)/atmel/atmel studio 6.0/extensions/atmel/avrgcc/3.4.1.95/avrtoolchain/bin/../lib/gcc/avr/4.6.2/avrxmega7\libgcc.a
LOAD c:/program files (x86)/atmel/atmel studio 6.0/extensions/atmel/avrgcc/3.4.1.95/avrtoolchain/bin/../lib/gcc/avr/4.6.2/../../../../avr/lib/avrxmega7\libc.a
LOAD c:/program files (x86)/atmel/atmel studio 6.0/extensions/atmel/avrgcc/3.4.1.95/avrtoolchain/bin/../lib/gcc/avr/4.6.2/avrxmega7\libgcc.a

.hash
 *(.hash)

.dynsym
 *(.dynsym)

.dynstr
 *(.dynstr)

.gnu.version
 *(.gnu.version)

.gnu.version_d
 *(.gnu.version_d)

.gnu.version_r
 *(.gnu.version_r)

.rel.init
 *(.rel.init)

.rela.init
 *(.rela.init)

.rel.text
 *(.rel.text)
 *(.rel.text.*)
 *(.rel.gnu.linkonce.t*)

.rela.text
 *(.rela.text)
 *(.rela.text.*)
 *(.rela.gnu.linkonce.t*)

.rel.fini
 *(.rel.fini)

.rela.fini
 *(.rela.fini)

.rel.rodata
 *(.rel.rodata)
 *(.rel.rodata.*)
 *(.rel.gnu.linkonce.r*)

.rela.rodata
 *(.rela.rodata)
 *(.rela.rodata.*)
 *(.rela.gnu.linkonce.r*)

.rel.data
 *(.rel.data)
 *(.rel.data.*)
 *(.rel.gnu.linkonce.d*)

.rela.data
 *(.rela.data)
 *(.rela.data.*)
 *(.rela.gnu.linkonce.d*)

.rel.ctors
 *(.rel.ctors)

.rela.ctors
 *(.rela.ctors)

.rel.dtors
 *(.rel.dtors)

.rela.dtors
 *(.rela.dtors)

.rel.got
 *(.rel.got)

.rela.got
 *(.rela.got)

.rel.bss
 *(.rel.bss)

.rela.bss
 *(.rela.bss)

.rel.plt
 *(.rel.plt)

.rela.plt
 *(.rela.plt)

.text           0x00000000    0x1f560
 *(.vectors)
 .vectors       0x00000000      0x1f4 c:/program files (x86)/atmel/atmel studio 6.0/extensions/atmel/avrgcc/3.4.1.95/avrtoolchain/bin/../lib/gcc/avr/4.6.2/../../../../avr/lib/avrxmega7/crtx128a1.o
                0x00000000                __vector_default
                0x00000000                __vectors
 *(.vectors)
 *(.progmem.gcc*)
 .progmem.gcc_sw_table
                0x000001f4       0x2c ../../../../../../hal/project/xmega128A1/hal/Release\libhal.a(hal_gpio.o)
 *(.progmem*)
 .progmem.data  0x00000220        0x3 drv_console.o
 .progmem.data  0x00000223       0xba drv_ins.o
 .progmem.data  0x000002dd      0x1c6 usr_console.o
 .progmem.data  0x000004a3      0x98b ../../../../../../rtos/project/atxmega128A1/arbitros/Release\libarbitros.a(arb_console.o)
 .progmem.data  0x00000e2e       0x3b ../../../../../../rtos/project/atxmega128A1/arbitros/Release\libarbitros.a(arb_printf.o)
 .progmem.data  0x00000e69       0x24 ../../../../../../rtos/project/atxmega128A1/arbitros/Release\libarbitros.a(arb_scheduler.o)
 .progmem.data  0x00000e8d        0x8 c:/program files (x86)/atmel/atmel studio 6.0/extensions/atmel/avrgcc/3.4.1.95/avrtoolchain/bin/../lib/gcc/avr/4.6.2/../../../../avr/lib/avrxmega7\libprintf_flt.a(vfprintf_flt.o)
 .progmem.data  0x00000e95       0xfa c:/program files (x86)/atmel/atmel studio 6.0/extensions/atmel/avrgcc/3.4.1.95/avrtoolchain/bin/../lib/gcc/avr/4.6.2/../../../../avr/lib/avrxmega7\libc.a(ftoa_engine.o)
                0x00000f90                . = ALIGN (0x2)
 *fill*         0x00000f8f        0x1 00
                0x00000f90                __trampolines_start = .
 *(.trampolines)
 .trampolines   0x00000f90        0x0 linker stubs
 *(.trampolines*)
                0x00000f90                __trampolines_end = .
 *(.jumptables)
 *(.jumptables*)
 *(.lowtext)
 *(.lowtext*)
                0x00000f90                __ctors_start = .
 *(.ctors)
                0x00000f90                __ctors_end = .
                0x00000f90                __dtors_start = .
 *(.dtors)
                0x00000f90                __dtors_end = .
 SORT(*)(.ctors)
 SORT(*)(.dtors)
 *(.init0)
 .init0         0x00000f90        0x0 c:/program files (x86)/atmel/atmel studio 6.0/extensions/atmel/avrgcc/3.4.1.95/avrtoolchain/bin/../lib/gcc/avr/4.6.2/../../../../avr/lib/avrxmega7/crtx128a1.o
                0x00000f90                __init
 *(.init0)
 *(.init1)
 *(.init1)
 *(.init2)
 .init2         0x00000f90       0x18 c:/program files (x86)/atmel/atmel studio 6.0/extensions/atmel/avrgcc/3.4.1.95/avrtoolchain/bin/../lib/gcc/avr/4.6.2/../../../../avr/lib/avrxmega7/crtx128a1.o
 *(.init2)
 *(.init3)
 *(.init3)
 *(.init4)
 .init4         0x00000fa8       0x1c c:/program files (x86)/atmel/atmel studio 6.0/extensions/atmel/avrgcc/3.4.1.95/avrtoolchain/bin/../lib/gcc/avr/4.6.2/avrxmega7\libgcc.a(_copy_data.o)
                0x00000fa8                __do_copy_data
 .init4         0x00000fc4       0x10 c:/program files (x86)/atmel/atmel studio 6.0/extensions/atmel/avrgcc/3.4.1.95/avrtoolchain/bin/../lib/gcc/avr/4.6.2/avrxmega7\libgcc.a(_clear_bss.o)
                0x00000fc4                __do_clear_bss
 *(.init4)
 *(.init5)
 *(.init5)
 *(.init6)
 *(.init6)
 *(.init7)
 *(.init7)
 *(.init8)
 *(.init8)
 *(.init9)
 .init9         0x00000fd4        0x8 c:/program files (x86)/atmel/atmel studio 6.0/extensions/atmel/avrgcc/3.4.1.95/avrtoolchain/bin/../lib/gcc/avr/4.6.2/../../../../avr/lib/avrxmega7/crtx128a1.o
 *(.init9)
 *(.text)
 .text          0x00000fdc        0x4 c:/program files (x86)/atmel/atmel studio 6.0/extensions/atmel/avrgcc/3.4.1.95/avrtoolchain/bin/../lib/gcc/avr/4.6.2/../../../../avr/lib/avrxmega7/crtx128a1.o
                0x00000fdc                __vector_38
                0x00000fdc                __vector_63
                0x00000fdc                __vector_1
                0x00000fdc                __vector_32
                0x00000fdc                __vector_71
                0x00000fdc                __vector_102
                0x00000fdc                __vector_24
                0x00000fdc                __vector_69
                0x00000fdc                __vector_90
                0x00000fdc                __bad_interrupt
                0x00000fdc                __vector_72
                0x00000fdc                __vector_31
                0x00000fdc                __vector_78
                0x00000fdc                __vector_74
                0x00000fdc                __vector_39
                0x00000fdc                __vector_68
                0x00000fdc                __vector_30
                0x00000fdc                __vector_73
                0x00000fdc                __vector_93
                0x00000fdc                __vector_11
                0x00000fdc                __vector_54
                0x00000fdc                __vector_41
                0x00000fdc                __vector_109
                0x00000fdc                __vector_27
                0x00000fdc                __vector_33
                0x00000fdc                __vector_115
                0x00000fdc                __vector_37
                0x00000fdc                __vector_103
                0x00000fdc                __vector_118
                0x00000fdc                __vector_21
                0x00000fdc                __vector_36
                0x00000fdc                __vector_70
                0x00000fdc                __vector_60
                0x00000fdc                __vector_121
                0x00000fdc                __vector_40
                0x00000fdc                __vector_48
                0x00000fdc                __vector_124
                0x00000fdc                __vector_84
                0x00000fdc                __vector_57
                0x00000fdc                __vector_10
                0x00000fdc                __vector_42
                0x00000fdc                __vector_87
 .text          0x00000fe0     0x11d2 ../../../../../../hal/project/xmega128A1/hal/Release\libhal.a(hal_gpio.o)
                0x000013b0                __vector_66
                0x0000142c                __vector_67
                0x000014a8                __vector_34
                0x00001524                __vector_35
                0x000015a0                __vector_2
                0x0000161c                __vector_3
                0x00001698                __vector_64
                0x00001714                __vector_65
                0x00001790                __vector_43
                0x0000180c                __vector_44
                0x00001888                __vector_104
                0x00001904                __vector_105
                0x00001980                __vector_96
                0x000019fc                __vector_97
                0x00001a78                __vector_98
                0x00001af4                __vector_99
                0x00001b70                __vector_100
                0x00001bec                __vector_101
                0x00001c68                __vector_94
                0x00001ce4                __vector_95
                0x00001d60                __vector_4
                0x00001ddc                __vector_5
                0x00001e58                hal_configureGpioPort
                0x00001f14                hal_requestGpioInt
                0x00002052                hal_releaseGpioInt
 .text          0x000021b2      0xea0 ../../../../../../hal/project/xmega128A1/hal/Release\libhal.a(hal_twi.o)
                0x00002534                __vector_13
                0x0000259e                __vector_12
                0x00002608                __vector_76
                0x00002672                __vector_75
                0x000026dc                __vector_46
                0x00002746                __vector_45
                0x000027b0                __vector_107
                0x0000281a                __vector_106
                0x00002884                hal_twiGetBaudRate
                0x000028dc                hal_requestTwiChannel
                0x00002984                hal_releaseTwiChannel
                0x00002a10                hal_configureTwiChannel
                0x00002c54                hal_twiMasterWrite
                0x00002e4c                hal_getTwiStatus
                0x00002e8c                hal_twiMasterRead
 .text          0x00003052     0x1968 ../../../../../../hal/project/xmega128A1/hal/Release\libhal.a(hal_uart.o)
                0x00003372                __vector_25
                0x000033de                __vector_26
                0x0000344a                __vector_28
                0x000034b6                __vector_29
                0x00003522                __vector_88
                0x0000358e                __vector_89
                0x000035fa                __vector_91
                0x00003666                __vector_92
                0x000036d2                __vector_58
                0x0000373e                __vector_59
                0x000037aa                __vector_61
                0x00003816                __vector_62
                0x00003882                __vector_119
                0x000038ee                __vector_120
                0x0000395a                __vector_122
                0x000039c6                __vector_123
                0x00003a32                hal_enableUartRxInt
                0x00003a9e                hal_disableUartRxInt
                0x00003af8                hal_uartWriteByte
                0x00003b6a                hal_uartReadBlock
                0x00003c94                hal_uartWriteBlock
                0x00003e42                hal_uartGetBaudRate
                0x00003ea8                hal_uartGetDataAddress
                0x00003f12                hal_requestUartChannel
                0x000041dc                hal_releaseUartChannel
                0x000043a8                hal_configureUartChannel
 .text          0x000049ba       0x5c ../../../../../../hal/project/xmega128A1/hal/Release\libhal.a(hal_clocks.o)
                0x000049ba                hal_getCpuFreq
                0x000049cc                hal_setCpuFreq
 .text          0x00004a16      0xe50 ../../../../../../hal/project/xmega128A1/hal/Release\libhal.a(hal_dma.o)
                0x00004a6e                __vector_6
                0x00004b04                __vector_7
                0x00004b9a                __vector_8
                0x00004c30                __vector_9
                0x00004cc6                hal_requestDmaInterrupt
                0x00004dc6                hal_releaseDmaInterrupt
                0x00004e9e                hal_requestDmaChannel
                0x00004fea                hal_releaseDmaChannel
                0x0000515c                hal_setDmaBlockSize
                0x000051cc                hal_setDmaSourceAddress
                0x00005260                hal_setDmaDestAddress
                0x000052f4                hal_getDmaStatus
                0x00005344                hal_getDmaTransferCount
                0x0000538e                hal_configureDmaChannel
                0x000055ee                hal_resetDmaController
                0x00005602                hal_dmaStartTransfer
                0x00005674                hal_getDmaIntStatus
                0x000056e0                hal_getDmaChannelId
                0x00005720                hal_clearDmaIntStatus
                0x000057b2                hal_dmaEnableChannel
                0x0000580c                hal_dmaDisableChannel
 .text          0x00005866        0xc ../../../../../../hal/project/xmega128A1/hal/Release\libhal.a(hal_pmic.o)
                0x00005866                hal_configureIntLevel
 .text          0x00005872     0x1ff6 ../../../../../../hal/project/xmega128A1/hal/Release\libhal.a(hal_timer.o)
                0x000058ca                __vector_15
                0x000058e6                __vector_16
                0x0000595c                __vector_17
                0x000059d2                __vector_18
                0x00005a48                __vector_19
                0x00005abe                __vector_14
                0x00005b34                __vector_22
                0x00005baa                __vector_23
                0x00005c20                __vector_20
                0x00005c96                __vector_79
                0x00005d0c                __vector_80
                0x00005d82                __vector_81
                0x00005df8                __vector_82
                0x00005e6e                __vector_77
                0x00005ee4                __vector_85
                0x00005f5a                __vector_86
                0x00005fd0                __vector_83
                0x00006046                __vector_49
                0x000060bc                __vector_50
                0x00006132                __vector_51
                0x000061a8                __vector_52
                0x0000621e                __vector_47
                0x00006294                __vector_55
                0x0000630a                __vector_56
                0x00006380                __vector_53
                0x000063f6                __vector_110
                0x0000646c                __vector_111
                0x000064e2                __vector_112
                0x00006558                __vector_113
                0x000065ce                __vector_108
                0x00006644                __vector_116
                0x000066ba                __vector_117
                0x00006730                __vector_114
                0x000067a6                hal_requestTimerInterrupt
                0x0000694e                hal_releaseTimerInterrupt
                0x00006afa                hal_requestTimer
                0x00006c54                hal_releaseTimer
                0x00006e4c                hal_configureTimer
                0x000070ae                hal_startTimer
                0x00007134                hal_stopTimer
                0x000071ac                hal_getTimerCount
                0x0000721c                hal_setCompareValue
                0x000072bc                hal_getPeriodValue
                0x0000732c                hal_getCompareValue
                0x000073d8                hal_getIntStatus
                0x0000749c                hal_clearIntStatus
                0x0000754a                hal_enableCompareChannel
                0x0000777a                hal_disableCompareChannel
 .text          0x00007868      0x2e0 ../../../../../../hal/project/xmega128A1/hal/Release\libhal.a(hal_watchDog.o)
                0x00007868                hal_requestWdAccess
                0x000078e6                hal_releaseWdAccess
                0x00007946                hal_configureWd
                0x00007a80                hal_wdDisable
                0x00007ad6                hal_wdEnable
 .text          0x00007b48      0x1a6 c:/program files (x86)/atmel/atmel studio 6.0/extensions/atmel/avrgcc/3.4.1.95/avrtoolchain/bin/../lib/gcc/avr/4.6.2/avrxmega7\libgcc.a(_muldi3.o)
                0x00007b48                __muldi3
 .text          0x00007cee       0xe8 c:/program files (x86)/atmel/atmel studio 6.0/extensions/atmel/avrgcc/3.4.1.95/avrtoolchain/bin/../lib/gcc/avr/4.6.2/avrxmega7\libgcc.a(_lshrdi3.o)
                0x00007cee                __lshrdi3
 .text          0x00007dd6       0xe8 c:/program files (x86)/atmel/atmel studio 6.0/extensions/atmel/avrgcc/3.4.1.95/avrtoolchain/bin/../lib/gcc/avr/4.6.2/avrxmega7\libgcc.a(_ashldi3.o)
                0x00007dd6                __ashldi3
 .text          0x00007ebe       0xd0 c:/program files (x86)/atmel/atmel studio 6.0/extensions/atmel/avrgcc/3.4.1.95/avrtoolchain/bin/../lib/gcc/avr/4.6.2/avrxmega7\libgcc.a(_ashrdi3.o)
                0x00007ebe                __ashrdi3
                0x00007f8e                . = ALIGN (0x2)
 *(.text.*)
 .text.consoleClose
                0x00007f8e       0x60 drv_console.o
 .text.consoleOpen
                0x00007fee       0x60 drv_console.o
 .text.consoleWrite
                0x0000804e       0x3a drv_console.o
 .text.consoleIoctl
                0x00008088      0x3b8 drv_console.o
 .text.rxComplete
                0x00008440       0xda drv_console.o
 .text.consoleRead
                0x0000851a       0xbe drv_console.o
 .text.drv_consoleInit
                0x000085d8      0x1ca drv_console.o
                0x000085d8                drv_consoleInit
 .text.getMagMeas
                0x000087a2       0xcc drv_ins.o
 .text.getGyroMeas
                0x0000886e       0xd4 drv_ins.o
 .text.getAccelMeas
                0x00008942       0xc0 drv_ins.o
 .text.ellipsoidFit
                0x00008a02     0x15d0 drv_ins.o
 .text.phaseError
                0x00009fd2       0xca drv_ins.o
 .text.eSKalmanResVarEst
                0x0000a09c      0x3cc drv_ins.o
 .text.eSKalmanFilterInit
                0x0000a468       0x12 drv_ins.o
 .text.eSKalmanUpdateSystemNoise
                0x0000a47a      0x2a6 drv_ins.o
 .text.eSKalmanFilterPredict
                0x0000a720      0x682 drv_ins.o
 .text.eSKalmanFilterCorrect
                0x0000ada2     0x1e32 drv_ins.o
 .text.formMeasInnov
                0x0000cbd4      0x500 drv_ins.o
 .text.limitGyroRot
                0x0000d0d4       0x60 drv_ins.o
 .text.dcmNormalize
                0x0000d134     0x159c drv_ins.o
 .text.dcmIntegration
                0x0000e6d0      0x3b0 drv_ins.o
 .text.dcmCorrect
                0x0000ea80      0x2f4 drv_ins.o
 .text.dcmInit  0x0000ed74      0x6aa drv_ins.o
 .text.dcmToEuler
                0x0000f41e      0x140 drv_ins.o
 .text.gyroDegToRad
                0x0000f55e       0xea drv_ins.o
 .text.readSensors
                0x0000f648       0x3c drv_ins.o
 .text.getRawAttitude
                0x0000f684      0x556 drv_ins.o
 .text.calcAvrDynamics
                0x0000fbda      0x61c drv_ins.o
 .text.getAttitudeInDeg
                0x000101f6      0x342 drv_ins.o
 .text.applyCalibration
                0x00010538      0xb76 drv_ins.o
 .text.checkForTrackingErrors
                0x000110ae      0x1fe drv_ins.o
 .text.insReset
                0x000112ac       0xc2 drv_ins.o
 .text.dcmUpdate
                0x0001136e      0xa34 drv_ins.o
 .text.insOpen  0x00011da2       0x40 drv_ins.o
 .text.insRead  0x00011de2       0x48 drv_ins.o
 .text.insWrite
                0x00011e2a       0x48 drv_ins.o
 .text.insIoctl
                0x00011e72     0x187e drv_ins.o
 .text.insClose
                0x000136f0       0x40 drv_ins.o
 .text.drv_insInit
                0x00013730      0x306 drv_ins.o
                0x00013730                drv_insInit
 .text.signalClose
                0x00013a36       0x40 drv_signal.o
 .text.signalIoctl
                0x00013a76     0x1658 drv_signal.o
 .text.signalOpen
                0x000150ce       0x40 drv_signal.o
 .text.drv_signalInit
                0x0001510e      0x1c0 drv_signal.o
                0x0001510e                drv_signalInit
 .text.usr_appInit
                0x000152ce       0xbe usr_appInit.o
                0x000152ce                usr_appInit
 .text.usr_sensorCal
                0x0001538c      0x602 usr_console.o
 .text.usr_console
                0x0001598e      0x1d0 usr_console.o
                0x0001598e                usr_console
 .text.usr_navError
                0x00015b5e       0x10 usr_navigation.o
 .text.usr_navActive
                0x00015b6e       0x4e usr_navigation.o
 .text.usr_navigation
                0x00015bbc       0x46 usr_navigation.o
 .text.usr_navCalComplete
                0x00015c02       0x1c usr_navigation.o
 .text.usr_navCalSampComp
                0x00015c1e       0x1c usr_navigation.o
 .text.usr_navIdle
                0x00015c3a       0x40 usr_navigation.o
 .text.usr_navDcmInit
                0x00015c7a       0x48 usr_navigation.o
 .text.usr_navAccelCal
                0x00015cc2       0x70 usr_navigation.o
 .text.usr_navMagCal
                0x00015d32       0x70 usr_navigation.o
 .text.usr_navSetState
                0x00015da2       0x44 usr_navigation.o
                0x00015da2                usr_navSetState
 .text.usr_navGetState
                0x00015de6        0x6 usr_navigation.o
                0x00015de6                usr_navGetState
 .text.usr_navGetCalSample
                0x00015dec       0x28 usr_navigation.o
                0x00015dec                usr_navGetCalSample
 .text.usr_navWaitCalSample
                0x00015e14       0x10 usr_navigation.o
                0x00015e14                usr_navWaitCalSample
 .text.usr_navGetCalStatus
                0x00015e24        0x6 usr_navigation.o
                0x00015e24                usr_navGetCalStatus
 .text.usr_navGetMagCal
                0x00015e2a      0x352 usr_navigation.o
                0x00015e2a                usr_navGetMagCal
 .text.usr_navGetAccelCal
                0x0001617c      0x352 usr_navigation.o
                0x0001617c                usr_navGetAccelCal
 .text.usr_navGetStateEst
                0x000164ce       0x40 usr_navigation.o
                0x000164ce                usr_navGetStateEst
 .text.usr_navigationInit
                0x0001650e      0x208 usr_navigation.o
                0x0001650e                usr_navigationInit
 .text.arb_console
                0x00016716     0x121a ../../../../../../rtos/project/atxmega128A1/arbitros/Release\libarbitros.a(arb_console.o)
 .text.arb_consoleInit
                0x00017930       0xce ../../../../../../rtos/project/atxmega128A1/arbitros/Release\libarbitros.a(arb_console.o)
                0x00017930                arb_consoleInit
 .text.arb_getDeviceLinkByName
                0x000179fe       0x72 ../../../../../../rtos/project/atxmega128A1/arbitros/Release\libarbitros.a(arb_device.o)
 .text.arb_getDeviceList
                0x00017a70        0xa ../../../../../../rtos/project/atxmega128A1/arbitros/Release\libarbitros.a(arb_device.o)
                0x00017a70                arb_getDeviceList
 .text.arb_open
                0x00017a7a      0x192 ../../../../../../rtos/project/atxmega128A1/arbitros/Release\libarbitros.a(arb_device.o)
                0x00017a7a                arb_open
 .text.arb_read
                0x00017c0c       0x5e ../../../../../../rtos/project/atxmega128A1/arbitros/Release\libarbitros.a(arb_device.o)
                0x00017c0c                arb_read
 .text.arb_write
                0x00017c6a       0x5e ../../../../../../rtos/project/atxmega128A1/arbitros/Release\libarbitros.a(arb_device.o)
                0x00017c6a                arb_write
 .text.arb_getDevName
                0x00017cc8       0x4a ../../../../../../rtos/project/atxmega128A1/arbitros/Release\libarbitros.a(arb_device.o)
                0x00017cc8                arb_getDevName
 .text.arb_ioctl
                0x00017d12       0x8e ../../../../../../rtos/project/atxmega128A1/arbitros/Release\libarbitros.a(arb_device.o)
                0x00017d12                arb_ioctl
 .text.arb_close
                0x00017da0       0x86 ../../../../../../rtos/project/atxmega128A1/arbitros/Release\libarbitros.a(arb_device.o)
                0x00017da0                arb_close
 .text.arb_registerDevice
                0x00017e26      0x142 ../../../../../../rtos/project/atxmega128A1/arbitros/Release\libarbitros.a(arb_device.o)
                0x00017e26                arb_registerDevice
 .text.arb_destroyDevice
                0x00017f68       0xfa ../../../../../../rtos/project/atxmega128A1/arbitros/Release\libarbitros.a(arb_device.o)
                0x00017f68                arb_destroyDevice
 .text.startup.main
                0x00018062       0x20 ../../../../../../rtos/project/atxmega128A1/arbitros/Release\libarbitros.a(arb_main.o)
                0x00018062                main
 .text.arb_setPrintfDbgLevel
                0x00018082       0x22 ../../../../../../rtos/project/atxmega128A1/arbitros/Release\libarbitros.a(arb_printf.o)
                0x00018082                arb_setPrintfDbgLevel
 .text.arb_printf
                0x000180a4      0x2b6 ../../../../../../rtos/project/atxmega128A1/arbitros/Release\libarbitros.a(arb_printf.o)
                0x000180a4                arb_printf
 .text.arb_printfFlushBuf
                0x0001835a      0x21c ../../../../../../rtos/project/atxmega128A1/arbitros/Release\libarbitros.a(arb_printf.o)
                0x0001835a                arb_printfFlushBuf
 .text.arb_printfInit
                0x00018576       0xb2 ../../../../../../rtos/project/atxmega128A1/arbitros/Release\libarbitros.a(arb_printf.o)
                0x00018576                arb_printfInit
 .text.arb_roundRobinScheduler
                0x00018628      0x3a4 ../../../../../../rtos/project/atxmega128A1/arbitros/Release\libarbitros.a(arb_scheduler.o)
 .text.arb_priorityScheduler
                0x000189cc      0x3ec ../../../../../../rtos/project/atxmega128A1/arbitros/Release\libarbitros.a(arb_scheduler.o)
 .text.arb_schedulerInit
                0x00018db8       0xc4 ../../../../../../rtos/project/atxmega128A1/arbitros/Release\libarbitros.a(arb_scheduler.o)
                0x00018db8                arb_schedulerInit
 .text.arb_schedulerStart
                0x00018e7c      0x1b0 ../../../../../../rtos/project/atxmega128A1/arbitros/Release\libarbitros.a(arb_scheduler.o)
                0x00018e7c                arb_schedulerStart
 .text.arb_getOneMinLoadingEst
                0x0001902c       0x12 ../../../../../../rtos/project/atxmega128A1/arbitros/Release\libarbitros.a(arb_scheduler.o)
                0x0001902c                arb_getOneMinLoadingEst
 .text.arb_getFiveMinLoadingEst
                0x0001903e       0x12 ../../../../../../rtos/project/atxmega128A1/arbitros/Release\libarbitros.a(arb_scheduler.o)
                0x0001903e                arb_getFiveMinLoadingEst
 .text.arb_yieldFromSignalActiveInt
                0x00019050      0x138 ../../../../../../rtos/project/atxmega128A1/arbitros/Release\libarbitros.a(arb_semaphore.o)
 .text.arb_yieldFromSignalIntsOn
                0x00019188      0x138 ../../../../../../rtos/project/atxmega128A1/arbitros/Release\libarbitros.a(arb_semaphore.o)
 .text.arb_yieldFromSignalIntsOff
                0x000192c0      0x12e ../../../../../../rtos/project/atxmega128A1/arbitros/Release\libarbitros.a(arb_semaphore.o)
 .text.arb_yieldFromWaitIntsOn
                0x000193ee      0x182 ../../../../../../rtos/project/atxmega128A1/arbitros/Release\libarbitros.a(arb_semaphore.o)
 .text.arb_yieldFromWaitIntsOff
                0x00019570      0x178 ../../../../../../rtos/project/atxmega128A1/arbitros/Release\libarbitros.a(arb_semaphore.o)
 .text.arb_wait
                0x000196e8       0xe0 ../../../../../../rtos/project/atxmega128A1/arbitros/Release\libarbitros.a(arb_semaphore.o)
                0x000196e8                arb_wait
 .text.arb_signal
                0x000197c8      0x380 ../../../../../../rtos/project/atxmega128A1/arbitros/Release\libarbitros.a(arb_semaphore.o)
                0x000197c8                arb_signal
 .text.arb_semaphoreCreate
                0x00019b48       0xa8 ../../../../../../rtos/project/atxmega128A1/arbitros/Release\libarbitros.a(arb_semaphore.o)
                0x00019b48                arb_semaphoreCreate
 .text.arb_semaphoreDestroy
                0x00019bf0       0xee ../../../../../../rtos/project/atxmega128A1/arbitros/Release\libarbitros.a(arb_semaphore.o)
                0x00019bf0                arb_semaphoreDestroy
 .text.updateSystemTime
                0x00019cde      0x2a0 ../../../../../../rtos/project/atxmega128A1/arbitros/Release\libarbitros.a(arb_sysTimer.o)
 .text.sysTimerInterrupt
                0x00019f7e      0x15a ../../../../../../rtos/project/atxmega128A1/arbitros/Release\libarbitros.a(arb_sysTimer.o)
 .text.arb_sysMsecNow
                0x0001a0d8       0x22 ../../../../../../rtos/project/atxmega128A1/arbitros/Release\libarbitros.a(arb_sysTimer.o)
                0x0001a0d8                arb_sysMsecNow
 .text.arb_sysMsecDelta
                0x0001a0fa      0x152 ../../../../../../rtos/project/atxmega128A1/arbitros/Release\libarbitros.a(arb_sysTimer.o)
                0x0001a0fa                arb_sysMsecDelta
 .text.arb_sysTimerEnabled
                0x0001a24c        0x6 ../../../../../../rtos/project/atxmega128A1/arbitros/Release\libarbitros.a(arb_sysTimer.o)
                0x0001a24c                arb_sysTimerEnabled
 .text.arb_sysTimeNow
                0x0001a252      0x302 ../../../../../../rtos/project/atxmega128A1/arbitros/Release\libarbitros.a(arb_sysTimer.o)
                0x0001a252                arb_sysTimeNow
 .text.arb_setSysTime
                0x0001a554       0x5a ../../../../../../rtos/project/atxmega128A1/arbitros/Release\libarbitros.a(arb_sysTimer.o)
                0x0001a554                arb_setSysTime
 .text.arb_resetSysTime
                0x0001a5ae       0x40 ../../../../../../rtos/project/atxmega128A1/arbitros/Release\libarbitros.a(arb_sysTimer.o)
                0x0001a5ae                arb_resetSysTime
 .text.arb_sysTimerStart
                0x0001a5ee       0x22 ../../../../../../rtos/project/atxmega128A1/arbitros/Release\libarbitros.a(arb_sysTimer.o)
                0x0001a5ee                arb_sysTimerStart
 .text.arb_sysTimerInit
                0x0001a610       0x88 ../../../../../../rtos/project/atxmega128A1/arbitros/Release\libarbitros.a(arb_sysTimer.o)
                0x0001a610                arb_sysTimerInit
 .text.arb_yieldFromSleepIntsOn
                0x0001a698      0x138 ../../../../../../rtos/project/atxmega128A1/arbitros/Release\libarbitros.a(arb_thread.o)
 .text.arb_yieldFromSleepIntsOff
                0x0001a7d0      0x12e ../../../../../../rtos/project/atxmega128A1/arbitros/Release\libarbitros.a(arb_thread.o)
 .text.arb_updateSleepingThreads
                0x0001a8fe       0x62 ../../../../../../rtos/project/atxmega128A1/arbitros/Release\libarbitros.a(arb_thread.o)
                0x0001a8fe                arb_updateSleepingThreads
 .text.arb_sleep
                0x0001a960       0x4c ../../../../../../rtos/project/atxmega128A1/arbitros/Release\libarbitros.a(arb_thread.o)
                0x0001a960                arb_sleep
 .text.arb_threadCreate
                0x0001a9ac      0x136 ../../../../../../rtos/project/atxmega128A1/arbitros/Release\libarbitros.a(arb_thread.o)
                0x0001a9ac                arb_threadCreate
 .text.hal_initThreadStack
                0x0001aae2      0x10c ../../../../../../rtos/project/atxmega128A1/arbitros/Release\libarbitros.a(hal_initThreadStack.o)
                0x0001aae2                hal_initThreadStack
 .text.arb_stackOverflow
                0x0001abee       0x68 ../../../../../../rtos/project/atxmega128A1/arbitros/Release\libarbitros.a(arb_error.o)
                0x0001abee                arb_stackOverflow
 .text.arb_idle
                0x0001ac56      0x124 ../../../../../../rtos/project/atxmega128A1/arbitros/Release\libarbitros.a(arb_idle.o)
                0x0001ac56                arb_idle
 .text.arb_idleInit
                0x0001ad7a       0x6c ../../../../../../rtos/project/atxmega128A1/arbitros/Release\libarbitros.a(arb_idle.o)
                0x0001ad7a                arb_idleInit
 .text.utl_getBufferFullLevel
                0x0001ade6       0x28 ../../../../../../utilities/project/atxmega128A1/utilities/Release\libutilities.a(utl_buffer.o)
                0x0001ade6                utl_getBufferFullLevel
 .text.utl_getBufferSize
                0x0001ae0e       0x28 ../../../../../../utilities/project/atxmega128A1/utilities/Release\libutilities.a(utl_buffer.o)
                0x0001ae0e                utl_getBufferSize
 .text.utl_getBufferPtr
                0x0001ae36       0x28 ../../../../../../utilities/project/atxmega128A1/utilities/Release\libutilities.a(utl_buffer.o)
                0x0001ae36                utl_getBufferPtr
 .text.utl_writeByte
                0x0001ae5e       0x54 ../../../../../../utilities/project/atxmega128A1/utilities/Release\libutilities.a(utl_buffer.o)
                0x0001ae5e                utl_writeByte
 .text.utl_incrBufRdPtr
                0x0001aeb2       0x4e ../../../../../../utilities/project/atxmega128A1/utilities/Release\libutilities.a(utl_buffer.o)
                0x0001aeb2                utl_incrBufRdPtr
 .text.utl_getBufRdPtr
                0x0001af00       0x28 ../../../../../../utilities/project/atxmega128A1/utilities/Release\libutilities.a(utl_buffer.o)
                0x0001af00                utl_getBufRdPtr
 .text.utl_writeBlock
                0x0001af28       0xb0 ../../../../../../utilities/project/atxmega128A1/utilities/Release\libutilities.a(utl_buffer.o)
                0x0001af28                utl_writeBlock
 .text.utl_buffEraseTailByte
                0x0001afd8       0x54 ../../../../../../utilities/project/atxmega128A1/utilities/Release\libutilities.a(utl_buffer.o)
                0x0001afd8                utl_buffEraseTailByte
 .text.utl_readBlock
                0x0001b02c       0xb2 ../../../../../../utilities/project/atxmega128A1/utilities/Release\libutilities.a(utl_buffer.o)
                0x0001b02c                utl_readBlock
 .text.ult_resetBuffer
                0x0001b0de       0x30 ../../../../../../utilities/project/atxmega128A1/utilities/Release\libutilities.a(utl_buffer.o)
                0x0001b0de                ult_resetBuffer
 .text.utl_createBuffer
                0x0001b10e       0x9e ../../../../../../utilities/project/atxmega128A1/utilities/Release\libutilities.a(utl_buffer.o)
                0x0001b10e                utl_createBuffer
 .text.utl_destroyBuffer
                0x0001b1ac       0x42 ../../../../../../utilities/project/atxmega128A1/utilities/Release\libutilities.a(utl_buffer.o)
                0x0001b1ac                utl_destroyBuffer
 .text.utl_createContainer
                0x0001b1ee       0x86 ../../../../../../utilities/project/atxmega128A1/utilities/Release\libutilities.a(utl_linkedlist.o)
                0x0001b1ee                utl_createContainer
 .text.utl_destroyContainer
                0x0001b274       0x8c ../../../../../../utilities/project/atxmega128A1/utilities/Release\libutilities.a(utl_linkedlist.o)
                0x0001b274                utl_destroyContainer
 .text.utl_createLink
                0x0001b300       0xc8 ../../../../../../utilities/project/atxmega128A1/utilities/Release\libutilities.a(utl_linkedlist.o)
                0x0001b300                utl_createLink
 .text.utl_insertLink
                0x0001b3c8       0xda ../../../../../../utilities/project/atxmega128A1/utilities/Release\libutilities.a(utl_linkedlist.o)
                0x0001b3c8                utl_insertLink
 .text.utl_destroyLink
                0x0001b4a2      0x164 ../../../../../../utilities/project/atxmega128A1/utilities/Release\libutilities.a(utl_linkedlist.o)
                0x0001b4a2                utl_destroyLink
 .text.utl_removeLink
                0x0001b606      0x112 ../../../../../../utilities/project/atxmega128A1/utilities/Release\libutilities.a(utl_linkedlist.o)
                0x0001b606                utl_removeLink
 .text.utl_cos16_16
                0x0001b718       0xcc ../../../../../../utilities/project/atxmega128A1/utilities/Release\libutilities.a(utl_math.o)
                0x0001b718                utl_cos16_16
 .text.utl_sin16_16
                0x0001b7e4       0x28 ../../../../../../utilities/project/atxmega128A1/utilities/Release\libutilities.a(utl_math.o)
                0x0001b7e4                utl_sin16_16
 .text.utl_sqrt32_32
                0x0001b80c      0x1c4 ../../../../../../utilities/project/atxmega128A1/utilities/Release\libutilities.a(utl_math.o)
                0x0001b80c                utl_sqrt32_32
 .text.utl_atan2_16
                0x0001b9d0      0x282 ../../../../../../utilities/project/atxmega128A1/utilities/Release\libutilities.a(utl_math.o)
                0x0001b9d0                utl_atan2_16
 .text.utl_mult16x16_16
                0x0001bc52       0xcc ../../../../../../utilities/project/atxmega128A1/utilities/Release\libutilities.a(utl_math.o)
                0x0001bc52                utl_mult16x16_16
 .text.utl_mult16x16_32
                0x0001bd1e       0x94 ../../../../../../utilities/project/atxmega128A1/utilities/Release\libutilities.a(utl_math.o)
                0x0001bd1e                utl_mult16x16_32
 .text.utl_mult32x32_32
                0x0001bdb2      0x280 ../../../../../../utilities/project/atxmega128A1/utilities/Release\libutilities.a(utl_math.o)
                0x0001bdb2                utl_mult32x32_32
 .text.utl_div16x16_16
                0x0001c032       0x2c ../../../../../../utilities/project/atxmega128A1/utilities/Release\libutilities.a(utl_math.o)
                0x0001c032                utl_div16x16_16
 .text.utl_mac16x16_32
                0x0001c05e       0x84 ../../../../../../utilities/project/atxmega128A1/utilities/Release\libutilities.a(utl_math.o)
                0x0001c05e                utl_mac16x16_32
 .text.utl_vMult16x16_32
                0x0001c0e2      0x12a ../../../../../../utilities/project/atxmega128A1/utilities/Release\libutilities.a(utl_math.o)
                0x0001c0e2                utl_vMult16x16_32
 .text.utl_matMult16x16_16
                0x0001c20c      0x1cc ../../../../../../utilities/project/atxmega128A1/utilities/Release\libutilities.a(utl_math.o)
                0x0001c20c                utl_matMult16x16_16
 .text.utl_matTrans16
                0x0001c3d8       0x98 ../../../../../../utilities/project/atxmega128A1/utilities/Release\libutilities.a(utl_math.o)
                0x0001c3d8                utl_matTrans16
 .text.utl_matMultF
                0x0001c470      0x206 ../../../../../../utilities/project/atxmega128A1/utilities/Release\libutilities.a(utl_math.o)
                0x0001c470                utl_matMultF
 .text.utl_matInvF
                0x0001c676      0x8ea ../../../../../../utilities/project/atxmega128A1/utilities/Release\libutilities.a(utl_math.o)
                0x0001c676                utl_matInvF
 .text.utl_matTransF
                0x0001cf60      0x146 ../../../../../../utilities/project/atxmega128A1/utilities/Release\libutilities.a(utl_math.o)
                0x0001cf60                utl_matTransF
 .text.utl_matEyeF
                0x0001d0a6      0x11e ../../../../../../utilities/project/atxmega128A1/utilities/Release\libutilities.a(utl_math.o)
                0x0001d0a6                utl_matEyeF
 .text.utl_normF
                0x0001d1c4      0x10a ../../../../../../utilities/project/atxmega128A1/utilities/Release\libutilities.a(utl_math.o)
                0x0001d1c4                utl_normF
 .text.utl_matScalerMultF
                0x0001d2ce       0xee ../../../../../../utilities/project/atxmega128A1/utilities/Release\libutilities.a(utl_math.o)
                0x0001d2ce                utl_matScalerMultF
 .text.utl_matSubF
                0x0001d3bc      0x12a ../../../../../../utilities/project/atxmega128A1/utilities/Release\libutilities.a(utl_math.o)
                0x0001d3bc                utl_matSubF
 .text.utl_matEigsF
                0x0001d4e6      0x46e ../../../../../../utilities/project/atxmega128A1/utilities/Release\libutilities.a(utl_math.o)
                0x0001d4e6                utl_matEigsF
 .text.utl_stMnChangeState
                0x0001d954       0x94 ../../../../../../utilities/project/atxmega128A1/utilities/Release\libutilities.a(utl_stateMachine.o)
                0x0001d954                utl_stMnChangeState
 .text.utl_stMnEngine
                0x0001d9e8       0x64 ../../../../../../utilities/project/atxmega128A1/utilities/Release\libutilities.a(utl_stateMachine.o)
                0x0001d9e8                utl_stMnEngine
 .text.utl_stMnPopFunMap
                0x0001da4c       0x70 ../../../../../../utilities/project/atxmega128A1/utilities/Release\libutilities.a(utl_stateMachine.o)
                0x0001da4c                utl_stMnPopFunMap
 .text.utl_stMnPopTransMap
                0x0001dabc       0x8c ../../../../../../utilities/project/atxmega128A1/utilities/Release\libutilities.a(utl_stateMachine.o)
                0x0001dabc                utl_stMnPopTransMap
 .text.utl_requestStMnObject
                0x0001db48       0xde ../../../../../../utilities/project/atxmega128A1/utilities/Release\libutilities.a(utl_stateMachine.o)
                0x0001db48                utl_requestStMnObject
 .text.avr-libc
                0x0001dc26      0x75e c:/program files (x86)/atmel/atmel studio 6.0/extensions/atmel/avrgcc/3.4.1.95/avrtoolchain/bin/../lib/gcc/avr/4.6.2/../../../../avr/lib/avrxmega7\libprintf_flt.a(vfprintf_flt.o)
                0x0001dc26                vfprintf
 .text.avr-libc.fplib
                0x0001e384        0xa c:/program files (x86)/atmel/atmel studio 6.0/extensions/atmel/avrgcc/3.4.1.95/avrtoolchain/bin/../lib/gcc/avr/4.6.2/../../../../avr/lib/avrxmega7\libm.a(addsf3.o)
                0x0001e384                __subsf3
                0x0001e386                __addsf3
 .text.avr-libc.fplib
                0x0001e38e       0xc0 c:/program files (x86)/atmel/atmel studio 6.0/extensions/atmel/avrgcc/3.4.1.95/avrtoolchain/bin/../lib/gcc/avr/4.6.2/../../../../avr/lib/avrxmega7\libm.a(addsf3x.o)
                0x0001e3a8                __addsf3x
 .text.avr-libc.fplib
                0x0001e44e        0x8 c:/program files (x86)/atmel/atmel studio 6.0/extensions/atmel/avrgcc/3.4.1.95/avrtoolchain/bin/../lib/gcc/avr/4.6.2/../../../../avr/lib/avrxmega7\libm.a(cmpsf2.o)
                0x0001e44e                __nesf2
                0x0001e44e                __eqsf2
                0x0001e44e                __cmpsf2
                0x0001e44e                __ltsf2
                0x0001e44e                __lesf2
 .text.avr-libc.fplib
                0x0001e456        0x4 c:/program files (x86)/atmel/atmel studio 6.0/extensions/atmel/avrgcc/3.4.1.95/avrtoolchain/bin/../lib/gcc/avr/4.6.2/../../../../avr/lib/avrxmega7\libm.a(divsf3.o)
                0x0001e456                __divsf3
 .text.avr-libc.fplib
                0x0001e45a       0xcc c:/program files (x86)/atmel/atmel studio 6.0/extensions/atmel/avrgcc/3.4.1.95/avrtoolchain/bin/../lib/gcc/avr/4.6.2/../../../../avr/lib/avrxmega7\libm.a(divsf3x.o)
                0x0001e470                __divsf3x
                0x0001e474                __divsf3_pse
 .text.avr-libc.fplib
                0x0001e526       0x74 c:/program files (x86)/atmel/atmel studio 6.0/extensions/atmel/avrgcc/3.4.1.95/avrtoolchain/bin/../lib/gcc/avr/4.6.2/../../../../avr/lib/avrxmega7\libm.a(fixsfdi.o)
                0x0001e526                __fixsfdi
                0x0001e530                __fixunssfdi
 .text.avr-libc.fplib
                0x0001e59a        0xa c:/program files (x86)/atmel/atmel studio 6.0/extensions/atmel/avrgcc/3.4.1.95/avrtoolchain/bin/../lib/gcc/avr/4.6.2/../../../../avr/lib/avrxmega7\libm.a(fixsfsi.o)
                0x0001e59a                __fixsfsi
 .text.avr-libc.fplib
                0x0001e5a4       0x58 c:/program files (x86)/atmel/atmel studio 6.0/extensions/atmel/avrgcc/3.4.1.95/avrtoolchain/bin/../lib/gcc/avr/4.6.2/../../../../avr/lib/avrxmega7\libm.a(fixunssfsi.o)
                0x0001e5a4                __fixunssfsi
 .text.avr-libc.fplib
                0x0001e5fc       0x7a c:/program files (x86)/atmel/atmel studio 6.0/extensions/atmel/avrgcc/3.4.1.95/avrtoolchain/bin/../lib/gcc/avr/4.6.2/../../../../avr/lib/avrxmega7\libm.a(floatsisf.o)
                0x0001e5fc                __floatunsisf
                0x0001e600                __floatsisf
 .text.avr-libc.fplib
                0x0001e676       0x7c c:/program files (x86)/atmel/atmel studio 6.0/extensions/atmel/avrgcc/3.4.1.95/avrtoolchain/bin/../lib/gcc/avr/4.6.2/../../../../avr/lib/avrxmega7\libm.a(floatundisf.o)
                0x0001e676                __floatundisf
                0x0001e678                __fp_di2sf
 .text.avr-libc.fplib
                0x0001e6f2       0x48 c:/program files (x86)/atmel/atmel studio 6.0/extensions/atmel/avrgcc/3.4.1.95/avrtoolchain/bin/../lib/gcc/avr/4.6.2/../../../../avr/lib/avrxmega7\libm.a(fp_cmp.o)
                0x0001e6f2                __fp_cmp
 .text.avr-libc.fplib
                0x0001e73a        0xc c:/program files (x86)/atmel/atmel studio 6.0/extensions/atmel/avrgcc/3.4.1.95/avrtoolchain/bin/../lib/gcc/avr/4.6.2/../../../../avr/lib/avrxmega7\libm.a(fp_inf.o)
                0x0001e73a                __fp_inf
 .text.avr-libc.fplib
                0x0001e746        0x6 c:/program files (x86)/atmel/atmel studio 6.0/extensions/atmel/avrgcc/3.4.1.95/avrtoolchain/bin/../lib/gcc/avr/4.6.2/../../../../avr/lib/avrxmega7\libm.a(fp_nan.o)
                0x0001e746                __fp_nan
 .text.avr-libc.fplib
                0x0001e74c       0x20 c:/program files (x86)/atmel/atmel studio 6.0/extensions/atmel/avrgcc/3.4.1.95/avrtoolchain/bin/../lib/gcc/avr/4.6.2/../../../../avr/lib/avrxmega7\libm.a(fp_negdi.o)
                0x0001e74c                __fp_negdi
 .text.avr-libc.fplib
                0x0001e76c        0xe c:/program files (x86)/atmel/atmel studio 6.0/extensions/atmel/avrgcc/3.4.1.95/avrtoolchain/bin/../lib/gcc/avr/4.6.2/../../../../avr/lib/avrxmega7\libm.a(fp_pscA.o)
                0x0001e76c                __fp_pscA
 .text.avr-libc.fplib
                0x0001e77a        0xe c:/program files (x86)/atmel/atmel studio 6.0/extensions/atmel/avrgcc/3.4.1.95/avrtoolchain/bin/../lib/gcc/avr/4.6.2/../../../../avr/lib/avrxmega7\libm.a(fp_pscB.o)
                0x0001e77a                __fp_pscB
 .text.avr-libc.fplib
                0x0001e788       0x22 c:/program files (x86)/atmel/atmel studio 6.0/extensions/atmel/avrgcc/3.4.1.95/avrtoolchain/bin/../lib/gcc/avr/4.6.2/../../../../avr/lib/avrxmega7\libm.a(fp_round.o)
                0x0001e788                __fp_round
 .text.avr-libc.fplib
                0x0001e7aa       0x44 c:/program files (x86)/atmel/atmel studio 6.0/extensions/atmel/avrgcc/3.4.1.95/avrtoolchain/bin/../lib/gcc/avr/4.6.2/../../../../avr/lib/avrxmega7\libm.a(fp_split3.o)
                0x0001e7aa                __fp_split3
                0x0001e7ba                __fp_splitA
 .text.avr-libc.fplib
                0x0001e7ee        0xe c:/program files (x86)/atmel/atmel studio 6.0/extensions/atmel/avrgcc/3.4.1.95/avrtoolchain/bin/../lib/gcc/avr/4.6.2/../../../../avr/lib/avrxmega7\libm.a(fp_zero.o)
                0x0001e7ee                __fp_zero
                0x0001e7f0                __fp_szero
 .text.avr-libc.fplib
                0x0001e7fc        0x8 c:/program files (x86)/atmel/atmel studio 6.0/extensions/atmel/avrgcc/3.4.1.95/avrtoolchain/bin/../lib/gcc/avr/4.6.2/../../../../avr/lib/avrxmega7\libm.a(gesf2.o)
                0x0001e7fc                __gesf2
                0x0001e7fc                __gtsf2
 .text.avr-libc.fplib
                0x0001e804        0x4 c:/program files (x86)/atmel/atmel studio 6.0/extensions/atmel/avrgcc/3.4.1.95/avrtoolchain/bin/../lib/gcc/avr/4.6.2/../../../../avr/lib/avrxmega7\libm.a(mulsf3.o)
                0x0001e804                __mulsf3
 .text.avr-libc.fplib
                0x0001e808       0xc2 c:/program files (x86)/atmel/atmel studio 6.0/extensions/atmel/avrgcc/3.4.1.95/avrtoolchain/bin/../lib/gcc/avr/4.6.2/../../../../avr/lib/avrxmega7\libm.a(mulsf3x.o)
                0x0001e81c                __mulsf3x
                0x0001e820                __mulsf3_pse
 .text.avr-libc.fplib
                0x0001e8ca       0x84 c:/program files (x86)/atmel/atmel studio 6.0/extensions/atmel/avrgcc/3.4.1.95/avrtoolchain/bin/../lib/gcc/avr/4.6.2/../../../../avr/lib/avrxmega7\libm.a(sqrt.o)
                0x0001e8d2                sqrt
 .text.avr-libc.fplib
                0x0001e94e       0x1c c:/program files (x86)/atmel/atmel studio 6.0/extensions/atmel/avrgcc/3.4.1.95/avrtoolchain/bin/../lib/gcc/avr/4.6.2/../../../../avr/lib/avrxmega7\libm.a(fp_mpack.o)
                0x0001e94e                __fp_mpack
                0x0001e952                __fp_mpack_finite
 .text.avr-libc.fplib
                0x0001e96a        0xe c:/program files (x86)/atmel/atmel studio 6.0/extensions/atmel/avrgcc/3.4.1.95/avrtoolchain/bin/../lib/gcc/avr/4.6.2/../../../../avr/lib/avrxmega7\libm.a(fp_norm2.o)
                0x0001e96a                __fp_norm2
 .text.avr-libc
                0x0001e978      0x25e c:/program files (x86)/atmel/atmel studio 6.0/extensions/atmel/avrgcc/3.4.1.95/avrtoolchain/bin/../lib/gcc/avr/4.6.2/../../../../avr/lib/avrxmega7\libc.a(malloc.o)
                0x0001e978                malloc
                0x0001eaa4                free
 .text.avr-libc
                0x0001ebd6       0x3c c:/program files (x86)/atmel/atmel studio 6.0/extensions/atmel/avrgcc/3.4.1.95/avrtoolchain/bin/../lib/gcc/avr/4.6.2/../../../../avr/lib/avrxmega7\libc.a(atoi.o)
                0x0001ebd6                atoi
 .text.avr-libc
                0x0001ec12        0x6 c:/program files (x86)/atmel/atmel studio 6.0/extensions/atmel/avrgcc/3.4.1.95/avrtoolchain/bin/../lib/gcc/avr/4.6.2/../../../../avr/lib/avrxmega7\libc.a(exit.o)
                0x0001ec12                exit
 .text.avr-libc
                0x0001ec18      0x1b0 c:/program files (x86)/atmel/atmel studio 6.0/extensions/atmel/avrgcc/3.4.1.95/avrtoolchain/bin/../lib/gcc/avr/4.6.2/../../../../avr/lib/avrxmega7\libc.a(ftoa_engine.o)
                0x0001ec18                __ftoa_engine
 .text.avr-libc
                0x0001edc8       0x26 c:/program files (x86)/atmel/atmel studio 6.0/extensions/atmel/avrgcc/3.4.1.95/avrtoolchain/bin/../lib/gcc/avr/4.6.2/../../../../avr/lib/avrxmega7\libc.a(strcasecmp_P.o)
                0x0001edc8                strcasecmp_P
 .text.avr-libc
                0x0001edee       0x16 c:/program files (x86)/atmel/atmel studio 6.0/extensions/atmel/avrgcc/3.4.1.95/avrtoolchain/bin/../lib/gcc/avr/4.6.2/../../../../avr/lib/avrxmega7\libc.a(strnlen_P.o)
                0x0001edee                strnlen_P
 .text.avr-libc
                0x0001ee04        0xa c:/program files (x86)/atmel/atmel studio 6.0/extensions/atmel/avrgcc/3.4.1.95/avrtoolchain/bin/../lib/gcc/avr/4.6.2/../../../../avr/lib/avrxmega7\libc.a(strtok.o)
                0x0001ee04                strtok
 .text.avr-libc
                0x0001ee0e       0x12 c:/program files (x86)/atmel/atmel studio 6.0/extensions/atmel/avrgcc/3.4.1.95/avrtoolchain/bin/../lib/gcc/avr/4.6.2/../../../../avr/lib/avrxmega7\libc.a(memcpy.o)
                0x0001ee0e                memcpy
 .text.avr-libc
                0x0001ee20        0xe c:/program files (x86)/atmel/atmel studio 6.0/extensions/atmel/avrgcc/3.4.1.95/avrtoolchain/bin/../lib/gcc/avr/4.6.2/../../../../avr/lib/avrxmega7\libc.a(memset.o)
                0x0001ee20                memset
 .text.avr-libc
                0x0001ee2e       0x26 c:/program files (x86)/atmel/atmel studio 6.0/extensions/atmel/avrgcc/3.4.1.95/avrtoolchain/bin/../lib/gcc/avr/4.6.2/../../../../avr/lib/avrxmega7\libc.a(strcasecmp.o)
                0x0001ee2e                strcasecmp
 .text.avr-libc
                0x0001ee54       0x16 c:/program files (x86)/atmel/atmel studio 6.0/extensions/atmel/avrgcc/3.4.1.95/avrtoolchain/bin/../lib/gcc/avr/4.6.2/../../../../avr/lib/avrxmega7\libc.a(strchr.o)
                0x0001ee54                strchr
 .text.avr-libc
                0x0001ee6a       0x12 c:/program files (x86)/atmel/atmel studio 6.0/extensions/atmel/avrgcc/3.4.1.95/avrtoolchain/bin/../lib/gcc/avr/4.6.2/../../../../avr/lib/avrxmega7\libc.a(strcmp.o)
                0x0001ee6a                strcmp
 .text.avr-libc
                0x0001ee7c        0xe c:/program files (x86)/atmel/atmel studio 6.0/extensions/atmel/avrgcc/3.4.1.95/avrtoolchain/bin/../lib/gcc/avr/4.6.2/../../../../avr/lib/avrxmega7\libc.a(strcpy.o)
                0x0001ee7c                strcpy
 .text.avr-libc
                0x0001ee8a       0x1e c:/program files (x86)/atmel/atmel studio 6.0/extensions/atmel/avrgcc/3.4.1.95/avrtoolchain/bin/../lib/gcc/avr/4.6.2/../../../../avr/lib/avrxmega7\libc.a(strncpy.o)
                0x0001ee8a                strncpy
 .text.avr-libc
                0x0001eea8       0x16 c:/program files (x86)/atmel/atmel studio 6.0/extensions/atmel/avrgcc/3.4.1.95/avrtoolchain/bin/../lib/gcc/avr/4.6.2/../../../../avr/lib/avrxmega7\libc.a(strnlen.o)
                0x0001eea8                strnlen
 .text.avr-libc
                0x0001eebe       0x4e c:/program files (x86)/atmel/atmel studio 6.0/extensions/atmel/avrgcc/3.4.1.95/avrtoolchain/bin/../lib/gcc/avr/4.6.2/../../../../avr/lib/avrxmega7\libc.a(strtok_r.o)
                0x0001eebe                strtok_r
 .text.avr-libc
                0x0001ef0c       0x10 c:/program files (x86)/atmel/atmel studio 6.0/extensions/atmel/avrgcc/3.4.1.95/avrtoolchain/bin/../lib/gcc/avr/4.6.2/../../../../avr/lib/avrxmega7\libc.a(mul10.o)
                0x0001ef0c                __mulhi_const_10
 .text.avr-libc
                0x0001ef1c       0x58 c:/program files (x86)/atmel/atmel studio 6.0/extensions/atmel/avrgcc/3.4.1.95/avrtoolchain/bin/../lib/gcc/avr/4.6.2/../../../../avr/lib/avrxmega7\libc.a(fputc.o)
                0x0001ef1c                fputc
 .text.avr-libc
                0x0001ef74       0x52 c:/program files (x86)/atmel/atmel studio 6.0/extensions/atmel/avrgcc/3.4.1.95/avrtoolchain/bin/../lib/gcc/avr/4.6.2/../../../../avr/lib/avrxmega7\libc.a(sprintf.o)
                0x0001ef74                sprintf
 .text.avr-libc
                0x0001efc6       0x52 c:/program files (x86)/atmel/atmel studio 6.0/extensions/atmel/avrgcc/3.4.1.95/avrtoolchain/bin/../lib/gcc/avr/4.6.2/../../../../avr/lib/avrxmega7\libc.a(sprintf_p.o)
                0x0001efc6                sprintf_P
 .text.avr-libc
                0x0001f018       0xbc c:/program files (x86)/atmel/atmel studio 6.0/extensions/atmel/avrgcc/3.4.1.95/avrtoolchain/bin/../lib/gcc/avr/4.6.2/../../../../avr/lib/avrxmega7\libc.a(ultoa_invert.o)
                0x0001f018                __ultoa_invert
 .text.arb_createMemIntsOn
                0x0001f0d4      0x164 ../../../../../../rtos/project/atxmega128A1/arbitros/Release\libarbitros.a(arb_memory.o)
 .text.arb_createMemIntsOff
                0x0001f238      0x15a ../../../../../../rtos/project/atxmega128A1/arbitros/Release\libarbitros.a(arb_memory.o)
 .text.arb_malloc
                0x0001f392       0x68 ../../../../../../rtos/project/atxmega128A1/arbitros/Release\libarbitros.a(arb_memory.o)
                0x0001f392                arb_malloc
 .text.arb_free
                0x0001f3fa       0x48 ../../../../../../rtos/project/atxmega128A1/arbitros/Release\libarbitros.a(arb_memory.o)
                0x0001f3fa                arb_free
 .text.libgcc   0x0001f442       0x3e c:/program files (x86)/atmel/atmel studio 6.0/extensions/atmel/avrgcc/3.4.1.95/avrtoolchain/bin/../lib/gcc/avr/4.6.2/avrxmega7\libgcc.a(_mulsi3.o)
                0x0001f442                __mulsi3
 .text.libgcc   0x0001f480       0x44 c:/program files (x86)/atmel/atmel studio 6.0/extensions/atmel/avrgcc/3.4.1.95/avrtoolchain/bin/../lib/gcc/avr/4.6.2/avrxmega7\libgcc.a(_udivmodsi4.o)
                0x0001f480                __udivmodsi4
 .text.libgcc   0x0001f4c4       0x36 c:/program files (x86)/atmel/atmel studio 6.0/extensions/atmel/avrgcc/3.4.1.95/avrtoolchain/bin/../lib/gcc/avr/4.6.2/avrxmega7\libgcc.a(_divmodsi4.o)
                0x0001f4c4                __divmodsi4
 .text.libgcc   0x0001f4fa       0x32 c:/program files (x86)/atmel/atmel studio 6.0/extensions/atmel/avrgcc/3.4.1.95/avrtoolchain/bin/../lib/gcc/avr/4.6.2/avrxmega7\libgcc.a(_prologue.o)
                0x0001f4fa                __prologue_saves__
 .text.libgcc   0x0001f52c       0x30 c:/program files (x86)/atmel/atmel studio 6.0/extensions/atmel/avrgcc/3.4.1.95/avrtoolchain/bin/../lib/gcc/avr/4.6.2/avrxmega7\libgcc.a(_epilogue.o)
                0x0001f52c                __epilogue_restores__
                0x0001f55c                . = ALIGN (0x2)
 *(.fini9)
 .fini9         0x0001f55c        0x0 c:/program files (x86)/atmel/atmel studio 6.0/extensions/atmel/avrgcc/3.4.1.95/avrtoolchain/bin/../lib/gcc/avr/4.6.2/avrxmega7\libgcc.a(_exit.o)
                0x0001f55c                _exit
 *(.fini9)
 *(.fini8)
 *(.fini8)
 *(.fini7)
 *(.fini7)
 *(.fini6)
 *(.fini6)
 *(.fini5)
 *(.fini5)
 *(.fini4)
 *(.fini4)
 *(.fini3)
 *(.fini3)
 *(.fini2)
 *(.fini2)
 *(.fini1)
 *(.fini1)
 *(.fini0)
 .fini0         0x0001f55c        0x4 c:/program files (x86)/atmel/atmel studio 6.0/extensions/atmel/avrgcc/3.4.1.95/avrtoolchain/bin/../lib/gcc/avr/4.6.2/avrxmega7\libgcc.a(_exit.o)
 *(.fini0)
                0x0001f560                _etext = .

.data           0x00802000      0x3d8 load address 0x0001f560
                0x00802000                PROVIDE (__data_start, .)
 *(.data)
 .data          0x00802000        0x0 c:/program files (x86)/atmel/atmel studio 6.0/extensions/atmel/avrgcc/3.4.1.95/avrtoolchain/bin/../lib/gcc/avr/4.6.2/../../../../avr/lib/avrxmega7/crtx128a1.o
 .data          0x00802000       0x46 drv_console.o
                0x0080203c                gt_consoleDevOps
 .data          0x00802046       0x15 drv_ins.o
                0x00802046                gt_insDevOps
 .data          0x0080205b       0x18 drv_signal.o
                0x00802069                gat_signalDevOps
 .data          0x00802073       0x19 usr_appInit.o
 .data          0x0080208c       0x18 usr_console.o
 .data          0x008020a4       0x19 usr_navigation.o
 .data          0x008020bd        0xe ../../../../../../hal/project/xmega128A1/hal/Release\libhal.a(hal_gpio.o)
                0x008020bd                gt_gpioHndlList
                0x008020bf                t_gt_gpioHndlList
 .data          0x008020cb        0xe ../../../../../../hal/project/xmega128A1/hal/Release\libhal.a(hal_twi.o)
                0x008020cb                gt_twiChanHndlList
                0x008020cd                t_gt_twiChanHndlList
 .data          0x008020d9       0x8c ../../../../../../hal/project/xmega128A1/hal/Release\libhal.a(hal_uart.o)
                0x008020d9                gt_uartChanHndlList
                0x008020db                t_gt_uartChanHndlList
 .data          0x00802165        0x0 ../../../../../../hal/project/xmega128A1/hal/Release\libhal.a(hal_clocks.o)
 .data          0x00802165       0x1d ../../../../../../hal/project/xmega128A1/hal/Release\libhal.a(hal_dma.o)
                0x00802165                gt_dmaIntHndlList
                0x00802167                t_gt_dmaIntHndlList
                0x00802173                gt_dmaChanList
                0x00802175                t_gt_dmaChanList
 .data          0x00802182       0x39 ../../../../../../rtos/project/atxmega128A1/arbitros/Release\libarbitros.a(arb_console.o)
 .data          0x008021bb       0x1e ../../../../../../rtos/project/atxmega128A1/arbitros/Release\libarbitros.a(arb_device.o)
                0x008021bd                gt_activeHandles
                0x008021bf                t_gt_activeHandles
                0x008021cb                gt_activeDevices
                0x008021cd                t_gt_activeDevices
 .data          0x008021d9        0x0 ../../../../../../rtos/project/atxmega128A1/arbitros/Release\libarbitros.a(arb_main.o)
 .data          0x008021d9       0x11 ../../../../../../rtos/project/atxmega128A1/arbitros/Release\libarbitros.a(arb_printf.o)
 .data          0x008021ea       0x33 ../../../../../../rtos/project/atxmega128A1/arbitros/Release\libarbitros.a(arb_scheduler.o)
 .data          0x0080221d        0xe ../../../../../../rtos/project/atxmega128A1/arbitros/Release\libarbitros.a(arb_semaphore.o)
                0x0080221d                gt_activeSems
                0x0080221f                t_gt_activeSems
 .data          0x0080222b        0x1 ../../../../../../rtos/project/atxmega128A1/arbitros/Release\libarbitros.a(arb_sysTimer.o)
 .data          0x0080222c        0xe ../../../../../../rtos/project/atxmega128A1/arbitros/Release\libarbitros.a(arb_thread.o)
                0x0080222c                gt_activeThreads
                0x0080222e                t_gt_activeThreads
 .data          0x0080223a        0x0 ../../../../../../rtos/project/atxmega128A1/arbitros/Release\libarbitros.a(hal_initThreadStack.o)
 .data          0x0080223a       0x1f ../../../../../../rtos/project/atxmega128A1/arbitros/Release\libarbitros.a(arb_error.o)
 .data          0x00802259       0x1e ../../../../../../rtos/project/atxmega128A1/arbitros/Release\libarbitros.a(arb_idle.o)
 .data          0x00802277        0xe ../../../../../../utilities/project/atxmega128A1/utilities/Release\libutilities.a(utl_buffer.o)
                0x00802277                gt_bufferList
                0x00802279                t_gt_bufferList
 .data          0x00802285        0x0 ../../../../../../utilities/project/atxmega128A1/utilities/Release\libutilities.a(utl_linkedlist.o)
 .data          0x00802285       0xd2 ../../../../../../utilities/project/atxmega128A1/utilities/Release\libutilities.a(utl_math.o)
 .data          0x00802357        0xe ../../../../../../utilities/project/atxmega128A1/utilities/Release\libutilities.a(utl_stateMachine.o)
                0x00802357                gt_stMnHndlList
                0x00802359                t_gt_stMnHndlList
 .data          0x00802365        0x0 c:/program files (x86)/atmel/atmel studio 6.0/extensions/atmel/avrgcc/3.4.1.95/avrtoolchain/bin/../lib/gcc/avr/4.6.2/../../../../avr/lib/avrxmega7\libprintf_flt.a(vfprintf_flt.o)
 .data          0x00802365        0x0 c:/program files (x86)/atmel/atmel studio 6.0/extensions/atmel/avrgcc/3.4.1.95/avrtoolchain/bin/../lib/gcc/avr/4.6.2/../../../../avr/lib/avrxmega7\libm.a(addsf3.o)
 .data          0x00802365        0x0 c:/program files (x86)/atmel/atmel studio 6.0/extensions/atmel/avrgcc/3.4.1.95/avrtoolchain/bin/../lib/gcc/avr/4.6.2/../../../../avr/lib/avrxmega7\libm.a(addsf3x.o)
 .data          0x00802365        0x0 c:/program files (x86)/atmel/atmel studio 6.0/extensions/atmel/avrgcc/3.4.1.95/avrtoolchain/bin/../lib/gcc/avr/4.6.2/../../../../avr/lib/avrxmega7\libm.a(cmpsf2.o)
 .data          0x00802365        0x0 c:/program files (x86)/atmel/atmel studio 6.0/extensions/atmel/avrgcc/3.4.1.95/avrtoolchain/bin/../lib/gcc/avr/4.6.2/../../../../avr/lib/avrxmega7\libm.a(divsf3.o)
 .data          0x00802365        0x0 c:/program files (x86)/atmel/atmel studio 6.0/extensions/atmel/avrgcc/3.4.1.95/avrtoolchain/bin/../lib/gcc/avr/4.6.2/../../../../avr/lib/avrxmega7\libm.a(divsf3x.o)
 .data          0x00802365        0x0 c:/program files (x86)/atmel/atmel studio 6.0/extensions/atmel/avrgcc/3.4.1.95/avrtoolchain/bin/../lib/gcc/avr/4.6.2/../../../../avr/lib/avrxmega7\libm.a(fixsfdi.o)
 .data          0x00802365        0x0 c:/program files (x86)/atmel/atmel studio 6.0/extensions/atmel/avrgcc/3.4.1.95/avrtoolchain/bin/../lib/gcc/avr/4.6.2/../../../../avr/lib/avrxmega7\libm.a(fixsfsi.o)
 .data          0x00802365        0x0 c:/program files (x86)/atmel/atmel studio 6.0/extensions/atmel/avrgcc/3.4.1.95/avrtoolchain/bin/../lib/gcc/avr/4.6.2/../../../../avr/lib/avrxmega7\libm.a(fixunssfsi.o)
 .data          0x00802365        0x0 c:/program files (x86)/atmel/atmel studio 6.0/extensions/atmel/avrgcc/3.4.1.95/avrtoolchain/bin/../lib/gcc/avr/4.6.2/../../../../avr/lib/avrxmega7\libm.a(floatsisf.o)
 .data          0x00802365        0x0 c:/program files (x86)/atmel/atmel studio 6.0/extensions/atmel/avrgcc/3.4.1.95/avrtoolchain/bin/../lib/gcc/avr/4.6.2/../../../../avr/lib/avrxmega7\libm.a(floatundisf.o)
 .data          0x00802365        0x0 c:/program files (x86)/atmel/atmel studio 6.0/extensions/atmel/avrgcc/3.4.1.95/avrtoolchain/bin/../lib/gcc/avr/4.6.2/../../../../avr/lib/avrxmega7\libm.a(fp_cmp.o)
 .data          0x00802365        0x0 c:/program files (x86)/atmel/atmel studio 6.0/extensions/atmel/avrgcc/3.4.1.95/avrtoolchain/bin/../lib/gcc/avr/4.6.2/../../../../avr/lib/avrxmega7\libm.a(fp_inf.o)
 .data          0x00802365        0x0 c:/program files (x86)/atmel/atmel studio 6.0/extensions/atmel/avrgcc/3.4.1.95/avrtoolchain/bin/../lib/gcc/avr/4.6.2/../../../../avr/lib/avrxmega7\libm.a(fp_nan.o)
 .data          0x00802365        0x0 c:/program files (x86)/atmel/atmel studio 6.0/extensions/atmel/avrgcc/3.4.1.95/avrtoolchain/bin/../lib/gcc/avr/4.6.2/../../../../avr/lib/avrxmega7\libm.a(fp_negdi.o)
 .data          0x00802365        0x0 c:/program files (x86)/atmel/atmel studio 6.0/extensions/atmel/avrgcc/3.4.1.95/avrtoolchain/bin/../lib/gcc/avr/4.6.2/../../../../avr/lib/avrxmega7\libm.a(fp_pscA.o)
 .data          0x00802365        0x0 c:/program files (x86)/atmel/atmel studio 6.0/extensions/atmel/avrgcc/3.4.1.95/avrtoolchain/bin/../lib/gcc/avr/4.6.2/../../../../avr/lib/avrxmega7\libm.a(fp_pscB.o)
 .data          0x00802365        0x0 c:/program files (x86)/atmel/atmel studio 6.0/extensions/atmel/avrgcc/3.4.1.95/avrtoolchain/bin/../lib/gcc/avr/4.6.2/../../../../avr/lib/avrxmega7\libm.a(fp_round.o)
 .data          0x00802365        0x0 c:/program files (x86)/atmel/atmel studio 6.0/extensions/atmel/avrgcc/3.4.1.95/avrtoolchain/bin/../lib/gcc/avr/4.6.2/../../../../avr/lib/avrxmega7\libm.a(fp_split3.o)
 .data          0x00802365        0x0 c:/program files (x86)/atmel/atmel studio 6.0/extensions/atmel/avrgcc/3.4.1.95/avrtoolchain/bin/../lib/gcc/avr/4.6.2/../../../../avr/lib/avrxmega7\libm.a(fp_zero.o)
 .data          0x00802365        0x0 c:/program files (x86)/atmel/atmel studio 6.0/extensions/atmel/avrgcc/3.4.1.95/avrtoolchain/bin/../lib/gcc/avr/4.6.2/../../../../avr/lib/avrxmega7\libm.a(gesf2.o)
 .data          0x00802365        0x0 c:/program files (x86)/atmel/atmel studio 6.0/extensions/atmel/avrgcc/3.4.1.95/avrtoolchain/bin/../lib/gcc/avr/4.6.2/../../../../avr/lib/avrxmega7\libm.a(mulsf3.o)
 .data          0x00802365        0x0 c:/program files (x86)/atmel/atmel studio 6.0/extensions/atmel/avrgcc/3.4.1.95/avrtoolchain/bin/../lib/gcc/avr/4.6.2/../../../../avr/lib/avrxmega7\libm.a(mulsf3x.o)
 .data          0x00802365        0x0 c:/program files (x86)/atmel/atmel studio 6.0/extensions/atmel/avrgcc/3.4.1.95/avrtoolchain/bin/../lib/gcc/avr/4.6.2/../../../../avr/lib/avrxmega7\libm.a(sqrt.o)
 .data          0x00802365        0x0 c:/program files (x86)/atmel/atmel studio 6.0/extensions/atmel/avrgcc/3.4.1.95/avrtoolchain/bin/../lib/gcc/avr/4.6.2/../../../../avr/lib/avrxmega7\libm.a(fp_mpack.o)
 .data          0x00802365        0x0 c:/program files (x86)/atmel/atmel studio 6.0/extensions/atmel/avrgcc/3.4.1.95/avrtoolchain/bin/../lib/gcc/avr/4.6.2/../../../../avr/lib/avrxmega7\libm.a(fp_norm2.o)
 .data          0x00802365        0x6 c:/program files (x86)/atmel/atmel studio 6.0/extensions/atmel/avrgcc/3.4.1.95/avrtoolchain/bin/../lib/gcc/avr/4.6.2/../../../../avr/lib/avrxmega7\libc.a(malloc.o)
                0x00802365                __malloc_heap_end
                0x00802367                __malloc_heap_start
                0x00802369                __malloc_margin
 .data          0x0080236b        0x0 c:/program files (x86)/atmel/atmel studio 6.0/extensions/atmel/avrgcc/3.4.1.95/avrtoolchain/bin/../lib/gcc/avr/4.6.2/../../../../avr/lib/avrxmega7\libc.a(atoi.o)
 .data          0x0080236b        0x0 c:/program files (x86)/atmel/atmel studio 6.0/extensions/atmel/avrgcc/3.4.1.95/avrtoolchain/bin/../lib/gcc/avr/4.6.2/../../../../avr/lib/avrxmega7\libc.a(exit.o)
 .data          0x0080236b        0x0 c:/program files (x86)/atmel/atmel studio 6.0/extensions/atmel/avrgcc/3.4.1.95/avrtoolchain/bin/../lib/gcc/avr/4.6.2/../../../../avr/lib/avrxmega7\libc.a(ftoa_engine.o)
 .data          0x0080236b        0x0 c:/program files (x86)/atmel/atmel studio 6.0/extensions/atmel/avrgcc/3.4.1.95/avrtoolchain/bin/../lib/gcc/avr/4.6.2/../../../../avr/lib/avrxmega7\libc.a(strcasecmp_P.o)
 .data          0x0080236b        0x0 c:/program files (x86)/atmel/atmel studio 6.0/extensions/atmel/avrgcc/3.4.1.95/avrtoolchain/bin/../lib/gcc/avr/4.6.2/../../../../avr/lib/avrxmega7\libc.a(strnlen_P.o)
 .data          0x0080236b        0x0 c:/program files (x86)/atmel/atmel studio 6.0/extensions/atmel/avrgcc/3.4.1.95/avrtoolchain/bin/../lib/gcc/avr/4.6.2/../../../../avr/lib/avrxmega7\libc.a(strtok.o)
 .data          0x0080236b        0x0 c:/program files (x86)/atmel/atmel studio 6.0/extensions/atmel/avrgcc/3.4.1.95/avrtoolchain/bin/../lib/gcc/avr/4.6.2/../../../../avr/lib/avrxmega7\libc.a(memcpy.o)
 .data          0x0080236b        0x0 c:/program files (x86)/atmel/atmel studio 6.0/extensions/atmel/avrgcc/3.4.1.95/avrtoolchain/bin/../lib/gcc/avr/4.6.2/../../../../avr/lib/avrxmega7\libc.a(memset.o)
 .data          0x0080236b        0x0 c:/program files (x86)/atmel/atmel studio 6.0/extensions/atmel/avrgcc/3.4.1.95/avrtoolchain/bin/../lib/gcc/avr/4.6.2/../../../../avr/lib/avrxmega7\libc.a(strcasecmp.o)
 .data          0x0080236b        0x0 c:/program files (x86)/atmel/atmel studio 6.0/extensions/atmel/avrgcc/3.4.1.95/avrtoolchain/bin/../lib/gcc/avr/4.6.2/../../../../avr/lib/avrxmega7\libc.a(strchr.o)
 .data          0x0080236b        0x0 c:/program files (x86)/atmel/atmel studio 6.0/extensions/atmel/avrgcc/3.4.1.95/avrtoolchain/bin/../lib/gcc/avr/4.6.2/../../../../avr/lib/avrxmega7\libc.a(strcmp.o)
 .data          0x0080236b        0x0 c:/program files (x86)/atmel/atmel studio 6.0/extensions/atmel/avrgcc/3.4.1.95/avrtoolchain/bin/../lib/gcc/avr/4.6.2/../../../../avr/lib/avrxmega7\libc.a(strcpy.o)
 .data          0x0080236b        0x0 c:/program files (x86)/atmel/atmel studio 6.0/extensions/atmel/avrgcc/3.4.1.95/avrtoolchain/bin/../lib/gcc/avr/4.6.2/../../../../avr/lib/avrxmega7\libc.a(strncpy.o)
 .data          0x0080236b        0x0 c:/program files (x86)/atmel/atmel studio 6.0/extensions/atmel/avrgcc/3.4.1.95/avrtoolchain/bin/../lib/gcc/avr/4.6.2/../../../../avr/lib/avrxmega7\libc.a(strnlen.o)
 .data          0x0080236b        0x0 c:/program files (x86)/atmel/atmel studio 6.0/extensions/atmel/avrgcc/3.4.1.95/avrtoolchain/bin/../lib/gcc/avr/4.6.2/../../../../avr/lib/avrxmega7\libc.a(strtok_r.o)
 .data          0x0080236b        0x0 c:/program files (x86)/atmel/atmel studio 6.0/extensions/atmel/avrgcc/3.4.1.95/avrtoolchain/bin/../lib/gcc/avr/4.6.2/../../../../avr/lib/avrxmega7\libc.a(mul10.o)
 .data          0x0080236b        0x0 c:/program files (x86)/atmel/atmel studio 6.0/extensions/atmel/avrgcc/3.4.1.95/avrtoolchain/bin/../lib/gcc/avr/4.6.2/../../../../avr/lib/avrxmega7\libc.a(fputc.o)
 .data          0x0080236b        0x0 c:/program files (x86)/atmel/atmel studio 6.0/extensions/atmel/avrgcc/3.4.1.95/avrtoolchain/bin/../lib/gcc/avr/4.6.2/../../../../avr/lib/avrxmega7\libc.a(sprintf.o)
 .data          0x0080236b        0x0 c:/program files (x86)/atmel/atmel studio 6.0/extensions/atmel/avrgcc/3.4.1.95/avrtoolchain/bin/../lib/gcc/avr/4.6.2/../../../../avr/lib/avrxmega7\libc.a(sprintf_p.o)
 .data          0x0080236b        0x0 c:/program files (x86)/atmel/atmel studio 6.0/extensions/atmel/avrgcc/3.4.1.95/avrtoolchain/bin/../lib/gcc/avr/4.6.2/../../../../avr/lib/avrxmega7\libc.a(ultoa_invert.o)
 .data          0x0080236b        0x0 ../../../../../../hal/project/xmega128A1/hal/Release\libhal.a(hal_pmic.o)
 .data          0x0080236b       0x5e ../../../../../../hal/project/xmega128A1/hal/Release\libhal.a(hal_timer.o)
                0x00802379                gt_timerIntHndlList
                0x0080237b                t_gt_timerIntHndlList
                0x00802387                gt_timerHndlList
                0x00802389                t_gt_timerHndlList
 .data          0x008023c9        0xe ../../../../../../hal/project/xmega128A1/hal/Release\libhal.a(hal_watchDog.o)
                0x008023c9                gt_wdAccessList
                0x008023cb                t_gt_wdAccessList
 .data          0x008023d7        0x0 ../../../../../../rtos/project/atxmega128A1/arbitros/Release\libarbitros.a(arb_memory.o)
 .data          0x008023d7        0x0 c:/program files (x86)/atmel/atmel studio 6.0/extensions/atmel/avrgcc/3.4.1.95/avrtoolchain/bin/../lib/gcc/avr/4.6.2/avrxmega7\libgcc.a(_mulsi3.o)
 .data          0x008023d7        0x0 c:/program files (x86)/atmel/atmel studio 6.0/extensions/atmel/avrgcc/3.4.1.95/avrtoolchain/bin/../lib/gcc/avr/4.6.2/avrxmega7\libgcc.a(_udivmodsi4.o)
 .data          0x008023d7        0x0 c:/program files (x86)/atmel/atmel studio 6.0/extensions/atmel/avrgcc/3.4.1.95/avrtoolchain/bin/../lib/gcc/avr/4.6.2/avrxmega7\libgcc.a(_divmodsi4.o)
 .data          0x008023d7        0x0 c:/program files (x86)/atmel/atmel studio 6.0/extensions/atmel/avrgcc/3.4.1.95/avrtoolchain/bin/../lib/gcc/avr/4.6.2/avrxmega7\libgcc.a(_exit.o)
 .data          0x008023d7        0x0 c:/program files (x86)/atmel/atmel studio 6.0/extensions/atmel/avrgcc/3.4.1.95/avrtoolchain/bin/../lib/gcc/avr/4.6.2/avrxmega7\libgcc.a(_copy_data.o)
 .data          0x008023d7        0x0 c:/program files (x86)/atmel/atmel studio 6.0/extensions/atmel/avrgcc/3.4.1.95/avrtoolchain/bin/../lib/gcc/avr/4.6.2/avrxmega7\libgcc.a(_clear_bss.o)
 .data          0x008023d7        0x0 c:/program files (x86)/atmel/atmel studio 6.0/extensions/atmel/avrgcc/3.4.1.95/avrtoolchain/bin/../lib/gcc/avr/4.6.2/avrxmega7\libgcc.a(_muldi3.o)
 .data          0x008023d7        0x0 c:/program files (x86)/atmel/atmel studio 6.0/extensions/atmel/avrgcc/3.4.1.95/avrtoolchain/bin/../lib/gcc/avr/4.6.2/avrxmega7\libgcc.a(_lshrdi3.o)
 .data          0x008023d7        0x0 c:/program files (x86)/atmel/atmel studio 6.0/extensions/atmel/avrgcc/3.4.1.95/avrtoolchain/bin/../lib/gcc/avr/4.6.2/avrxmega7\libgcc.a(_ashldi3.o)
 .data          0x008023d7        0x0 c:/program files (x86)/atmel/atmel studio 6.0/extensions/atmel/avrgcc/3.4.1.95/avrtoolchain/bin/../lib/gcc/avr/4.6.2/avrxmega7\libgcc.a(_ashrdi3.o)
 .data          0x008023d7        0x0 c:/program files (x86)/atmel/atmel studio 6.0/extensions/atmel/avrgcc/3.4.1.95/avrtoolchain/bin/../lib/gcc/avr/4.6.2/avrxmega7\libgcc.a(_prologue.o)
 .data          0x008023d7        0x0 c:/program files (x86)/atmel/atmel studio 6.0/extensions/atmel/avrgcc/3.4.1.95/avrtoolchain/bin/../lib/gcc/avr/4.6.2/avrxmega7\libgcc.a(_epilogue.o)
 *(.data*)
 *(.rodata)
 *(.rodata*)
 *(.gnu.linkonce.d*)
                0x008023d8                . = ALIGN (0x2)
 *fill*         0x008023d7        0x1 00
                0x008023d8                _edata = .
                0x008023d8                PROVIDE (__data_end, .)

.bss            0x008023d8      0x866
                0x008023d8                PROVIDE (__bss_start, .)
 *(.bss)
 .bss           0x008023d8       0x1e drv_console.o
 .bss           0x008023f6      0x77e drv_ins.o
 .bss           0x00802b74        0x8 drv_signal.o
 .bss           0x00802b7c       0x15 usr_navigation.o
 .bss           0x00802b91       0x10 ../../../../../../hal/project/xmega128A1/hal/Release\libhal.a(hal_uart.o)
 .bss           0x00802ba1        0x6 ../../../../../../hal/project/xmega128A1/hal/Release\libhal.a(hal_dma.o)
 .bss           0x00802ba7        0x8 ../../../../../../rtos/project/atxmega128A1/arbitros/Release\libarbitros.a(arb_console.o)
 .bss           0x00802baf        0x6 ../../../../../../rtos/project/atxmega128A1/arbitros/Release\libarbitros.a(arb_device.o)
 .bss           0x00802bb5        0x8 ../../../../../../rtos/project/atxmega128A1/arbitros/Release\libarbitros.a(arb_printf.o)
 .bss           0x00802bbd       0x13 ../../../../../../rtos/project/atxmega128A1/arbitros/Release\libarbitros.a(arb_scheduler.o)
                0x00802bbd                gpt_activeThread
 .bss           0x00802bd0        0x5 ../../../../../../rtos/project/atxmega128A1/arbitros/Release\libarbitros.a(arb_semaphore.o)
 .bss           0x00802bd5       0x1e ../../../../../../rtos/project/atxmega128A1/arbitros/Release\libarbitros.a(arb_sysTimer.o)
                0x00802bd5                gt_sysTime
 .bss           0x00802bf3        0x2 ../../../../../../rtos/project/atxmega128A1/arbitros/Release\libarbitros.a(arb_thread.o)
 .bss           0x00802bf5       0x1e ../../../../../../rtos/project/atxmega128A1/arbitros/Release\libarbitros.a(arb_error.o)
 .bss           0x00802c13        0x4 ../../../../../../rtos/project/atxmega128A1/arbitros/Release\libarbitros.a(arb_idle.o)
 .bss           0x00802c17        0xc ../../../../../../utilities/project/atxmega128A1/utilities/Release\libutilities.a(utl_linkedlist.o)
 .bss           0x00802c23        0x2 c:/program files (x86)/atmel/atmel studio 6.0/extensions/atmel/avrgcc/3.4.1.95/avrtoolchain/bin/../lib/gcc/avr/4.6.2/../../../../avr/lib/avrxmega7\libc.a(strtok.o)
 .bss           0x00802c25        0x6 ../../../../../../hal/project/xmega128A1/hal/Release\libhal.a(hal_timer.o)
 .bss           0x00802c2b        0x7 ../../../../../../rtos/project/atxmega128A1/arbitros/Release\libarbitros.a(arb_memory.o)
 *(.bss*)
 *(COMMON)
 COMMON         0x00802c32        0x4 ../../../../../../hal/project/xmega128A1/hal/Release\libhal.a(hal_clocks.o)
                0x00802c32                gt_clocks
 COMMON         0x00802c36        0x4 ../../../../../../rtos/project/atxmega128A1/arbitros/Release\libarbitros.a(arb_scheduler.o)
                0x00802c36                gpt_scheduler
                0x00802c38                pt_csTemp
 COMMON         0x00802c3a        0x4 c:/program files (x86)/atmel/atmel studio 6.0/extensions/atmel/avrgcc/3.4.1.95/avrtoolchain/bin/../lib/gcc/avr/4.6.2/../../../../avr/lib/avrxmega7\libc.a(malloc.o)
                0x00802c3a                __brkval
                0x00802c3c                __flp
                0x00802c3e                PROVIDE (__bss_end, .)
                0x0001f560                __data_load_start = LOADADDR (.data)
                0x0001f938                __data_load_end = (__data_load_start + SIZEOF (.data))

.noinit         0x00802c3e        0x0
                0x00802c3e                PROVIDE (__noinit_start, .)
 *(.noinit*)
                0x00802c3e                PROVIDE (__noinit_end, .)
                0x00802c3e                _end = .
                0x00802c3e                PROVIDE (__heap_start, .)

.eeprom         0x00810000        0x0
 *(.eeprom*)
                0x00810000                __eeprom_end = .

.fuse
 *(.fuse)
 *(.lfuse)
 *(.hfuse)
 *(.efuse)

.lock
 *(.lock*)

.signature
 *(.signature*)

.stab           0x00000000     0x49a4
 *(.stab)
 .stab          0x00000000      0x714 c:/program files (x86)/atmel/atmel studio 6.0/extensions/atmel/avrgcc/3.4.1.95/avrtoolchain/bin/../lib/gcc/avr/4.6.2/../../../../avr/lib/avrxmega7/crtx128a1.o
 .stab          0x00000714       0x78 c:/program files (x86)/atmel/atmel studio 6.0/extensions/atmel/avrgcc/3.4.1.95/avrtoolchain/bin/../lib/gcc/avr/4.6.2/../../../../avr/lib/avrxmega7\libm.a(addsf3.o)
                                 0x84 (size before relaxing)
 .stab          0x0000078c      0x4bc c:/program files (x86)/atmel/atmel studio 6.0/extensions/atmel/avrgcc/3.4.1.95/avrtoolchain/bin/../lib/gcc/avr/4.6.2/../../../../avr/lib/avrxmega7\libm.a(addsf3x.o)
                                0x4c8 (size before relaxing)
 .stab          0x00000c48       0x90 c:/program files (x86)/atmel/atmel studio 6.0/extensions/atmel/avrgcc/3.4.1.95/avrtoolchain/bin/../lib/gcc/avr/4.6.2/../../../../avr/lib/avrxmega7\libm.a(cmpsf2.o)
                                 0x9c (size before relaxing)
 .stab          0x00000cd8       0x48 c:/program files (x86)/atmel/atmel studio 6.0/extensions/atmel/avrgcc/3.4.1.95/avrtoolchain/bin/../lib/gcc/avr/4.6.2/../../../../avr/lib/avrxmega7\libm.a(divsf3.o)
                                 0x54 (size before relaxing)
 .stab          0x00000d20      0x510 c:/program files (x86)/atmel/atmel studio 6.0/extensions/atmel/avrgcc/3.4.1.95/avrtoolchain/bin/../lib/gcc/avr/4.6.2/../../../../avr/lib/avrxmega7\libm.a(divsf3x.o)
                                0x51c (size before relaxing)
 .stab          0x00001230      0x2f4 c:/program files (x86)/atmel/atmel studio 6.0/extensions/atmel/avrgcc/3.4.1.95/avrtoolchain/bin/../lib/gcc/avr/4.6.2/../../../../avr/lib/avrxmega7\libm.a(fixsfdi.o)
                                0x300 (size before relaxing)
 .stab          0x00001524       0x6c c:/program files (x86)/atmel/atmel studio 6.0/extensions/atmel/avrgcc/3.4.1.95/avrtoolchain/bin/../lib/gcc/avr/4.6.2/../../../../avr/lib/avrxmega7\libm.a(fixsfsi.o)
                                 0x78 (size before relaxing)
 .stab          0x00001590      0x240 c:/program files (x86)/atmel/atmel studio 6.0/extensions/atmel/avrgcc/3.4.1.95/avrtoolchain/bin/../lib/gcc/avr/4.6.2/../../../../avr/lib/avrxmega7\libm.a(fixunssfsi.o)
                                0x24c (size before relaxing)
 .stab          0x000017d0      0x318 c:/program files (x86)/atmel/atmel studio 6.0/extensions/atmel/avrgcc/3.4.1.95/avrtoolchain/bin/../lib/gcc/avr/4.6.2/../../../../avr/lib/avrxmega7\libm.a(floatsisf.o)
                                0x324 (size before relaxing)
 .stab          0x00001ae8      0x324 c:/program files (x86)/atmel/atmel studio 6.0/extensions/atmel/avrgcc/3.4.1.95/avrtoolchain/bin/../lib/gcc/avr/4.6.2/../../../../avr/lib/avrxmega7\libm.a(floatundisf.o)
                                0x330 (size before relaxing)
 .stab          0x00001e0c      0x1e0 c:/program files (x86)/atmel/atmel studio 6.0/extensions/atmel/avrgcc/3.4.1.95/avrtoolchain/bin/../lib/gcc/avr/4.6.2/../../../../avr/lib/avrxmega7\libm.a(fp_cmp.o)
                                0x1ec (size before relaxing)
 .stab          0x00001fec       0x78 c:/program files (x86)/atmel/atmel studio 6.0/extensions/atmel/avrgcc/3.4.1.95/avrtoolchain/bin/../lib/gcc/avr/4.6.2/../../../../avr/lib/avrxmega7\libm.a(fp_inf.o)
                                 0x84 (size before relaxing)
 .stab          0x00002064       0x54 c:/program files (x86)/atmel/atmel studio 6.0/extensions/atmel/avrgcc/3.4.1.95/avrtoolchain/bin/../lib/gcc/avr/4.6.2/../../../../avr/lib/avrxmega7\libm.a(fp_nan.o)
                                 0x60 (size before relaxing)
 .stab          0x000020b8       0xf0 c:/program files (x86)/atmel/atmel studio 6.0/extensions/atmel/avrgcc/3.4.1.95/avrtoolchain/bin/../lib/gcc/avr/4.6.2/../../../../avr/lib/avrxmega7\libm.a(fp_negdi.o)
                                 0xfc (size before relaxing)
 .stab          0x000021a8       0x84 c:/program files (x86)/atmel/atmel studio 6.0/extensions/atmel/avrgcc/3.4.1.95/avrtoolchain/bin/../lib/gcc/avr/4.6.2/../../../../avr/lib/avrxmega7\libm.a(fp_pscA.o)
                                 0x90 (size before relaxing)
 .stab          0x0000222c       0x84 c:/program files (x86)/atmel/atmel studio 6.0/extensions/atmel/avrgcc/3.4.1.95/avrtoolchain/bin/../lib/gcc/avr/4.6.2/../../../../avr/lib/avrxmega7\libm.a(fp_pscB.o)
                                 0x90 (size before relaxing)
 .stab          0x000022b0       0xfc c:/program files (x86)/atmel/atmel studio 6.0/extensions/atmel/avrgcc/3.4.1.95/avrtoolchain/bin/../lib/gcc/avr/4.6.2/../../../../avr/lib/avrxmega7\libm.a(fp_round.o)
                                0x108 (size before relaxing)
 .stab          0x000023ac      0x1d4 c:/program files (x86)/atmel/atmel studio 6.0/extensions/atmel/avrgcc/3.4.1.95/avrtoolchain/bin/../lib/gcc/avr/4.6.2/../../../../avr/lib/avrxmega7\libm.a(fp_split3.o)
                                0x1e0 (size before relaxing)
 .stab          0x00002580       0x90 c:/program files (x86)/atmel/atmel studio 6.0/extensions/atmel/avrgcc/3.4.1.95/avrtoolchain/bin/../lib/gcc/avr/4.6.2/../../../../avr/lib/avrxmega7\libm.a(fp_zero.o)
                                 0x9c (size before relaxing)
 .stab          0x00002610       0x6c c:/program files (x86)/atmel/atmel studio 6.0/extensions/atmel/avrgcc/3.4.1.95/avrtoolchain/bin/../lib/gcc/avr/4.6.2/../../../../avr/lib/avrxmega7\libm.a(gesf2.o)
                                 0x78 (size before relaxing)
 .stab          0x0000267c       0x48 c:/program files (x86)/atmel/atmel studio 6.0/extensions/atmel/avrgcc/3.4.1.95/avrtoolchain/bin/../lib/gcc/avr/4.6.2/../../../../avr/lib/avrxmega7\libm.a(mulsf3.o)
                                 0x54 (size before relaxing)
 .stab          0x000026c4      0x4d4 c:/program files (x86)/atmel/atmel studio 6.0/extensions/atmel/avrgcc/3.4.1.95/avrtoolchain/bin/../lib/gcc/avr/4.6.2/../../../../avr/lib/avrxmega7\libm.a(mulsf3x.o)
                                0x4e0 (size before relaxing)
 .stab          0x00002b98      0x354 c:/program files (x86)/atmel/atmel studio 6.0/extensions/atmel/avrgcc/3.4.1.95/avrtoolchain/bin/../lib/gcc/avr/4.6.2/../../../../avr/lib/avrxmega7\libm.a(sqrt.o)
                                0x360 (size before relaxing)
 .stab          0x00002eec       0xe4 c:/program files (x86)/atmel/atmel studio 6.0/extensions/atmel/avrgcc/3.4.1.95/avrtoolchain/bin/../lib/gcc/avr/4.6.2/../../../../avr/lib/avrxmega7\libm.a(fp_mpack.o)
                                 0xf0 (size before relaxing)
 .stab          0x00002fd0       0x84 c:/program files (x86)/atmel/atmel studio 6.0/extensions/atmel/avrgcc/3.4.1.95/avrtoolchain/bin/../lib/gcc/avr/4.6.2/../../../../avr/lib/avrxmega7\libm.a(fp_norm2.o)
                                 0x90 (size before relaxing)
 .stab          0x00003054      0x174 c:/program files (x86)/atmel/atmel studio 6.0/extensions/atmel/avrgcc/3.4.1.95/avrtoolchain/bin/../lib/gcc/avr/4.6.2/../../../../avr/lib/avrxmega7\libc.a(atoi.o)
                                0x180 (size before relaxing)
 .stab          0x000031c8       0x30 c:/program files (x86)/atmel/atmel studio 6.0/extensions/atmel/avrgcc/3.4.1.95/avrtoolchain/bin/../lib/gcc/avr/4.6.2/../../../../avr/lib/avrxmega7\libc.a(exit.o)
                                 0x3c (size before relaxing)
 .stab          0x000031f8      0xa38 c:/program files (x86)/atmel/atmel studio 6.0/extensions/atmel/avrgcc/3.4.1.95/avrtoolchain/bin/../lib/gcc/avr/4.6.2/../../../../avr/lib/avrxmega7\libc.a(ftoa_engine.o)
                                0xa44 (size before relaxing)
 .stab          0x00003c30       0xfc c:/program files (x86)/atmel/atmel studio 6.0/extensions/atmel/avrgcc/3.4.1.95/avrtoolchain/bin/../lib/gcc/avr/4.6.2/../../../../avr/lib/avrxmega7\libc.a(strcasecmp_P.o)
                                0x108 (size before relaxing)
 .stab          0x00003d2c       0x9c c:/program files (x86)/atmel/atmel studio 6.0/extensions/atmel/avrgcc/3.4.1.95/avrtoolchain/bin/../lib/gcc/avr/4.6.2/../../../../avr/lib/avrxmega7\libc.a(strnlen_P.o)
                                 0xa8 (size before relaxing)
 .stab          0x00003dc8       0x84 c:/program files (x86)/atmel/atmel studio 6.0/extensions/atmel/avrgcc/3.4.1.95/avrtoolchain/bin/../lib/gcc/avr/4.6.2/../../../../avr/lib/avrxmega7\libc.a(memcpy.o)
                                 0x90 (size before relaxing)
 .stab          0x00003e4c       0x6c c:/program files (x86)/atmel/atmel studio 6.0/extensions/atmel/avrgcc/3.4.1.95/avrtoolchain/bin/../lib/gcc/avr/4.6.2/../../../../avr/lib/avrxmega7\libc.a(memset.o)
                                 0x78 (size before relaxing)
 .stab          0x00003eb8       0xfc c:/program files (x86)/atmel/atmel studio 6.0/extensions/atmel/avrgcc/3.4.1.95/avrtoolchain/bin/../lib/gcc/avr/4.6.2/../../../../avr/lib/avrxmega7\libc.a(strcasecmp.o)
                                0x108 (size before relaxing)
 .stab          0x00003fb4       0x9c c:/program files (x86)/atmel/atmel studio 6.0/extensions/atmel/avrgcc/3.4.1.95/avrtoolchain/bin/../lib/gcc/avr/4.6.2/../../../../avr/lib/avrxmega7\libc.a(strchr.o)
                                 0xa8 (size before relaxing)
 .stab          0x00004050       0x84 c:/program files (x86)/atmel/atmel studio 6.0/extensions/atmel/avrgcc/3.4.1.95/avrtoolchain/bin/../lib/gcc/avr/4.6.2/../../../../avr/lib/avrxmega7\libc.a(strcmp.o)
                                 0x90 (size before relaxing)
 .stab          0x000040d4       0x6c c:/program files (x86)/atmel/atmel studio 6.0/extensions/atmel/avrgcc/3.4.1.95/avrtoolchain/bin/../lib/gcc/avr/4.6.2/../../../../avr/lib/avrxmega7\libc.a(strcpy.o)
                                 0x78 (size before relaxing)
 .stab          0x00004140       0xcc c:/program files (x86)/atmel/atmel studio 6.0/extensions/atmel/avrgcc/3.4.1.95/avrtoolchain/bin/../lib/gcc/avr/4.6.2/../../../../avr/lib/avrxmega7\libc.a(strncpy.o)
                                 0xd8 (size before relaxing)
 .stab          0x0000420c       0x9c c:/program files (x86)/atmel/atmel studio 6.0/extensions/atmel/avrgcc/3.4.1.95/avrtoolchain/bin/../lib/gcc/avr/4.6.2/../../../../avr/lib/avrxmega7\libc.a(strnlen.o)
                                 0xa8 (size before relaxing)
 .stab          0x000042a8      0x204 c:/program files (x86)/atmel/atmel studio 6.0/extensions/atmel/avrgcc/3.4.1.95/avrtoolchain/bin/../lib/gcc/avr/4.6.2/../../../../avr/lib/avrxmega7\libc.a(strtok_r.o)
                                0x210 (size before relaxing)
 .stab          0x000044ac       0x78 c:/program files (x86)/atmel/atmel studio 6.0/extensions/atmel/avrgcc/3.4.1.95/avrtoolchain/bin/../lib/gcc/avr/4.6.2/../../../../avr/lib/avrxmega7\libc.a(mul10.o)
                                 0x84 (size before relaxing)
 .stab          0x00004524      0x480 c:/program files (x86)/atmel/atmel studio 6.0/extensions/atmel/avrgcc/3.4.1.95/avrtoolchain/bin/../lib/gcc/avr/4.6.2/../../../../avr/lib/avrxmega7\libc.a(ultoa_invert.o)
                                0x48c (size before relaxing)

.stabstr        0x00000000     0x1052
 *(.stabstr)
 .stabstr       0x00000000     0x1052 c:/program files (x86)/atmel/atmel studio 6.0/extensions/atmel/avrgcc/3.4.1.95/avrtoolchain/bin/../lib/gcc/avr/4.6.2/../../../../avr/lib/avrxmega7/crtx128a1.o

.stab.excl
 *(.stab.excl)

.stab.exclstr
 *(.stab.exclstr)

.stab.index
 *(.stab.index)

.stab.indexstr
 *(.stab.indexstr)

.comment
 *(.comment)

.debug
 *(.debug)

.line
 *(.line)

.debug_srcinfo
 *(.debug_srcinfo)

.debug_sfnames
 *(.debug_sfnames)

.debug_aranges  0x00000000      0x4f0
 *(.debug_aranges)
 .debug_aranges
                0x00000000       0x58 drv_console.o
 .debug_aranges
                0x00000058      0x120 drv_ins.o
 .debug_aranges
                0x00000178       0x40 drv_signal.o
 .debug_aranges
                0x000001b8       0x20 usr_appInit.o
 .debug_aranges
                0x000001d8       0x28 usr_console.o
 .debug_aranges
                0x00000200       0xa8 usr_navigation.o
 .debug_aranges
                0x000002a8       0x20 c:/program files (x86)/atmel/atmel studio 6.0/extensions/atmel/avrgcc/3.4.1.95/avrtoolchain/bin/../lib/gcc/avr/4.6.2/../../../../avr/lib/avrxmega7\libprintf_flt.a(vfprintf_flt.o)
 .debug_aranges
                0x000002c8       0x28 c:/program files (x86)/atmel/atmel studio 6.0/extensions/atmel/avrgcc/3.4.1.95/avrtoolchain/bin/../lib/gcc/avr/4.6.2/../../../../avr/lib/avrxmega7\libc.a(malloc.o)
 .debug_aranges
                0x000002f0       0x20 c:/program files (x86)/atmel/atmel studio 6.0/extensions/atmel/avrgcc/3.4.1.95/avrtoolchain/bin/../lib/gcc/avr/4.6.2/../../../../avr/lib/avrxmega7\libc.a(strtok.o)
 .debug_aranges