Archive member included because of file (symbol)

../../../../../../hal/project/xmega128A1/hal/Release\libhal.a(hal_gpio.o)
                              drv_signal.o (hal_configureGpioPort)
../../../../../../hal/project/xmega128A1/hal/Release\libhal.a(hal_spi.o)
                              drv_sd.o (hal_requestSpiChannel)
../../../../../../hal/project/xmega128A1/hal/Release\libhal.a(hal_uart.o)
                              drv_console.o (hal_enableUartRxInt)
../../../../../../hal/project/xmega128A1/hal/Release\libhal.a(hal_clocks.o)
                              ../../../../../../hal/project/xmega128A1/hal/Release\libhal.a(hal_spi.o) (hal_getCpuFreq)
../../../../../../hal/project/xmega128A1/hal/Release\libhal.a(hal_dma.o)
                              ../../../../../../hal/project/xmega128A1/hal/Release\libhal.a(hal_spi.o) (hal_requestDmaInterrupt)
../../../../../../rtos/project/atxmega128A1/arbitros/Release\libarbitros.a(arb_console.o)
                              usr_appInit.o (arb_consoleInit)
../../../../../../rtos/project/atxmega128A1/arbitros/Release\libarbitros.a(arb_device.o)
                              ../../../../../../rtos/project/atxmega128A1/arbitros/Release\libarbitros.a(arb_console.o) (arb_getDeviceList)
../../../../../../rtos/project/atxmega128A1/arbitros/Release\libarbitros.a(arb_main.o)
                              c:/program files (x86)/atmel/atmel studio 6.0/extensions/atmel/avrgcc/3.4.1.95/avrtoolchain/bin/../lib/gcc/avr/4.6.2/../../../../avr/lib/avrxmega7/crtx128a1.o (main)
../../../../../../rtos/project/atxmega128A1/arbitros/Release\libarbitros.a(arb_printf.o)
                              ../../../../../../rtos/project/atxmega128A1/arbitros/Release\libarbitros.a(arb_console.o) (arb_setPrintfDbgLevel)
../../../../../../rtos/project/atxmega128A1/arbitros/Release\libarbitros.a(arb_scheduler.o)
                              ../../../../../../rtos/project/atxmega128A1/arbitros/Release\libarbitros.a(arb_console.o) (arb_getOneMinLoadingEst)
../../../../../../rtos/project/atxmega128A1/arbitros/Release\libarbitros.a(arb_semaphore.o)
                              drv_console.o (arb_semaphoreDestroy)
../../../../../../rtos/project/atxmega128A1/arbitros/Release\libarbitros.a(arb_sysTimer.o)
                              ../../../../../../rtos/project/atxmega128A1/arbitros/Release\libarbitros.a(arb_console.o) (arb_setSysTime)
../../../../../../rtos/project/atxmega128A1/arbitros/Release\libarbitros.a(arb_thread.o)
                              ../../../../../../rtos/project/atxmega128A1/arbitros/Release\libarbitros.a(arb_sysTimer.o) (arb_updateSleepingThreads)
../../../../../../rtos/project/atxmega128A1/arbitros/Release\libarbitros.a(hal_initThreadStack.o)
                              ../../../../../../rtos/project/atxmega128A1/arbitros/Release\libarbitros.a(arb_thread.o) (hal_initThreadStack)
../../../../../../rtos/project/atxmega128A1/arbitros/Release\libarbitros.a(arb_error.o)
                              ../../../../../../rtos/project/atxmega128A1/arbitros/Release\libarbitros.a(arb_semaphore.o) (arb_stackOverflow)
../../../../../../rtos/project/atxmega128A1/arbitros/Release\libarbitros.a(arb_idle.o)
                              ../../../../../../rtos/project/atxmega128A1/arbitros/Release\libarbitros.a(arb_scheduler.o) (arb_idleInit)
../../../../../../utilities/project/atxmega128A1/utilities/Release\libutilities.a(utl_buffer.o)
                              drv_console.o (utl_getBufferFullLevel)
../../../../../../utilities/project/atxmega128A1/utilities/Release\libutilities.a(utl_linkedlist.o)
                              ../../../../../../hal/project/xmega128A1/hal/Release\libhal.a(hal_gpio.o) (utl_insertLink)
../../../../../../utilities/project/atxmega128A1/utilities/Release\libutilities.a(utl_math.o)
                              usr_mathTest.o (utl_cos16_16)
../../../../../../packages/sd/project/atxmega128A1/sd/Release\libsd.a(sdInterface.o)
                              drv_sd.o (sd_begin)
../../../../../../packages/sd/project/atxmega128A1/sd/Release\libsd.a(Sd2Card.o)
                              ../../../../../../packages/sd/project/atxmega128A1/sd/Release\libsd.a(sdInterface.o) (Sd2Card::init(int))
../../../../../../packages/sd/project/atxmega128A1/sd/Release\libsd.a(SdBaseFile.o)
                              ../../../../../../packages/sd/project/atxmega128A1/sd/Release\libsd.a(sdInterface.o) (SdBaseFile::getFilename(char*))
../../../../../../packages/sd/project/atxmega128A1/sd/Release\libsd.a(SdFat.o)
                              ../../../../../../packages/sd/project/atxmega128A1/sd/Release\libsd.a(SdBaseFile.o) (SdFat::stdOut_)
../../../../../../packages/sd/project/atxmega128A1/sd/Release\libsd.a(SdFile.o)
                              ../../../../../../packages/sd/project/atxmega128A1/sd/Release\libsd.a(sdInterface.o) (SdFile::write(void const*, unsigned int))
../../../../../../packages/sd/project/atxmega128A1/sd/Release\libsd.a(SdVolume.o)
[...]
Memory Configuration

Name             Origin             Length             Attributes
text             0x00000000         0x00100000         xr
data             0x00802000         0x0000ffa0         rw !x
eeprom           0x00810000         0x00010000         rw !x
fuse             0x00820000         0x00000400         rw !x
lock             0x00830000         0x00000400         rw !x
signature        0x00840000         0x00000400         rw !x
*default*        0x00000000         0xffffffff

Linker script and memory map

LOAD c:/program files (x86)/atmel/atmel studio 6.0/extensions/atmel/avrgcc/3.4.1.95/avrtoolchain/bin/../lib/gcc/avr/4.6.2/../../../../avr/lib/avrxmega7/crtx128a1.o
LOAD drv_console.o
LOAD drv_sd.o
LOAD drv_signal.o
LOAD usr_appInit.o
LOAD usr_console.o
LOAD usr_mathTest.o
START GROUP
LOAD ../../../../../../hal/project/xmega128A1/hal/Release\libhal.a
LOAD ../../../../../../rtos/project/atxmega128A1/arbitros/Release\libarbitros.a
LOAD ../../../../../../utilities/project/atxmega128A1/utilities/Release\libutilities.a
LOAD ../../../../../../packages/sd/project/atxmega128A1/sd/Release\libsd.a
LOAD c:/program files (x86)/atmel/atmel studio 6.0/extensions/atmel/avrgcc/3.4.1.95/avrtoolchain/bin/../lib/gcc/avr/4.6.2/../../../../avr/lib/avrxmega7\libprintf_flt.a
LOAD c:/program files (x86)/atmel/atmel studio 6.0/extensions/atmel/avrgcc/3.4.1.95/avrtoolchain/bin/../lib/gcc/avr/4.6.2/../../../../avr/lib/avrxmega7\libm.a
LOAD c:/program files (x86)/atmel/atmel studio 6.0/extensions/atmel/avrgcc/3.4.1.95/avrtoolchain/bin/../lib/gcc/avr/4.6.2/../../../../avr/lib/avrxmega7\libc.a
END GROUP
LOAD c:/program files (x86)/atmel/atmel studio 6.0/extensions/atmel/avrgcc/3.4.1.95/avrtoolchain/bin/../lib/gcc/avr/4.6.2/../../../../avr/lib/avrxmega7\libprintf_flt.a
LOAD c:/program files (x86)/atmel/atmel studio 6.0/extensions/atmel/avrgcc/3.4.1.95/avrtoolchain/bin/../lib/gcc/avr/4.6.2/../../../../avr/lib/avrxmega7\libm.a
LOAD c:/program files (x86)/atmel/atmel studio 6.0/extensions/atmel/avrgcc/3.4.1.95/avrtoolchain/bin/../lib/gcc/avr/4.6.2/avrxmega7\libgcc.a
LOAD c:/program files (x86)/atmel/atmel studio 6.0/extensions/atmel/avrgcc/3.4.1.95/avrtoolchain/bin/../lib/gcc/avr/4.6.2/../../../../avr/lib/avrxmega7\libc.a
LOAD c:/program files (x86)/atmel/atmel studio 6.0/extensions/atmel/avrgcc/3.4.1.95/avrtoolchain/bin/../lib/gcc/avr/4.6.2/avrxmega7\libgcc.a

.hash
 *(.hash)

.dynsym
 *(.dynsym)

.dynstr
 *(.dynstr)

.gnu.version
 *(.gnu.version)

.gnu.version_d
 *(.gnu.version_d)

.gnu.version_r
 *(.gnu.version_r)

.rel.init
 *(.rel.init)

.rela.init
 *(.rela.init)

.rel.text
 *(.rel.text)
 *(.rel.text.*)
 *(.rel.gnu.linkonce.t*)

.rela.text
 *(.rela.text)
 *(.rela.text.*)
 *(.rela.gnu.linkonce.t*)

.rel.fini
 *(.rel.fini)

.rela.fini
 *(.rela.fini)

.rel.rodata
 *(.rel.rodata)
 *(.rel.rodata.*)
 *(.rel.gnu.linkonce.r*)

.rela.rodata
 *(.rela.rodata)
 *(.rela.rodata.*)
 *(.rela.gnu.linkonce.r*)

.rel.data
 *(.rel.data)
 *(.rel.data.*)
 *(.rel.gnu.linkonce.d*)

.rela.data
 *(.rela.data)
 *(.rela.data.*)
 *(.rela.gnu.linkonce.d*)

.rel.ctors
 *(.rel.ctors)

.rela.ctors
 *(.rela.ctors)

.rel.dtors
 *(.rel.dtors)

.rela.dtors
 *(.rela.dtors)

.rel.got
 *(.rel.got)

.rela.got
 *(.rela.got)

.rel.bss
 *(.rel.bss)

.rela.bss
 *(.rela.bss)

.rel.plt
 *(.rel.plt)

.rela.plt
 *(.rela.plt)

.text           0x00000000    0x16a5e
 *(.vectors)
 .vectors       0x00000000      0x1f4 c:/program files (x86)/atmel/atmel studio 6.0/extensions/atmel/avrgcc/3.4.1.95/avrtoolchain/bin/../lib/gcc/avr/4.6.2/../../../../avr/lib/avrxmega7/crtx128a1.o
                0x00000000                __vector_default
                0x00000000                __vectors
 *(.vectors)
 *(.progmem.gcc*)
 .progmem.gcc_sw_table
                0x000001f4       0x2c ../../../../../../hal/project/xmega128A1/hal/Release\libhal.a(hal_gpio.o)
 .progmem.gcc_fplib
                0x00000220       0x2d c:/program files (x86)/atmel/atmel studio 6.0/extensions/atmel/avrgcc/3.4.1.95/avrtoolchain/bin/../lib/gcc/avr/4.6.2/../../../../avr/lib/avrxmega7\libm.a(atan.o)
 .progmem.gcc_fplib
                0x0000024d       0x1e c:/program files (x86)/atmel/atmel studio 6.0/extensions/atmel/avrgcc/3.4.1.95/avrtoolchain/bin/../lib/gcc/avr/4.6.2/../../../../avr/lib/avrxmega7\libm.a(fp_sinus.o)
 *(.progmem*)
 .progmem.data  0x0000026b        0x3 drv_console.o
 .progmem.data  0x0000026e       0xe7 usr_console.o
 .progmem.data  0x00000355      0x98b ../../../../../../rtos/project/atxmega128A1/arbitros/Release\libarbitros.a(arb_console.o)
 .progmem.data  0x00000ce0       0x3b ../../../../../../rtos/project/atxmega128A1/arbitros/Release\libarbitros.a(arb_printf.o)
 .progmem.data  0x00000d1b       0x24 ../../../../../../rtos/project/atxmega128A1/arbitros/Release\libarbitros.a(arb_scheduler.o)
 .progmem.data  0x00000d3f       0x10 ../../../../../../packages/sd/project/atxmega128A1/sd/Release\libsd.a(SdBaseFile.o)
 .progmem.data  0x00000d4f        0x8 c:/program files (x86)/atmel/atmel studio 6.0/extensions/atmel/avrgcc/3.4.1.95/avrtoolchain/bin/../lib/gcc/avr/4.6.2/../../../../avr/lib/avrxmega7\libprintf_flt.a(vfprintf_flt.o)
 .progmem.data  0x00000d57       0xfa c:/program files (x86)/atmel/atmel studio 6.0/extensions/atmel/avrgcc/3.4.1.95/avrtoolchain/bin/../lib/gcc/avr/4.6.2/../../../../avr/lib/avrxmega7\libc.a(ftoa_engine.o)
                0x00000e52                . = ALIGN (0x2)
 *fill*         0x00000e51        0x1 00
                0x00000e52                __trampolines_start = .
 *(.trampolines)
 .trampolines   0x00000e52        0x0 linker stubs
 *(.trampolines*)
                0x00000e52                __trampolines_end = .
 *(.jumptables)
 *(.jumptables*)
 *(.lowtext)
 *(.lowtext*)
                0x00000e52                __ctors_start = .
 *(.ctors)
 .ctors         0x00000e52        0x2 ../../../../../../packages/sd/project/atxmega128A1/sd/Release\libsd.a(sdInterface.o)
 .ctors         0x00000e54        0x2 ../../../../../../packages/sd/project/atxmega128A1/sd/Release\libsd.a(MinimumSerial.o)
                0x00000e56                __ctors_end = .
                0x00000e56                __dtors_start = .
 *(.dtors)
                0x00000e56                __dtors_end = .
 SORT(*)(.ctors)
 SORT(*)(.dtors)
 *(.init0)
 .init0         0x00000e56        0x0 c:/program files (x86)/atmel/atmel studio 6.0/extensions/atmel/avrgcc/3.4.1.95/avrtoolchain/bin/../lib/gcc/avr/4.6.2/../../../../avr/lib/avrxmega7/crtx128a1.o
                0x00000e56                __init
 *(.init0)
 *(.init1)
 *(.init1)
 *(.init2)
 .init2         0x00000e56       0x18 c:/program files (x86)/atmel/atmel studio 6.0/extensions/atmel/avrgcc/3.4.1.95/avrtoolchain/bin/../lib/gcc/avr/4.6.2/../../../../avr/lib/avrxmega7/crtx128a1.o
 *(.init2)
 *(.init3)
 *(.init3)
 *(.init4)
 .init4         0x00000e6e       0x1c c:/program files (x86)/atmel/atmel studio 6.0/extensions/atmel/avrgcc/3.4.1.95/avrtoolchain/bin/../lib/gcc/avr/4.6.2/avrxmega7\libgcc.a(_copy_data.o)
                0x00000e6e                __do_copy_data
 .init4         0x00000e8a       0x10 c:/program files (x86)/atmel/atmel studio 6.0/extensions/atmel/avrgcc/3.4.1.95/avrtoolchain/bin/../lib/gcc/avr/4.6.2/avrxmega7\libgcc.a(_clear_bss.o)
                0x00000e8a                __do_clear_bss
 *(.init4)
 *(.init5)
 *(.init5)
 *(.init6)
 .init6         0x00000e9a       0x22 c:/program files (x86)/atmel/atmel studio 6.0/extensions/atmel/avrgcc/3.4.1.95/avrtoolchain/bin/../lib/gcc/avr/4.6.2/avrxmega7\libgcc.a(_ctors.o)
                0x00000e9a                __do_global_ctors
 *(.init6)
 *(.init7)
 *(.init7)
 *(.init8)
 *(.init8)
 *(.init9)
 .init9         0x00000ebc        0x8 c:/program files (x86)/atmel/atmel studio 6.0/extensions/atmel/avrgcc/3.4.1.95/avrtoolchain/bin/../lib/gcc/avr/4.6.2/../../../../avr/lib/avrxmega7/crtx128a1.o
 *(.init9)
 *(.text)
 .text          0x00000ec4        0x4 c:/program files (x86)/atmel/atmel studio 6.0/extensions/atmel/avrgcc/3.4.1.95/avrtoolchain/bin/../lib/gcc/avr/4.6.2/../../../../avr/lib/avrxmega7/crtx128a1.o
                0x00000ec4                __vector_38
                0x00000ec4                __vector_63
                0x00000ec4                __vector_1
                0x00000ec4                __vector_32
                0x00000ec4                __vector_75
                0x00000ec4                __vector_71
                0x00000ec4                __vector_102
                0x00000ec4                __vector_12
                0x00000ec4                __vector_69
                0x00000ec4                __vector_90
                0x00000ec4                __vector_46
                0x00000ec4                __bad_interrupt
                0x00000ec4                __vector_72
                0x00000ec4                __vector_31
                0x00000ec4                __vector_78
                0x00000ec4                __vector_74
                0x00000ec4                __vector_39
                0x00000ec4                __vector_107
                0x00000ec4                __vector_68
                0x00000ec4                __vector_30
                0x00000ec4                __vector_73
                0x00000ec4                __vector_45
                0x00000ec4                __vector_93
                0x00000ec4                __vector_11
                0x00000ec4                __vector_54
                0x00000ec4                __vector_13
                0x00000ec4                __vector_41
                0x00000ec4                __vector_109
                0x00000ec4                __vector_27
                0x00000ec4                __vector_33
                0x00000ec4                __vector_76
                0x00000ec4                __vector_115
                0x00000ec4                __vector_37
                0x00000ec4                __vector_103
                0x00000ec4                __vector_106
                0x00000ec4                __vector_21
                0x00000ec4                __vector_36
                0x00000ec4                __vector_70
                0x00000ec4                __vector_60
                0x00000ec4                __vector_121
                0x00000ec4                __vector_40
                0x00000ec4                __vector_48
                0x00000ec4                __vector_124
                0x00000ec4                __vector_84
                0x00000ec4                __vector_10
                0x00000ec4                __vector_42
 .text          0x00000ec8      0xc42 drv_console.o
                0x000018de                drv_consoleInit
                0x00001aa8                drv_consoleExit
 .text          0x00001b0a      0x650 drv_sd.o
                0x00002034                drv_sdInit
                0x0000212a                drv_sdExit
 .text          0x0000215a     0x19ce drv_signal.o
                0x0000391c                drv_signalInit
                0x00003b04                drv_signalExit
 .text          0x00003b28       0xc6 usr_appInit.o
                0x00003b28                usr_appInit
 .text          0x00003bee       0xc2 usr_console.o
                0x00003bee                usr_console
 .text          0x00003cb0      0x9fa usr_mathTest.o
                0x0000462a                usr_mathTestInit
 .text          0x000046aa     0x11d2 ../../../../../../hal/project/xmega128A1/hal/Release\libhal.a(hal_gpio.o)
                0x00004a7a                __vector_66
                0x00004af6                __vector_67
                0x00004b72                __vector_34
                0x00004bee                __vector_35
                0x00004c6a                __vector_2
                0x00004ce6                __vector_3
                0x00004d62                __vector_64
                0x00004dde                __vector_65
                0x00004e5a                __vector_43
                0x00004ed6                __vector_44
                0x00004f52                __vector_104
                0x00004fce                __vector_105
                0x0000504a                __vector_96
                0x000050c6                __vector_97
                0x00005142                __vector_98
                0x000051be                __vector_99
                0x0000523a                __vector_100
                0x000052b6                __vector_101
                0x00005332                __vector_94
                0x000053ae                __vector_95
                0x0000542a                __vector_4
                0x000054a6                __vector_5
                0x00005522                hal_configureGpioPort
                0x000055de                hal_requestGpioInt
                0x0000571c                hal_releaseGpioInt
 .text          0x0000587c     0x219c ../../../../../../hal/project/xmega128A1/hal/Release\libhal.a(hal_spi.o)
                0x00005e2a                __vector_24
                0x00005e9a                __vector_87
                0x00005f0a                __vector_57
                0x00005f7a                __vector_118
                0x00005fea                hal_spiConfCallBack
                0x00006052                hal_spiSetChipSelect
                0x000062ec                hal_spiReadByte
                0x0000638e                hal_spiWriteByte
                0x0000642c                hal_spiSetBaudRate
                0x00006732                hal_spiReadBlock
                0x00006a5c                hal_spiWriteBlock
                0x00006d76                hal_spiReadWrite
                0x0000708c                hal_requestSpiChannel
                0x00007376                hal_releaseSpiChannel
                0x0000742e                hal_configureSpiChannel
 .text          0x00007a18     0x1968 ../../../../../../hal/project/xmega128A1/hal/Release\libhal.a(hal_uart.o)
                0x00007d38                __vector_25
                0x00007da4                __vector_26
                0x00007e10                __vector_28
                0x00007e7c                __vector_29
                0x00007ee8                __vector_88
                0x00007f54                __vector_89
                0x00007fc0                __vector_91
                0x0000802c                __vector_92
                0x00008098                __vector_58
                0x00008104                __vector_59
                0x00008170                __vector_61
                0x000081dc                __vector_62
                0x00008248                __vector_119
                0x000082b4                __vector_120
                0x00008320                __vector_122
                0x0000838c                __vector_123
                0x000083f8                hal_enableUartRxInt
                0x00008464                hal_disableUartRxInt
                0x000084be                hal_uartWriteByte
                0x00008530                hal_uartReadBlock
                0x0000865a                hal_uartWriteBlock
                0x00008808                hal_uartGetBaudRate
                0x0000886e                hal_uartGetDataAddress
                0x000088d8                hal_requestUartChannel
                0x00008ba2                hal_releaseUartChannel
                0x00008d6e                hal_configureUartChannel
 .text          0x00009380       0x5c ../../../../../../hal/project/xmega128A1/hal/Release\libhal.a(hal_clocks.o)
                0x00009380                hal_getCpuFreq
                0x00009392                hal_setCpuFreq
 .text          0x000093dc      0xe50 ../../../../../../hal/project/xmega128A1/hal/Release\libhal.a(hal_dma.o)
                0x00009434                __vector_6
                0x000094ca                __vector_7
                0x00009560                __vector_8
                0x000095f6                __vector_9
                0x0000968c                hal_requestDmaInterrupt
                0x0000978c                hal_releaseDmaInterrupt
                0x00009864                hal_requestDmaChannel
                0x000099b0                hal_releaseDmaChannel
                0x00009b22                hal_setDmaBlockSize
                0x00009b92                hal_setDmaSourceAddress
                0x00009c26                hal_setDmaDestAddress
                0x00009cba                hal_getDmaStatus
                0x00009d0a                hal_getDmaTransferCount
                0x00009d54                hal_configureDmaChannel
                0x00009fb4                hal_resetDmaController
                0x00009fc8                hal_dmaStartTransfer
                0x0000a03a                hal_getDmaIntStatus
                0x0000a0a6                hal_getDmaChannelId
                0x0000a0e6                hal_clearDmaIntStatus
                0x0000a178                hal_dmaEnableChannel
                0x0000a1d2                hal_dmaDisableChannel
 .text          0x0000a22c        0xc ../../../../../../hal/project/xmega128A1/hal/Release\libhal.a(hal_pmic.o)
                0x0000a22c                hal_configureIntLevel
 .text          0x0000a238     0x1ff6 ../../../../../../hal/project/xmega128A1/hal/Release\libhal.a(hal_timer.o)
                0x0000a290                __vector_15
                0x0000a2ac                __vector_16
                0x0000a322                __vector_17
                0x0000a398                __vector_18
                0x0000a40e                __vector_19
                0x0000a484                __vector_14
                0x0000a4fa                __vector_22
                0x0000a570                __vector_23
                0x0000a5e6                __vector_20
                0x0000a65c                __vector_79
                0x0000a6d2                __vector_80
                0x0000a748                __vector_81
                0x0000a7be                __vector_82
                0x0000a834                __vector_77
                0x0000a8aa                __vector_85
                0x0000a920                __vector_86
                0x0000a996                __vector_83
                0x0000aa0c                __vector_49
                0x0000aa82                __vector_50
                0x0000aaf8                __vector_51
                0x0000ab6e                __vector_52
                0x0000abe4                __vector_47
                0x0000ac5a                __vector_55
                0x0000acd0                __vector_56
                0x0000ad46                __vector_53
                0x0000adbc                __vector_110
                0x0000ae32                __vector_111
                0x0000aea8                __vector_112
                0x0000af1e                __vector_113
                0x0000af94                __vector_108
                0x0000b00a                __vector_116
                0x0000b080                __vector_117
                0x0000b0f6                __vector_114
                0x0000b16c                hal_requestTimerInterrupt
                0x0000b314                hal_releaseTimerInterrupt
                0x0000b4c0                hal_requestTimer
                0x0000b61a                hal_releaseTimer
                0x0000b812                hal_configureTimer
                0x0000ba74                hal_startTimer
                0x0000bafa                hal_stopTimer
                0x0000bb72                hal_getTimerCount
                0x0000bbe2                hal_setCompareValue
                0x0000bc82                hal_getPeriodValue
                0x0000bcf2                hal_getCompareValue
                0x0000bd9e                hal_getIntStatus
                0x0000be62                hal_clearIntStatus
                0x0000bf10                hal_enableCompareChannel
                0x0000c140                hal_disableCompareChannel
 .text          0x0000c22e      0x2e0 ../../../../../../hal/project/xmega128A1/hal/Release\libhal.a(hal_watchDog.o)
                0x0000c22e                hal_requestWdAccess
                0x0000c2ac                hal_releaseWdAccess
                0x0000c30c                hal_configureWd
                0x0000c446                hal_wdDisable
                0x0000c49c                hal_wdEnable
 .text          0x0000c50e       0xe8 c:/program files (x86)/atmel/atmel studio 6.0/extensions/atmel/avrgcc/3.4.1.95/avrtoolchain/bin/../lib/gcc/avr/4.6.2/avrxmega7\libgcc.a(_lshrdi3.o)
                0x0000c50e                __lshrdi3
                0x0000c5f6                . = ALIGN (0x2)
 *(.text.*)
 .text.arb_consoleInit
                0x0000c5f6       0xcc ../../../../../../rtos/project/atxmega128A1/arbitros/Release\libarbitros.a(arb_console.o)
                0x0000c5f6                arb_consoleInit
 .text.arb_console
                0x0000c6c2     0x13ec ../../../../../../rtos/project/atxmega128A1/arbitros/Release\libarbitros.a(arb_console.o)
 .text.arb_getDeviceList
                0x0000daae        0xc ../../../../../../rtos/project/atxmega128A1/arbitros/Release\libarbitros.a(arb_device.o)
                0x0000daae                arb_getDeviceList
 .text.arb_read
                0x0000daba       0x70 ../../../../../../rtos/project/atxmega128A1/arbitros/Release\libarbitros.a(arb_device.o)
                0x0000daba                arb_read
 .text.arb_write
                0x0000db2a       0x70 ../../../../../../rtos/project/atxmega128A1/arbitros/Release\libarbitros.a(arb_device.o)
                0x0000db2a                arb_write
 .text.arb_getDevName
                0x0000db9a       0x46 ../../../../../../rtos/project/atxmega128A1/arbitros/Release\libarbitros.a(arb_device.o)
                0x0000db9a                arb_getDevName
 .text.arb_ioctl
                0x0000dbe0       0x88 ../../../../../../rtos/project/atxmega128A1/arbitros/Release\libarbitros.a(arb_device.o)
                0x0000dbe0                arb_ioctl
 .text.arb_close
                0x0000dc68       0x86 ../../../../../../rtos/project/atxmega128A1/arbitros/Release\libarbitros.a(arb_device.o)
                0x0000dc68                arb_close
 .text.arb_getDeviceLinkByName
                0x0000dcee       0x74 ../../../../../../rtos/project/atxmega128A1/arbitros/Release\libarbitros.a(arb_device.o)
 .text.arb_destroyDevice
                0x0000dd62       0xf2 ../../../../../../rtos/project/atxmega128A1/arbitros/Release\libarbitros.a(arb_device.o)
                0x0000dd62                arb_destroyDevice
 .text.arb_registerDevice
                0x0000de54      0x13c ../../../../../../rtos/project/atxmega128A1/arbitros/Release\libarbitros.a(arb_device.o)
                0x0000de54                arb_registerDevice
 .text.arb_open
                0x0000df90      0x18c ../../../../../../rtos/project/atxmega128A1/arbitros/Release\libarbitros.a(arb_device.o)
                0x0000df90                arb_open
 .text.main     0x0000e11c       0x20 ../../../../../../rtos/project/atxmega128A1/arbitros/Release\libarbitros.a(arb_main.o)
                0x0000e11c                main
 .text.arb_setPrintfDbgLevel
                0x0000e13c       0x22 ../../../../../../rtos/project/atxmega128A1/arbitros/Release\libarbitros.a(arb_printf.o)
                0x0000e13c                arb_setPrintfDbgLevel
 .text.arb_printfInit
                0x0000e15e       0xb0 ../../../../../../rtos/project/atxmega128A1/arbitros/Release\libarbitros.a(arb_printf.o)
                0x0000e15e                arb_printfInit
 .text.arb_sysPrintChar
                0x0000e20e       0x2a ../../../../../../rtos/project/atxmega128A1/arbitros/Release\libarbitros.a(arb_printf.o)
                0x0000e20e                arb_sysPrintChar
 .text.arb_printfFlushBuf
                0x0000e238      0x222 ../../../../../../rtos/project/atxmega128A1/arbitros/Release\libarbitros.a(arb_printf.o)
                0x0000e238                arb_printfFlushBuf
 .text.arb_printf
                0x0000e45a      0x290 ../../../../../../rtos/project/atxmega128A1/arbitros/Release\libarbitros.a(arb_printf.o)
                0x0000e45a                arb_printf
 .text.arb_getOneMinLoadingEst
                0x0000e6ea       0x12 ../../../../../../rtos/project/atxmega128A1/arbitros/Release\libarbitros.a(arb_scheduler.o)
                0x0000e6ea                arb_getOneMinLoadingEst
 .text.arb_getFiveMinLoadingEst
                0x0000e6fc       0x12 ../../../../../../rtos/project/atxmega128A1/arbitros/Release\libarbitros.a(arb_scheduler.o)
                0x0000e6fc                arb_getFiveMinLoadingEst
 .text.arb_roundRobinScheduler
                0x0000e70e      0x3b0 ../../../../../../rtos/project/atxmega128A1/arbitros/Release\libarbitros.a(arb_scheduler.o)
 .text.arb_priorityScheduler
                0x0000eabe      0x408 ../../../../../../rtos/project/atxmega128A1/arbitros/Release\libarbitros.a(arb_scheduler.o)
 .text.arb_schedulerStart
                0x0000eec6      0x194 ../../../../../../rtos/project/atxmega128A1/arbitros/Release\libarbitros.a(arb_scheduler.o)
                0x0000eec6                arb_schedulerStart
 .text.arb_schedulerInit
                0x0000f05a       0xc6 ../../../../../../rtos/project/atxmega128A1/arbitros/Release\libarbitros.a(arb_scheduler.o)
                0x0000f05a                arb_schedulerInit
 .text.arb_semaphoreDestroy
                0x0000f120       0xee ../../../../../../rtos/project/atxmega128A1/arbitros/Release\libarbitros.a(arb_semaphore.o)
                0x0000f120                arb_semaphoreDestroy
 .text.arb_semaphoreCreate
                0x0000f20e       0xaa ../../../../../../rtos/project/atxmega128A1/arbitros/Release\libarbitros.a(arb_semaphore.o)
                0x0000f20e                arb_semaphoreCreate
 .text.arb_yieldFromSignalActiveInt
                0x0000f2b8      0x132 ../../../../../../rtos/project/atxmega128A1/arbitros/Release\libarbitros.a(arb_semaphore.o)
 .text.arb_yieldFromSignalIntsOn
                0x0000f3ea      0x132 ../../../../../../rtos/project/atxmega128A1/arbitros/Release\libarbitros.a(arb_semaphore.o)
 .text.arb_yieldFromSignalIntsOff
                0x0000f51c      0x128 ../../../../../../rtos/project/atxmega128A1/arbitros/Release\libarbitros.a(arb_semaphore.o)
 .text.arb_signal
                0x0000f644      0x3a0 ../../../../../../rtos/project/atxmega128A1/arbitros/Release\libarbitros.a(arb_semaphore.o)
                0x0000f644                arb_signal
 .text.arb_yieldFromWaitIntsOn
                0x0000f9e4      0x17c ../../../../../../rtos/project/atxmega128A1/arbitros/Release\libarbitros.a(arb_semaphore.o)
 .text.arb_yieldFromWaitIntsOff
                0x0000fb60      0x172 ../../../../../../rtos/project/atxmega128A1/arbitros/Release\libarbitros.a(arb_semaphore.o)
 .text.arb_wait
                0x0000fcd2       0xe4 ../../../../../../rtos/project/atxmega128A1/arbitros/Release\libarbitros.a(arb_semaphore.o)
                0x0000fcd2                arb_wait
 .text.updateSystemTime
                0x0000fdb6      0x2ac ../../../../../../rtos/project/atxmega128A1/arbitros/Release\libarbitros.a(arb_sysTimer.o)
 .text.arb_sysMsecNow
                0x00010062       0x22 ../../../../../../rtos/project/atxmega128A1/arbitros/Release\libarbitros.a(arb_sysTimer.o)
                0x00010062                arb_sysMsecNow
 .text.arb_sysMsecDelta
                0x00010084      0x15c ../../../../../../rtos/project/atxmega128A1/arbitros/Release\libarbitros.a(arb_sysTimer.o)
                0x00010084                arb_sysMsecDelta
 .text.arb_sysTimerEnabled
                0x000101e0        0x6 ../../../../../../rtos/project/atxmega128A1/arbitros/Release\libarbitros.a(arb_sysTimer.o)
                0x000101e0                arb_sysTimerEnabled
 .text.arb_setSysTime
                0x000101e6       0x64 ../../../../../../rtos/project/atxmega128A1/arbitros/Release\libarbitros.a(arb_sysTimer.o)
                0x000101e6                arb_setSysTime
 .text.arb_resetSysTime
                0x0001024a       0x4a ../../../../../../rtos/project/atxmega128A1/arbitros/Release\libarbitros.a(arb_sysTimer.o)
                0x0001024a                arb_resetSysTime
 .text.arb_sysTimerInit
                0x00010294       0x8a ../../../../../../rtos/project/atxmega128A1/arbitros/Release\libarbitros.a(arb_sysTimer.o)
                0x00010294                arb_sysTimerInit
 .text.sysTimerInterrupt
                0x0001031e      0x154 ../../../../../../rtos/project/atxmega128A1/arbitros/Release\libarbitros.a(arb_sysTimer.o)
 .text.arb_sysTimerStart
                0x00010472       0x22 ../../../../../../rtos/project/atxmega128A1/arbitros/Release\libarbitros.a(arb_sysTimer.o)
                0x00010472                arb_sysTimerStart
 .text.arb_sysTimeNow
                0x00010494      0x30c ../../../../../../rtos/project/atxmega128A1/arbitros/Release\libarbitros.a(arb_sysTimer.o)
                0x00010494                arb_sysTimeNow
 .text.arb_updateSleepingThreads
                0x000107a0       0x62 ../../../../../../rtos/project/atxmega128A1/arbitros/Release\libarbitros.a(arb_thread.o)
                0x000107a0                arb_updateSleepingThreads
 .text.arb_threadCreate
                0x00010802      0x130 ../../../../../../rtos/project/atxmega128A1/arbitros/Release\libarbitros.a(arb_thread.o)
                0x00010802                arb_threadCreate
 .text.arb_yieldFromSleepIntsOn
                0x00010932      0x132 ../../../../../../rtos/project/atxmega128A1/arbitros/Release\libarbitros.a(arb_thread.o)
 .text.arb_yieldFromSleepIntsOff
                0x00010a64      0x128 ../../../../../../rtos/project/atxmega128A1/arbitros/Release\libarbitros.a(arb_thread.o)
 .text.arb_sleep
                0x00010b8c       0x4c ../../../../../../rtos/project/atxmega128A1/arbitros/Release\libarbitros.a(arb_thread.o)
                0x00010b8c                arb_sleep
 .text.hal_initThreadStack
                0x00010bd8       0x98 ../../../../../../rtos/project/atxmega128A1/arbitros/Release\libarbitros.a(hal_initThreadStack.o)
                0x00010bd8                hal_initThreadStack
 .text.arb_stackOverflow
                0x00010c70       0x72 ../../../../../../rtos/project/atxmega128A1/arbitros/Release\libarbitros.a(arb_error.o)
                0x00010c70                arb_stackOverflow
 .text.arb_idleInit
                0x00010ce2       0x6e ../../../../../../rtos/project/atxmega128A1/arbitros/Release\libarbitros.a(arb_idle.o)
                0x00010ce2                arb_idleInit
 .text.arb_idle
                0x00010d50      0x138 ../../../../../../rtos/project/atxmega128A1/arbitros/Release\libarbitros.a(arb_idle.o)
                0x00010d50                arb_idle
 .text.utl_getBufferFullLevel
                0x00010e88       0x28 ../../../../../../utilities/project/atxmega128A1/utilities/Release\libutilities.a(utl_buffer.o)
                0x00010e88                utl_getBufferFullLevel
 .text.utl_getBufferSize
                0x00010eb0       0x28 ../../../../../../utilities/project/atxmega128A1/utilities/Release\libutilities.a(utl_buffer.o)
                0x00010eb0                utl_getBufferSize
 .text.utl_getBufferPtr
                0x00010ed8       0x28 ../../../../../../utilities/project/atxmega128A1/utilities/Release\libutilities.a(utl_buffer.o)
                0x00010ed8                utl_getBufferPtr
 .text.utl_writeByte
                0x00010f00       0x6a ../../../../../../utilities/project/atxmega128A1/utilities/Release\libutilities.a(utl_buffer.o)
                0x00010f00                utl_writeByte
 .text.utl_incrBufRdPtr
                0x00010f6a       0x4e ../../../../../../utilities/project/atxmega128A1/utilities/Release\libutilities.a(utl_buffer.o)
                0x00010f6a                utl_incrBufRdPtr
 .text.utl_getBufRdPtr
                0x00010fb8       0x28 ../../../../../../utilities/project/atxmega128A1/utilities/Release\libutilities.a(utl_buffer.o)
                0x00010fb8                utl_getBufRdPtr
 .text.utl_buffEraseTailByte
                0x00010fe0       0x6a ../../../../../../utilities/project/atxmega128A1/utilities/Release\libutilities.a(utl_buffer.o)
                0x00010fe0                utl_buffEraseTailByte
 .text.ult_resetBuffer
                0x0001104a       0x30 ../../../../../../utilities/project/atxmega128A1/utilities/Release\libutilities.a(utl_buffer.o)
                0x0001104a                ult_resetBuffer
 .text.utl_destroyBuffer
                0x0001107a       0x42 ../../../../../../utilities/project/atxmega128A1/utilities/Release\libutilities.a(utl_buffer.o)
                0x0001107a                utl_destroyBuffer
 .text.utl_createBuffer
                0x000110bc       0xa4 ../../../../../../utilities/project/atxmega128A1/utilities/Release\libutilities.a(utl_buffer.o)
                0x000110bc                utl_createBuffer
 .text.utl_readBlock
                0x00011160       0xc0 ../../../../../../utilities/project/atxmega128A1/utilities/Release\libutilities.a(utl_buffer.o)
                0x00011160                utl_readBlock
 .text.utl_writeBlock
                0x00011220       0xbc ../../../../../../utilities/project/atxmega128A1/utilities/Release\libutilities.a(utl_buffer.o)
                0x00011220                utl_writeBlock
 .text.utl_insertLink
                0x000112dc       0xf6 ../../../../../../utilities/project/atxmega128A1/utilities/Release\libutilities.a(utl_linkedlist.o)
                0x000112dc                utl_insertLink
 .text.utl_removeLink
                0x000113d2      0x102 ../../../../../../utilities/project/atxmega128A1/utilities/Release\libutilities.a(utl_linkedlist.o)
                0x000113d2                utl_removeLink
 .text.utl_destroyLink
                0x000114d4      0x15e ../../../../../../utilities/project/atxmega128A1/utilities/Release\libutilities.a(utl_linkedlist.o)
                0x000114d4                utl_destroyLink
 .text.utl_destroyContainer
                0x00011632       0x8a ../../../../../../utilities/project/atxmega128A1/utilities/Release\libutilities.a(utl_linkedlist.o)
                0x00011632                utl_destroyContainer
 .text.utl_createLink
                0x000116bc       0xd4 ../../../../../../utilities/project/atxmega128A1/utilities/Release\libutilities.a(utl_linkedlist.o)
                0x000116bc                utl_createLink
 .text.utl_createContainer
                0x00011790       0x86 ../../../../../../utilities/project/atxmega128A1/utilities/Release\libutilities.a(utl_linkedlist.o)
                0x00011790                utl_createContainer
 .text.utl_cos16_16
                0x00011816       0xca ../../../../../../utilities/project/atxmega128A1/utilities/Release\libutilities.a(utl_math.o)
                0x00011816                utl_cos16_16
 .text.utl_atan2_16
                0x000118e0      0x262 ../../../../../../utilities/project/atxmega128A1/utilities/Release\libutilities.a(utl_math.o)
                0x000118e0                utl_atan2_16
 .text.sd_begin
                0x00011b42       0x26 ../../../../../../packages/sd/project/atxmega128A1/sd/Release\libsd.a(sdInterface.o)
                0x00011b42                sd_begin
 .text.sd_init  0x00011b68       0x26 ../../../../../../packages/sd/project/atxmega128A1/sd/Release\libsd.a(sdInterface.o)
                0x00011b68                sd_init
 .text.sd_open  0x00011b8e      0x1a8 ../../../../../../packages/sd/project/atxmega128A1/sd/Release\libsd.a(sdInterface.o)
                0x00011b8e                sd_open
 .text.sd_close
                0x00011d36       0x34 ../../../../../../packages/sd/project/atxmega128A1/sd/Release\libsd.a(sdInterface.o)
                0x00011d36                sd_close
 .text.sd_ls    0x00011d6a        0xc ../../../../../../packages/sd/project/atxmega128A1/sd/Release\libsd.a(sdInterface.o)
                0x00011d6a                sd_ls
 .text.sd_chdir
                0x00011d76        0xe ../../../../../../packages/sd/project/atxmega128A1/sd/Release\libsd.a(sdInterface.o)
                0x00011d76                sd_chdir
 .text.sd_mkdir
                0x00011d84       0x32 ../../../../../../packages/sd/project/atxmega128A1/sd/Release\libsd.a(sdInterface.o)
                0x00011d84                sd_mkdir
 .text.sd_rmdir
                0x00011db6        0xc ../../../../../../packages/sd/project/atxmega128A1/sd/Release\libsd.a(sdInterface.o)
                0x00011db6                sd_rmdir
 .text.sd_remove
                0x00011dc2        0xc ../../../../../../packages/sd/project/atxmega128A1/sd/Release\libsd.a(sdInterface.o)
                0x00011dc2                sd_remove
 .text.sd_rmDashR
                0x00011dce        0xa ../../../../../../packages/sd/project/atxmega128A1/sd/Release\libsd.a(sdInterface.o)
                0x00011dce                sd_rmDashR
 .text.sd_write
                0x00011dd8       0x3a ../../../../../../packages/sd/project/atxmega128A1/sd/Release\libsd.a(sdInterface.o)
                0x00011dd8                sd_write
 .text.sd_read  0x00011e12       0x3c ../../../../../../packages/sd/project/atxmega128A1/sd/Release\libsd.a(sdInterface.o)
                0x00011e12                sd_read
 .text.sd_fileSize
                0x00011e4e        0xc ../../../../../../packages/sd/project/atxmega128A1/sd/Release\libsd.a(sdInterface.o)
                0x00011e4e                sd_fileSize
 .text.sd_rewind
                0x00011e5a        0xe ../../../../../../packages/sd/project/atxmega128A1/sd/Release\libsd.a(sdInterface.o)
                0x00011e5a                sd_rewind
 .text.sd_truncate
                0x00011e68        0x8 ../../../../../../packages/sd/project/atxmega128A1/sd/Release\libsd.a(sdInterface.o)
                0x00011e68                sd_truncate
 .text.startup._GLOBAL__sub_I_sd_begin
                0x00011e70       0x18 ../../../../../../packages/sd/project/atxmega128A1/sd/Release\libsd.a(sdInterface.o)
 .text._ZL18blockTransCompletePaj
                0x00011e88        0x8 ../../../../../../packages/sd/project/atxmega128A1/sd/Release\libsd.a(Sd2Card.o)
 .text._ZL9CRC_CCITTPKhj
                0x00011e90       0x5e ../../../../../../packages/sd/project/atxmega128A1/sd/Release\libsd.a(Sd2Card.o)
 .text._ZL7spiSendh
                0x00011eee       0x12 ../../../../../../packages/sd/project/atxmega128A1/sd/Release\libsd.a(Sd2Card.o)
 .text._ZL6spiRecv
                0x00011f00       0x26 ../../../../../../packages/sd/project/atxmega128A1/sd/Release\libsd.a(Sd2Card.o)
 .text.millis   0x00011f26        0xc ../../../../../../packages/sd/project/atxmega128A1/sd/Release\libsd.a(Sd2Card.o)
                0x00011f26                millis
 .text._Z11millisDeltamm
                0x00011f32       0x74 ../../../../../../packages/sd/project/atxmega128A1/sd/Release\libsd.a(Sd2Card.o)
                0x00011f32                millisDelta(unsigned long, unsigned long)
 .text._ZN7Sd2Card14chipSelectHighEv
                0x00011fa6       0x16 ../../../../../../packages/sd/project/atxmega128A1/sd/Release\libsd.a(Sd2Card.o)
                0x00011fa6                Sd2Card::chipSelectHigh()
 .text._ZN7Sd2Card13chipSelectLowEv
                0x00011fbc       0x10 ../../../../../../packages/sd/project/atxmega128A1/sd/Release\libsd.a(Sd2Card.o)
                0x00011fbc                Sd2Card::chipSelectLow()
 .text._ZN7Sd2Card8readDataEPhj
                0x00011fcc      0x14c ../../../../../../packages/sd/project/atxmega128A1/sd/Release\libsd.a(Sd2Card.o)
                0x00011fcc                Sd2Card::readData(unsigned char*, unsigned int)
 .text._ZN7Sd2Card8readDataEPh
                0x00012118       0x26 ../../../../../../packages/sd/project/atxmega128A1/sd/Release\libsd.a(Sd2Card.o)
                0x00012118                Sd2Card::readData(unsigned char*)
 .text._ZN7Sd2Card11waitNotBusyEj
                0x0001213e       0x5a ../../../../../../packages/sd/project/atxmega128A1/sd/Release\libsd.a(Sd2Card.o)
                0x0001213e                Sd2Card::waitNotBusy(unsigned int)
 .text._ZN7Sd2Card11cardCommandEhm
                0x00012198       0xda ../../../../../../packages/sd/project/atxmega128A1/sd/Release\libsd.a(Sd2Card.o)
                0x00012198                Sd2Card::cardCommand(unsigned char, unsigned long)
 .text._ZN7Sd2Card8readStopEv
                0x00012272       0x38 ../../../../../../packages/sd/project/atxmega128A1/sd/Release\libsd.a(Sd2Card.o)
                0x00012272                Sd2Card::readStop()
 .text._ZN7Sd2Card9readStartEm
                0x000122aa       0x46 ../../../../../../packages/sd/project/atxmega128A1/sd/Release\libsd.a(Sd2Card.o)
                0x000122aa                Sd2Card::readStart(unsigned long)
 .text._ZN7Sd2Card9readBlockEmPh
                0x000122f0       0x68 ../../../../../../packages/sd/project/atxmega128A1/sd/Release\libsd.a(Sd2Card.o)
                0x000122f0                Sd2Card::readBlock(unsigned long, unsigned char*)
 .text._ZN7Sd2Card4initEi
                0x00012358      0x208 ../../../../../../packages/sd/project/atxmega128A1/sd/Release\libsd.a(Sd2Card.o)
                0x00012358                Sd2Card::init(int)
 .text._ZN7Sd2Card9writeDataEhPKh
                0x00012560      0x102 ../../../../../../packages/sd/project/atxmega128A1/sd/Release\libsd.a(Sd2Card.o)
                0x00012560                Sd2Card::writeData(unsigned char, unsigned char const*)
 .text._ZN7Sd2Card9writeDataEPKh
                0x00012662       0x4c ../../../../../../packages/sd/project/atxmega128A1/sd/Release\libsd.a(Sd2Card.o)
                0x00012662                Sd2Card::writeData(unsigned char const*)
 .text._ZN7Sd2Card10writeBlockEmPKh
                0x000126ae       0xa2 ../../../../../../packages/sd/project/atxmega128A1/sd/Release\libsd.a(Sd2Card.o)
                0x000126ae                Sd2Card::writeBlock(unsigned long, unsigned char const*)
 .text._ZN7Sd2Card10writeStartEmm
                0x00012750       0x96 ../../../../../../packages/sd/project/atxmega128A1/sd/Release\libsd.a(Sd2Card.o)
                0x00012750                Sd2Card::writeStart(unsigned long, unsigned long)
 .text._ZN7Sd2Card9writeStopEv
                0x000127e6       0x48 ../../../../../../packages/sd/project/atxmega128A1/sd/Release\libsd.a(Sd2Card.o)
                0x000127e6                Sd2Card::writeStop()
 .text._ZL7print2uP5Printh
                0x0001282e       0x30 ../../../../../../packages/sd/project/atxmega128A1/sd/Release\libsd.a(SdBaseFile.o)
 .text._ZN10SdBaseFile10addClusterEv
                0x0001285e       0x54 ../../../../../../packages/sd/project/atxmega128A1/sd/Release\libsd.a(SdBaseFile.o)
                0x0001285e                SdBaseFile::addCluster()
 .text._ZN10SdBaseFile13addDirClusterEv
                0x000128b2       0xf8 ../../../../../../packages/sd/project/atxmega128A1/sd/Release\libsd.a(SdBaseFile.o)
                0x000128b2                SdBaseFile::addDirCluster()
 .text._ZN10SdBaseFile13cacheDirEntryEh
                0x000129aa       0x3c ../../../../../../packages/sd/project/atxmega128A1/sd/Release\libsd.a(SdBaseFile.o)
                0x000129aa                SdBaseFile::cacheDirEntry(unsigned char)
 .text._ZN10SdBaseFile7dirNameERK14directoryEntryPc
                0x000129e6       0x3a ../../../../../../packages/sd/project/atxmega128A1/sd/Release\libsd.a(SdBaseFile.o)
                0x000129e6                SdBaseFile::dirName(directoryEntry const&, char*)
 .text._ZN10SdBaseFile11getFilenameEPc
                0x00012a20       0x38 ../../../../../../packages/sd/project/atxmega128A1/sd/Release\libsd.a(SdBaseFile.o)
                0x00012a20                SdBaseFile::getFilename(char*)
 .text._ZN10SdBaseFile10make83NameEPKcPhPS1_
                0x00012a58       0x80 ../../../../../../packages/sd/project/atxmega128A1/sd/Release\libsd.a(SdBaseFile.o)
                0x00012a58                SdBaseFile::make83Name(char const*, unsigned char*, char const**)
 .text._ZN10SdBaseFile12printFatDateEP5Printj
                0x00012ad8       0x66 ../../../../../../packages/sd/project/atxmega128A1/sd/Release\libsd.a(SdBaseFile.o)
                0x00012ad8                SdBaseFile::printFatDate(Print*, unsigned int)
 .text._ZN10SdBaseFile12printFatTimeEP5Printj
                0x00012b3e       0x62 ../../../../../../packages/sd/project/atxmega128A1/sd/Release\libsd.a(SdBaseFile.o)
                0x00012b3e                SdBaseFile::printFatTime(Print*, unsigned int)
 .text._ZN10SdBaseFile4readEPvj
                0x00012ba0      0x2ce ../../../../../../packages/sd/project/atxmega128A1/sd/Release\libsd.a(SdBaseFile.o)
                0x00012ba0                SdBaseFile::read(void*, unsigned int)
 .text._ZN10SdBaseFile4readEv
                0x00012e6e       0x30 ../../../../../../packages/sd/project/atxmega128A1/sd/Release\libsd.a(SdBaseFile.o)
                0x00012e6e                SdBaseFile::read()
 .text._ZN10SdBaseFile11lsPrintNextEP5Printhh
                0x00012e9e      0x19e ../../../../../../packages/sd/project/atxmega128A1/sd/Release\libsd.a(SdBaseFile.o)
                0x00012e9e                SdBaseFile::lsPrintNext(Print*, unsigned char, unsigned char)
 .text._ZN10SdBaseFile12readDirCacheEv
                0x0001303c       0x74 ../../../../../../packages/sd/project/atxmega128A1/sd/Release\libsd.a(SdBaseFile.o)
                0x0001303c                SdBaseFile::readDirCache()
 .text._ZN10SdBaseFile7seekSetEm
                0x000130b0      0x134 ../../../../../../packages/sd/project/atxmega128A1/sd/Release\libsd.a(SdBaseFile.o)
                0x000130b0                SdBaseFile::seekSet(unsigned long)
 .text._ZN10SdBaseFile6rewindEv
                0x000131e4        0xc ../../../../../../packages/sd/project/atxmega128A1/sd/Release\libsd.a(SdBaseFile.o)
                0x000131e4                SdBaseFile::rewind()
 .text._ZN10SdBaseFile10setDirSizeEv
                0x000131f0       0xce ../../../../../../packages/sd/project/atxmega128A1/sd/Release\libsd.a(SdBaseFile.o)
                0x000131f0                SdBaseFile::setDirSize()
 .text._ZN10SdBaseFile8openRootEP8SdVolume
                0x000132be       0x90 ../../../../../../packages/sd/project/atxmega128A1/sd/Release\libsd.a(SdBaseFile.o)
                0x000132be                SdBaseFile::openRoot(SdVolume*)
 .text._ZN10SdBaseFile4syncEv
                0x0001334e       0x96 ../../../../../../packages/sd/project/atxmega128A1/sd/Release\libsd.a(SdBaseFile.o)
                0x0001334e                SdBaseFile::sync()
 .text._ZN10SdBaseFile5closeEv
                0x000133e4       0x12 ../../../../../../packages/sd/project/atxmega128A1/sd/Release\libsd.a(SdBaseFile.o)
                0x000133e4                SdBaseFile::close()
 .text._ZN10SdBaseFile8truncateEm
                0x000133f6      0x17c ../../../../../../packages/sd/project/atxmega128A1/sd/Release\libsd.a(SdBaseFile.o)
                0x000133f6                SdBaseFile::truncate(unsigned long)
 .text._ZN10SdBaseFile6removeEv
                0x00013572       0x36 ../../../../../../packages/sd/project/atxmega128A1/sd/Release\libsd.a(SdBaseFile.o)
                0x00013572                SdBaseFile::remove()
 .text._ZN10SdBaseFile5rmdirEv
                0x000135a8       0x68 ../../../../../../packages/sd/project/atxmega128A1/sd/Release\libsd.a(SdBaseFile.o)
                0x000135a8                SdBaseFile::rmdir()
 .text._ZN10SdBaseFile15openCachedEntryEhh
                0x00013610       0xee ../../../../../../packages/sd/project/atxmega128A1/sd/Release\libsd.a(SdBaseFile.o)
                0x00013610                SdBaseFile::openCachedEntry(unsigned char, unsigned char)
 .text._ZN10SdBaseFile4openEPS_jh
                0x000136fe       0x86 ../../../../../../packages/sd/project/atxmega128A1/sd/Release\libsd.a(SdBaseFile.o)
                0x000136fe                SdBaseFile::open(SdBaseFile*, unsigned int, unsigned char)
 .text._ZN10SdBaseFile8rmRfStarEv
                0x00013784      0x126 ../../../../../../packages/sd/project/atxmega128A1/sd/Release\libsd.a(SdBaseFile.o)
                0x00013784                SdBaseFile::rmRfStar()
 .text._ZN10SdBaseFile2lsEP5Printhh
                0x000138aa       0xd4 ../../../../../../packages/sd/project/atxmega128A1/sd/Release\libsd.a(SdBaseFile.o)
                0x000138aa                SdBaseFile::ls(Print*, unsigned char, unsigned char)
 .text._ZN10SdBaseFile4openEPS_PKhh
                0x0001397e      0x186 ../../../../../../packages/sd/project/atxmega128A1/sd/Release\libsd.a(SdBaseFile.o)
                0x0001397e                SdBaseFile::open(SdBaseFile*, unsigned char const*, unsigned char)
 .text._ZN10SdBaseFile4openEPS_PKch
                0x00013b04      0x164 ../../../../../../packages/sd/project/atxmega128A1/sd/Release\libsd.a(SdBaseFile.o)
                0x00013b04                SdBaseFile::open(SdBaseFile*, char const*, unsigned char)
 .text._ZN10SdBaseFile6removeEPS_PKc
                0x00013c68       0x3e ../../../../../../packages/sd/project/atxmega128A1/sd/Release\libsd.a(SdBaseFile.o)
                0x00013c68                SdBaseFile::remove(SdBaseFile*, char const*)
 .text._ZN10SdBaseFile4openEPKch
                0x00013ca6       0x14 ../../../../../../packages/sd/project/atxmega128A1/sd/Release\libsd.a(SdBaseFile.o)
                0x00013ca6                SdBaseFile::open(char const*, unsigned char)
 .text._ZN10SdBaseFile5mkdirEPS_PKh
                0x00013cba      0x148 ../../../../../../packages/sd/project/atxmega128A1/sd/Release\libsd.a(SdBaseFile.o)
                0x00013cba                SdBaseFile::mkdir(SdBaseFile*, unsigned char const*)
 .text._ZN10SdBaseFile5mkdirEPS_PKcb
                0x00013e02      0x184 ../../../../../../packages/sd/project/atxmega128A1/sd/Release\libsd.a(SdBaseFile.o)
                0x00013e02                SdBaseFile::mkdir(SdBaseFile*, char const*, bool)
 .text._ZN10SdBaseFile5writeEPKvj
                0x00013f86      0x3c0 ../../../../../../packages/sd/project/atxmega128A1/sd/Release\libsd.a(SdBaseFile.o)
                0x00013f86                SdBaseFile::write(void const*, unsigned int)
 .text._ZN5SdFat5chdirEb
                0x00014346       0x40 ../../../../../../packages/sd/project/atxmega128A1/sd/Release\libsd.a(SdFat.o)
                0x00014346                SdFat::chdir(bool)
 .text._ZN5SdFat5beginEi
                0x00014386       0x66 ../../../../../../packages/sd/project/atxmega128A1/sd/Release\libsd.a(SdFat.o)
                0x00014386                SdFat::begin(int)
 .text._ZN5SdFat5chdirEPKcb
                0x000143ec       0x84 ../../../../../../packages/sd/project/atxmega128A1/sd/Release\libsd.a(SdFat.o)
                0x000143ec                SdFat::chdir(char const*, bool)
 .text._ZN5SdFat2lsEh
                0x00014470       0x16 ../../../../../../packages/sd/project/atxmega128A1/sd/Release\libsd.a(SdFat.o)
                0x00014470                SdFat::ls(unsigned char)
 .text._ZN5SdFat5mkdirEPKcb
                0x00014486       0x32 ../../../../../../packages/sd/project/atxmega128A1/sd/Release\libsd.a(SdFat.o)
                0x00014486                SdFat::mkdir(char const*, bool)
 .text._ZN5SdFat6removeEPKc
                0x000144b8        0x8 ../../../../../../packages/sd/project/atxmega128A1/sd/Release\libsd.a(SdFat.o)
                0x000144b8                SdFat::remove(char const*)
 .text._ZN5SdFat5rmdirEPKc
                0x000144c0       0x38 ../../../../../../packages/sd/project/atxmega128A1/sd/Release\libsd.a(SdFat.o)
                0x000144c0                SdFat::rmdir(char const*)
 .text._ZN6SdFile5writeEh
                0x000144f8       0x34 ../../../../../../packages/sd/project/atxmega128A1/sd/Release\libsd.a(SdFile.o)
                0x000144f8                SdFile::write(unsigned char)
 .text._ZN6SdFile5writeEPKvj
                0x0001452c        0x8 ../../../../../../packages/sd/project/atxmega128A1/sd/Release\libsd.a(SdFile.o)
                0x0001452c                SdFile::write(void const*, unsigned int)
 .text._ZN8SdVolume9cacheSyncEv
                0x00014534       0x8e ../../../../../../packages/sd/project/atxmega128A1/sd/Release\libsd.a(SdVolume.o)
                0x00014534                SdVolume::cacheSync()
 .text._ZN8SdVolume10cacheFetchEmh
                0x000145c2       0x84 ../../../../../../packages/sd/project/atxmega128A1/sd/Release\libsd.a(SdVolume.o)
                0x000145c2                SdVolume::cacheFetch(unsigned long, unsigned char)
 .text._ZN8SdVolume13cacheFetchFatEmh
                0x00014646        0x8 ../../../../../../packages/sd/project/atxmega128A1/sd/Release\libsd.a(SdVolume.o)
                0x00014646                SdVolume::cacheFetchFat(unsigned long, unsigned char)
 .text._ZN8SdVolume14cacheWriteDataEv
                0x0001464e        0x6 ../../../../../../packages/sd/project/atxmega128A1/sd/Release\libsd.a(SdVolume.o)
                0x0001464e                SdVolume::cacheWriteData()
 .text._ZN8SdVolume15cacheInvalidateEv
                0x00014654       0x1c ../../../../../../packages/sd/project/atxmega128A1/sd/Release\libsd.a(SdVolume.o)
                0x00014654                SdVolume::cacheInvalidate()
 .text._ZNK8SdVolume17clusterStartBlockEm
                0x00014670       0x46 ../../../../../../packages/sd/project/atxmega128A1/sd/Release\libsd.a(SdVolume.o)
                0x00014670                SdVolume::clusterStartBlock(unsigned long) const
 .text._ZN8SdVolume6fatGetEmPm
                0x000146b6       0xf8 ../../../../../../packages/sd/project/atxmega128A1/sd/Release\libsd.a(SdVolume.o)
                0x000146b6                SdVolume::fatGet(unsigned long, unsigned long*)
 .text._ZN8SdVolume6fatPutEmm
                0x000147ae       0xfa ../../../../../../packages/sd/project/atxmega128A1/sd/Release\libsd.a(SdVolume.o)
                0x000147ae                SdVolume::fatPut(unsigned long, unsigned long)
 .text._ZN8SdVolume15allocContiguousEmPm
                0x000148a8      0x216 ../../../../../../packages/sd/project/atxmega128A1/sd/Release\libsd.a(SdVolume.o)
                0x000148a8                SdVolume::allocContiguous(unsigned long, unsigned long*)
 .text._ZN8SdVolume9freeChainEm
                0x00014abe       0xb4 ../../../../../../packages/sd/project/atxmega128A1/sd/Release\libsd.a(SdVolume.o)
                0x00014abe                SdVolume::freeChain(unsigned long)
 .text._ZN8SdVolume4initEP7Sd2Cardh
                0x00014b72      0x2f6 ../../../../../../packages/sd/project/atxmega128A1/sd/Release\libsd.a(SdVolume.o)
                0x00014b72                SdVolume::init(Sd2Card*, unsigned char)
 .text._ZN5Print5writeEPKhj
                0x00014e68       0x50 ../../../../../../packages/sd/project/atxmega128A1/sd/Release\libsd.a(Print.o)
                0x00014e68                Print::write(unsigned char const*, unsigned int)
 .text._ZN5Print5writeEPKc
                0x00014eb8       0x2e ../../../../../../packages/sd/project/atxmega128A1/sd/Release\libsd.a(Print.o)
                0x00014eb8                Print::write(char const*)
 .text._ZN5Print5printEc
                0x00014ee6       0x10 ../../../../../../packages/sd/project/atxmega128A1/sd/Release\libsd.a(Print.o)
                0x00014ee6                Print::print(char)
 .text._ZN5Print7printlnEv
                0x00014ef6       0x28 ../../../../../../packages/sd/project/atxmega128A1/sd/Release\libsd.a(Print.o)
                0x00014ef6                Print::println()
 .text._ZN5Print11printNumberEmh
                0x00014f1e       0xb8 ../../../../../../packages/sd/project/atxmega128A1/sd/Release\libsd.a(Print.o)
                0x00014f1e                Print::printNumber(unsigned long, unsigned char)
 .text._ZN5Print5printEmi
                0x00014fd6       0x1e ../../../../../../packages/sd/project/atxmega128A1/sd/Release\libsd.a(Print.o)
                0x00014fd6                Print::print(unsigned long, int)
 .text._ZN5Print5printEji
                0x00014ff4        0xe ../../../../../../packages/sd/project/atxmega128A1/sd/Release\libsd.a(Print.o)
                0x00014ff4                Print::print(unsigned int, int)
 .text._ZN5Print5printEhi
                0x00015002       0x10 ../../../../../../packages/sd/project/atxmega128A1/sd/Release\libsd.a(Print.o)
                0x00015002                Print::print(unsigned char, int)
 .text._ZN13MinimumSerial5writeEh
                0x00015012        0xc ../../../../../../packages/sd/project/atxmega128A1/sd/Release\libsd.a(MinimumSerial.o)
                0x00015012                MinimumSerial::write(unsigned char)
 .text.startup._GLOBAL__sub_I__ZN13MinimumSerial5beginEm
                0x0001501e       0x16 ../../../../../../packages/sd/project/atxmega128A1/sd/Release\libsd.a(MinimumSerial.o)
 .text.__cxa_pure_virtual
                0x00015034        0x2 ../../../../../../packages/sd/project/atxmega128A1/sd/Release\libsd.a(new.o)
                0x00015034                __cxa_pure_virtual
 .text.avr-libc
                0x00015036      0x75e c:/program files (x86)/atmel/atmel studio 6.0/extensions/atmel/avrgcc/3.4.1.95/avrtoolchain/bin/../lib/gcc/avr/4.6.2/../../../../avr/lib/avrxmega7\libprintf_flt.a(vfprintf_flt.o)
                0x00015036                vfprintf
 .text.avr-libc.fplib
                0x00015794        0xa c:/program files (x86)/atmel/atmel studio 6.0/extensions/atmel/avrgcc/3.4.1.95/avrtoolchain/bin/../lib/gcc/avr/4.6.2/../../../../avr/lib/avrxmega7\libm.a(addsf3.o)
                0x00015794                __subsf3
                0x00015796                __addsf3
 .text.avr-libc.fplib
                0x0001579e       0xc0 c:/program files (x86)/atmel/atmel studio 6.0/extensions/atmel/avrgcc/3.4.1.95/avrtoolchain/bin/../lib/gcc/avr/4.6.2/../../../../avr/lib/avrxmega7\libm.a(addsf3x.o)
                0x000157b8                __addsf3x
 .text.avr-libc.fplib
                0x0001585e       0x74 c:/program files (x86)/atmel/atmel studio 6.0/extensions/atmel/avrgcc/3.4.1.95/avrtoolchain/bin/../lib/gcc/avr/4.6.2/../../../../avr/lib/avrxmega7\libm.a(atan2.o)
                0x0001587c                atan2
 .text.avr-libc.fplib
                0x000158d2       0x50 c:/program files (x86)/atmel/atmel studio 6.0/extensions/atmel/avrgcc/3.4.1.95/avrtoolchain/bin/../lib/gcc/avr/4.6.2/../../../../avr/lib/avrxmega7\libm.a(atan.o)
                0x000158d2                atan
 .text.avr-libc.fplib
                0x00015922        0x8 c:/program files (x86)/atmel/atmel studio 6.0/extensions/atmel/avrgcc/3.4.1.95/avrtoolchain/bin/../lib/gcc/avr/4.6.2/../../../../avr/lib/avrxmega7\libm.a(cmpsf2.o)
                0x00015922                __nesf2
                0x00015922                __eqsf2
                0x00015922                __cmpsf2
                0x00015922                __ltsf2
                0x00015922                __lesf2
 .text.avr-libc.fplib
                0x0001592a        0x6 c:/program files (x86)/atmel/atmel studio 6.0/extensions/atmel/avrgcc/3.4.1.95/avrtoolchain/bin/../lib/gcc/avr/4.6.2/../../../../avr/lib/avrxmega7\libm.a(cos.o)
                0x0001592a                cos
 .text.avr-libc.fplib
                0x00015930        0x4 c:/program files (x86)/atmel/atmel studio 6.0/extensions/atmel/avrgcc/3.4.1.95/avrtoolchain/bin/../lib/gcc/avr/4.6.2/../../../../avr/lib/avrxmega7\libm.a(divsf3.o)
                0x00015930                __divsf3
 .text.avr-libc.fplib
                0x00015934       0xcc c:/program files (x86)/atmel/atmel studio 6.0/extensions/atmel/avrgcc/3.4.1.95/avrtoolchain/bin/../lib/gcc/avr/4.6.2/../../../../avr/lib/avrxmega7\libm.a(divsf3x.o)
                0x0001594a                __divsf3x
                0x0001594e                __divsf3_pse
 .text.avr-libc.fplib
                0x00015a00       0x74 c:/program files (x86)/atmel/atmel studio 6.0/extensions/atmel/avrgcc/3.4.1.95/avrtoolchain/bin/../lib/gcc/avr/4.6.2/../../../../avr/lib/avrxmega7\libm.a(fixsfdi.o)
                0x00015a00                __fixsfdi
                0x00015a0a                __fixunssfdi
 .text.avr-libc.fplib
                0x00015a74        0xa c:/program files (x86)/atmel/atmel studio 6.0/extensions/atmel/avrgcc/3.4.1.95/avrtoolchain/bin/../lib/gcc/avr/4.6.2/../../../../avr/lib/avrxmega7\libm.a(fixsfsi.o)
                0x00015a74                __fixsfsi
 .text.avr-libc.fplib
                0x00015a7e       0x58 c:/program files (x86)/atmel/atmel studio 6.0/extensions/atmel/avrgcc/3.4.1.95/avrtoolchain/bin/../lib/gcc/avr/4.6.2/../../../../avr/lib/avrxmega7\libm.a(fixunssfsi.o)
                0x00015a7e                __fixunssfsi
 .text.avr-libc.fplib
                0x00015ad6       0x7a c:/program files (x86)/atmel/atmel studio 6.0/extensions/atmel/avrgcc/3.4.1.95/avrtoolchain/bin/../lib/gcc/avr/4.6.2/../../../../avr/lib/avrxmega7\libm.a(floatsisf.o)
                0x00015ad6                __floatunsisf
                0x00015ada                __floatsisf
 .text.avr-libc.fplib
                0x00015b50       0x7c c:/program files (x86)/atmel/atmel studio 6.0/extensions/atmel/avrgcc/3.4.1.95/avrtoolchain/bin/../lib/gcc/avr/4.6.2/../../../../avr/lib/avrxmega7\libm.a(floatundisf.o)
                0x00015b50                __floatundisf
                0x00015b52                __fp_di2sf
 .text.avr-libc.fplib
                0x00015bcc       0x48 c:/program files (x86)/atmel/atmel studio 6.0/extensions/atmel/avrgcc/3.4.1.95/avrtoolchain/bin/../lib/gcc/avr/4.6.2/../../../../avr/lib/avrxmega7\libm.a(fp_cmp.o)
                0x00015bcc                __fp_cmp
 .text.avr-libc.fplib
                0x00015c14        0xc c:/program files (x86)/atmel/atmel studio 6.0/extensions/atmel/avrgcc/3.4.1.95/avrtoolchain/bin/../lib/gcc/avr/4.6.2/../../../../avr/lib/avrxmega7\libm.a(fp_inf.o)
                0x00015c14                __fp_inf
 .text.avr-libc.fplib
                0x00015c20        0x6 c:/program files (x86)/atmel/atmel studio 6.0/extensions/atmel/avrgcc/3.4.1.95/avrtoolchain/bin/../lib/gcc/avr/4.6.2/../../../../avr/lib/avrxmega7\libm.a(fp_nan.o)
                0x00015c20                __fp_nan
 .text.avr-libc.fplib
                0x00015c26       0x20 c:/program files (x86)/atmel/atmel studio 6.0/extensions/atmel/avrgcc/3.4.1.95/avrtoolchain/bin/../lib/gcc/avr/4.6.2/../../../../avr/lib/avrxmega7\libm.a(fp_negdi.o)
                0x00015c26                __fp_negdi
 .text.avr-libc.fplib
                0x00015c46       0x4a c:/program files (x86)/atmel/atmel studio 6.0/extensions/atmel/avrgcc/3.4.1.95/avrtoolchain/bin/../lib/gcc/avr/4.6.2/../../../../avr/lib/avrxmega7\libm.a(fp_powser.o)
                0x00015c46                __fp_powser
 .text.avr-libc.fplib
                0x00015c90        0xe c:/program files (x86)/atmel/atmel studio 6.0/extensions/atmel/avrgcc/3.4.1.95/avrtoolchain/bin/../lib/gcc/avr/4.6.2/../../../../avr/lib/avrxmega7\libm.a(fp_pscA.o)
                0x00015c90                __fp_pscA
 .text.avr-libc.fplib
                0x00015c9e        0xe c:/program files (x86)/atmel/atmel studio 6.0/extensions/atmel/avrgcc/3.4.1.95/avrtoolchain/bin/../lib/gcc/avr/4.6.2/../../../../avr/lib/avrxmega7\libm.a(fp_pscB.o)
                0x00015c9e                __fp_pscB
 .text.avr-libc.fplib
                0x00015cac       0x50 c:/program files (x86)/atmel/atmel studio 6.0/extensions/atmel/avrgcc/3.4.1.95/avrtoolchain/bin/../lib/gcc/avr/4.6.2/../../../../avr/lib/avrxmega7\libm.a(fp_rempio2.o)
                0x00015cae                __fp_rempio2
 .text.avr-libc.fplib
                0x00015cfc       0x22 c:/program files (x86)/atmel/atmel studio 6.0/extensions/atmel/avrgcc/3.4.1.95/avrtoolchain/bin/../lib/gcc/avr/4.6.2/../../../../avr/lib/avrxmega7\libm.a(fp_round.o)
                0x00015cfc                __fp_round
 .text.avr-libc.fplib
                0x00015d1e       0x22 c:/program files (x86)/atmel/atmel studio 6.0/extensions/atmel/avrgcc/3.4.1.95/avrtoolchain/bin/../lib/gcc/avr/4.6.2/../../../../avr/lib/avrxmega7\libm.a(fp_sinus.o)
                0x00015d1e                __fp_sinus
 .text.avr-libc.fplib
                0x00015d40       0x44 c:/program files (x86)/atmel/atmel studio 6.0/extensions/atmel/avrgcc/3.4.1.95/avrtoolchain/bin/../lib/gcc/avr/4.6.2/../../../../avr/lib/avrxmega7\libm.a(fp_split3.o)
                0x00015d40                __fp_split3
                0x00015d50                __fp_splitA
 .text.avr-libc.fplib
                0x00015d84        0xe c:/program files (x86)/atmel/atmel studio 6.0/extensions/atmel/avrgcc/3.4.1.95/avrtoolchain/bin/../lib/gcc/avr/4.6.2/../../../../avr/lib/avrxmega7\libm.a(fp_zero.o)
                0x00015d84                __fp_zero
                0x00015d86                __fp_szero
 .text.avr-libc.fplib
                0x00015d92        0x8 c:/program files (x86)/atmel/atmel studio 6.0/extensions/atmel/avrgcc/3.4.1.95/avrtoolchain/bin/../lib/gcc/avr/4.6.2/../../../../avr/lib/avrxmega7\libm.a(gesf2.o)
                0x00015d92                __gesf2
                0x00015d92                __gtsf2
 .text.avr-libc.fplib
                0x00015d9a        0xe c:/program files (x86)/atmel/atmel studio 6.0/extensions/atmel/avrgcc/3.4.1.95/avrtoolchain/bin/../lib/gcc/avr/4.6.2/../../../../avr/lib/avrxmega7\libm.a(inverse.o)
                0x00015d9a                inverse
 .text.avr-libc.fplib
                0x00015da8        0x4 c:/program files (x86)/atmel/atmel studio 6.0/extensions/atmel/avrgcc/3.4.1.95/avrtoolchain/bin/../lib/gcc/avr/4.6.2/../../../../avr/lib/avrxmega7\libm.a(mulsf3.o)
                0x00015da8                __mulsf3
 .text.avr-libc.fplib
                0x00015dac       0xc2 c:/program files (x86)/atmel/atmel studio 6.0/extensions/atmel/avrgcc/3.4.1.95/avrtoolchain/bin/../lib/gcc/avr/4.6.2/../../../../avr/lib/avrxmega7\libm.a(mulsf3x.o)
                0x00015dc0                __mulsf3x
                0x00015dc4                __mulsf3_pse
 .text.avr-libc.fplib
                0x00015e6e        0xc c:/program files (x86)/atmel/atmel studio 6.0/extensions/atmel/avrgcc/3.4.1.95/avrtoolchain/bin/../lib/gcc/avr/4.6.2/../../../../avr/lib/avrxmega7\libm.a(sin.o)
                0x00015e6e                sin
 .text.avr-libc.fplib
                0x00015e7a        0x6 c:/program files (x86)/atmel/atmel studio 6.0/extensions/atmel/avrgcc/3.4.1.95/avrtoolchain/bin/../lib/gcc/avr/4.6.2/../../../../avr/lib/avrxmega7\libm.a(square.o)
                0x00015e7a                square
 .text.avr-libc.fplib
                0x00015e80       0x1c c:/program files (x86)/atmel/atmel studio 6.0/extensions/atmel/avrgcc/3.4.1.95/avrtoolchain/bin/../lib/gcc/avr/4.6.2/../../../../avr/lib/avrxmega7\libm.a(fp_mpack.o)
                0x00015e80                __fp_mpack
                0x00015e84                __fp_mpack_finite
 .text.avr-libc.fplib
                0x00015e9c       0x22 c:/program files (x86)/atmel/atmel studio 6.0/extensions/atmel/avrgcc/3.4.1.95/avrtoolchain/bin/../lib/gcc/avr/4.6.2/../../../../avr/lib/avrxmega7\libm.a(fp_powsodd.o)
                0x00015e9c                __fp_powsodd
 .text.avr-libc
                0x00015ebe      0x25e c:/program files (x86)/atmel/atmel studio 6.0/extensions/atmel/avrgcc/3.4.1.95/avrtoolchain/bin/../lib/gcc/avr/4.6.2/../../../../avr/lib/avrxmega7\libc.a(malloc.o)
                0x00015ebe                malloc
                0x00015fea                free
 .text.avr-libc
                0x0001611c       0x3c c:/program files (x86)/atmel/atmel studio 6.0/extensions/atmel/avrgcc/3.4.1.95/avrtoolchain/bin/../lib/gcc/avr/4.6.2/../../../../avr/lib/avrxmega7\libc.a(atoi.o)
                0x0001611c                atoi
 .text.avr-libc
                0x00016158        0x6 c:/program files (x86)/atmel/atmel studio 6.0/extensions/atmel/avrgcc/3.4.1.95/avrtoolchain/bin/../lib/gcc/avr/4.6.2/../../../../avr/lib/avrxmega7\libc.a(exit.o)
                0x00016158                exit
 .text.avr-libc
                0x0001615e      0x1b0 c:/program files (x86)/atmel/atmel studio 6.0/extensions/atmel/avrgcc/3.4.1.95/avrtoolchain/bin/../lib/gcc/avr/4.6.2/../../../../avr/lib/avrxmega7\libc.a(ftoa_engine.o)
                0x0001615e                __ftoa_engine
 .text.avr-libc
                0x0001630e       0x26 c:/program files (x86)/atmel/atmel studio 6.0/extensions/atmel/avrgcc/3.4.1.95/avrtoolchain/bin/../lib/gcc/avr/4.6.2/../../../../avr/lib/avrxmega7\libc.a(strcasecmp_P.o)
                0x0001630e                strcasecmp_P
 .text.avr-libc
                0x00016334       0x16 c:/program files (x86)/atmel/atmel studio 6.0/extensions/atmel/avrgcc/3.4.1.95/avrtoolchain/bin/../lib/gcc/avr/4.6.2/../../../../avr/lib/avrxmega7\libc.a(strnlen_P.o)
                0x00016334                strnlen_P
 .text.avr-libc
                0x0001634a        0xa c:/program files (x86)/atmel/atmel studio 6.0/extensions/atmel/avrgcc/3.4.1.95/avrtoolchain/bin/../lib/gcc/avr/4.6.2/../../../../avr/lib/avrxmega7\libc.a(strtok.o)
                0x0001634a                strtok
 .text.avr-libc
                0x00016354       0x1a c:/program files (x86)/atmel/atmel studio 6.0/extensions/atmel/avrgcc/3.4.1.95/avrtoolchain/bin/../lib/gcc/avr/4.6.2/../../../../avr/lib/avrxmega7\libc.a(memcmp.o)
                0x00016354                memcmp
 .text.avr-libc
                0x0001636e       0x12 c:/program files (x86)/atmel/atmel studio 6.0/extensions/atmel/avrgcc/3.4.1.95/avrtoolchain/bin/../lib/gcc/avr/4.6.2/../../../../avr/lib/avrxmega7\libc.a(memcpy.o)
                0x0001636e                memcpy
 .text.avr-libc
                0x00016380        0xe c:/program files (x86)/atmel/atmel studio 6.0/extensions/atmel/avrgcc/3.4.1.95/avrtoolchain/bin/../lib/gcc/avr/4.6.2/../../../../avr/lib/avrxmega7\libc.a(memset.o)
                0x00016380                memset
 .text.avr-libc
                0x0001638e       0x26 c:/program files (x86)/atmel/atmel studio 6.0/extensions/atmel/avrgcc/3.4.1.95/avrtoolchain/bin/../lib/gcc/avr/4.6.2/../../../../avr/lib/avrxmega7\libc.a(strcasecmp.o)
                0x0001638e                strcasecmp
 .text.avr-libc
                0x000163b4       0x16 c:/program files (x86)/atmel/atmel studio 6.0/extensions/atmel/avrgcc/3.4.1.95/avrtoolchain/bin/../lib/gcc/avr/4.6.2/../../../../avr/lib/avrxmega7\libc.a(strchr.o)
                0x000163b4                strchr
 .text.avr-libc
                0x000163ca       0x12 c:/program files (x86)/atmel/atmel studio 6.0/extensions/atmel/avrgcc/3.4.1.95/avrtoolchain/bin/../lib/gcc/avr/4.6.2/../../../../avr/lib/avrxmega7\libc.a(strcmp.o)
                0x000163ca                strcmp
 .text.avr-libc
                0x000163dc        0xe c:/program files (x86)/atmel/atmel studio 6.0/extensions/atmel/avrgcc/3.4.1.95/avrtoolchain/bin/../lib/gcc/avr/4.6.2/../../../../avr/lib/avrxmega7\libc.a(strcpy.o)
                0x000163dc                strcpy
 .text.avr-libc
                0x000163ea       0x1e c:/program files (x86)/atmel/atmel studio 6.0/extensions/atmel/avrgcc/3.4.1.95/avrtoolchain/bin/../lib/gcc/avr/4.6.2/../../../../avr/lib/avrxmega7\libc.a(strncpy.o)
                0x000163ea                strncpy
 .text.avr-libc
                0x00016408       0x16 c:/program files (x86)/atmel/atmel studio 6.0/extensions/atmel/avrgcc/3.4.1.95/avrtoolchain/bin/../lib/gcc/avr/4.6.2/../../../../avr/lib/avrxmega7\libc.a(strnlen.o)
                0x00016408                strnlen
 .text.avr-libc
                0x0001641e       0x4e c:/program files (x86)/atmel/atmel studio 6.0/extensions/atmel/avrgcc/3.4.1.95/avrtoolchain/bin/../lib/gcc/avr/4.6.2/../../../../avr/lib/avrxmega7\libc.a(strtok_r.o)
                0x0001641e                strtok_r
 .text.avr-libc
                0x0001646c       0x10 c:/program files (x86)/atmel/atmel studio 6.0/extensions/atmel/avrgcc/3.4.1.95/avrtoolchain/bin/../lib/gcc/avr/4.6.2/../../../../avr/lib/avrxmega7\libc.a(mul10.o)
                0x0001646c                __mulhi_const_10
 .text.avr-libc
                0x0001647c       0x58 c:/program files (x86)/atmel/atmel studio 6.0/extensions/atmel/avrgcc/3.4.1.95/avrtoolchain/bin/../lib/gcc/avr/4.6.2/../../../../avr/lib/avrxmega7\libc.a(fputc.o)
                0x0001647c                fputc
 .text.avr-libc
                0x000164d4       0x52 c:/program files (x86)/atmel/atmel studio 6.0/extensions/atmel/avrgcc/3.4.1.95/avrtoolchain/bin/../lib/gcc/avr/4.6.2/../../../../avr/lib/avrxmega7\libc.a(sprintf.o)
                0x000164d4                sprintf
 .text.avr-libc
                0x00016526       0x52 c:/program files (x86)/atmel/atmel studio 6.0/extensions/atmel/avrgcc/3.4.1.95/avrtoolchain/bin/../lib/gcc/avr/4.6.2/../../../../avr/lib/avrxmega7\libc.a(sprintf_p.o)
                0x00016526                sprintf_P
 .text.avr-libc
                0x00016578       0xbc c:/program files (x86)/atmel/atmel studio 6.0/extensions/atmel/avrgcc/3.4.1.95/avrtoolchain/bin/../lib/gcc/avr/4.6.2/../../../../avr/lib/avrxmega7\libc.a(ultoa_invert.o)
                0x00016578                __ultoa_invert
 .text.arb_createMemIntsOn
                0x00016634      0x160 ../../../../../../rtos/project/atxmega128A1/arbitros/Release\libarbitros.a(arb_memory.o)
 .text.arb_createMemIntsOff
                0x00016794      0x156 ../../../../../../rtos/project/atxmega128A1/arbitros/Release\libarbitros.a(arb_memory.o)
 .text.arb_free
                0x000168ea       0x48 ../../../../../../rtos/project/atxmega128A1/arbitros/Release\libarbitros.a(arb_memory.o)
                0x000168ea                arb_free
 .text.arb_malloc
                0x00016932       0x68 ../../../../../../rtos/project/atxmega128A1/arbitros/Release\libarbitros.a(arb_memory.o)
                0x00016932                arb_malloc
 .text.libgcc   0x0001699a       0x3e c:/program files (x86)/atmel/atmel studio 6.0/extensions/atmel/avrgcc/3.4.1.95/avrtoolchain/bin/../lib/gcc/avr/4.6.2/avrxmega7\libgcc.a(_mulsi3.o)
                0x0001699a                __mulsi3
 .text.libgcc   0x000169d8       0x44 c:/program files (x86)/atmel/atmel studio 6.0/extensions/atmel/avrgcc/3.4.1.95/avrtoolchain/bin/../lib/gcc/avr/4.6.2/avrxmega7\libgcc.a(_udivmodsi4.o)
                0x000169d8                __udivmodsi4
 .text.libgcc   0x00016a1c       0x36 c:/program files (x86)/atmel/atmel studio 6.0/extensions/atmel/avrgcc/3.4.1.95/avrtoolchain/bin/../lib/gcc/avr/4.6.2/avrxmega7\libgcc.a(_divmodsi4.o)
                0x00016a1c                __divmodsi4
 .text.libgcc   0x00016a52        0x8 c:/program files (x86)/atmel/atmel studio 6.0/extensions/atmel/avrgcc/3.4.1.95/avrtoolchain/bin/../lib/gcc/avr/4.6.2/avrxmega7\libgcc.a(_tablejump_elpm.o)
                0x00016a52                __tablejump_elpm__
                0x00016a5a                . = ALIGN (0x2)
 *(.fini9)
 .fini9         0x00016a5a        0x0 c:/program files (x86)/atmel/atmel studio 6.0/extensions/atmel/avrgcc/3.4.1.95/avrtoolchain/bin/../lib/gcc/avr/4.6.2/avrxmega7\libgcc.a(_exit.o)
                0x00016a5a                _exit
 *(.fini9)
 *(.fini8)
 *(.fini8)
 *(.fini7)
 *(.fini7)
 *(.fini6)
 *(.fini6)
 *(.fini5)
 *(.fini5)
 *(.fini4)
 *(.fini4)
 *(.fini3)
 *(.fini3)
 *(.fini2)
 *(.fini2)
 *(.fini1)
 *(.fini1)
 *(.fini0)
 .fini0         0x00016a5a        0x4 c:/program files (x86)/atmel/atmel studio 6.0/extensions/atmel/avrgcc/3.4.1.95/avrtoolchain/bin/../lib/gcc/avr/4.6.2/avrxmega7\libgcc.a(_exit.o)
 *(.fini0)
                0x00016a5e                _etext = .

.data           0x00802000      0x468 load address 0x00016a5e
                0x00802000                PROVIDE (__data_start, .)
 *(.data)
 .data          0x00802000        0x0 c:/program files (x86)/atmel/atmel studio 6.0/extensions/atmel/avrgcc/3.4.1.95/avrtoolchain/bin/../lib/gcc/avr/4.6.2/../../../../avr/lib/avrxmega7/crtx128a1.o
 .data          0x00802000       0x44 drv_console.o
                0x0080203a                gt_consoleDevOps
 .data          0x00802044       0x14 drv_sd.o
                0x0080204e                gat_sdDevOps
 .data          0x00802058       0x18 drv_signal.o
                0x00802066                gat_signalDevOps
 .data          0x00802070       0x31 usr_appInit.o
 .data          0x008020a1        0x5 usr_console.o
 .data          0x008020a6       0x72 usr_mathTest.o
 .data          0x00802118        0xe ../../../../../../hal/project/xmega128A1/hal/Release\libhal.a(hal_gpio.o)
                0x00802118                gt_gpioHndlList
                0x0080211a                t_gt_gpioHndlList
 .data          0x00802126       0x26 ../../../../../../hal/project/xmega128A1/hal/Release\libhal.a(hal_spi.o)
                0x00802126                gt_spiUserHndlList
                0x00802128                t_gt_spiUserHndlList
                0x00802134                gt_spiChanHndlList
                0x00802136                t_gt_spiChanHndlList
 .data          0x0080214c       0x8c ../../../../../../hal/project/xmega128A1/hal/Release\libhal.a(hal_uart.o)
                0x0080214c                gt_uartChanHndlList
                0x0080214e                t_gt_uartChanHndlList
 .data          0x008021d8        0x0 ../../../../../../hal/project/xmega128A1/hal/Release\libhal.a(hal_clocks.o)
 .data          0x008021d8       0x1d ../../../../../../hal/project/xmega128A1/hal/Release\libhal.a(hal_dma.o)
                0x008021d8                gt_dmaIntHndlList
                0x008021da                t_gt_dmaIntHndlList
                0x008021e6                gt_dmaChanList
                0x008021e8                t_gt_dmaChanList
 .data          0x008021f5       0x39 ../../../../../../rtos/project/atxmega128A1/arbitros/Release\libarbitros.a(arb_console.o)
 .data          0x0080222e       0x1e ../../../../../../rtos/project/atxmega128A1/arbitros/Release\libarbitros.a(arb_device.o)
                0x00802230                t_gt_activeDevices
                0x0080223c                gt_activeDevices
                0x0080223e                t_gt_activeHandles
                0x0080224a                gt_activeHandles
 .data          0x0080224c        0x0 ../../../../../../rtos/project/atxmega128A1/arbitros/Release\libarbitros.a(arb_main.o)
 .data          0x0080224c       0x11 ../../../../../../rtos/project/atxmega128A1/arbitros/Release\libarbitros.a(arb_printf.o)
 .data          0x0080225d       0x33 ../../../../../../rtos/project/atxmega128A1/arbitros/Release\libarbitros.a(arb_scheduler.o)
 .data          0x00802290        0xe ../../../../../../rtos/project/atxmega128A1/arbitros/Release\libarbitros.a(arb_semaphore.o)
                0x00802290                t_gt_activeSems
                0x0080229c                gt_activeSems
 .data          0x0080229e        0x1 ../../../../../../rtos/project/atxmega128A1/arbitros/Release\libarbitros.a(arb_sysTimer.o)
 .data          0x0080229f        0xe ../../../../../../rtos/project/atxmega128A1/arbitros/Release\libarbitros.a(arb_thread.o)
                0x0080229f                t_gt_activeThreads
                0x008022ab                gt_activeThreads
 .data          0x008022ad        0x0 ../../../../../../rtos/project/atxmega128A1/arbitros/Release\libarbitros.a(hal_initThreadStack.o)
 .data          0x008022ad       0x1f ../../../../../../rtos/project/atxmega128A1/arbitros/Release\libarbitros.a(arb_error.o)
 .data          0x008022cc       0x1e ../../../../../../rtos/project/atxmega128A1/arbitros/Release\libarbitros.a(arb_idle.o)
 .data          0x008022ea        0xe ../../../../../../utilities/project/atxmega128A1/utilities/Release\libutilities.a(utl_buffer.o)
                0x008022ea                t_gt_bufferList
                0x008022f6                gt_bufferList
 .data          0x008022f8        0x0 ../../../../../../utilities/project/atxmega128A1/utilities/Release\libutilities.a(utl_linkedlist.o)
 .data          0x008022f8       0xd2 ../../../../../../utilities/project/atxmega128A1/utilities/Release\libutilities.a(utl_math.o)
 .data          0x008023ca        0x2 ../../../../../../packages/sd/project/atxmega128A1/sd/Release\libsd.a(sdInterface.o)
 .data          0x008023cc        0x0 ../../../../../../packages/sd/project/atxmega128A1/sd/Release\libsd.a(Sd2Card.o)
 .data          0x008023cc        0x0 ../../../../../../packages/sd/project/atxmega128A1/sd/Release\libsd.a(SdBaseFile.o)
 .data          0x008023cc        0x2 ../../../../../../packages/sd/project/atxmega128A1/sd/Release\libsd.a(SdFat.o)
                0x008023cc                SdFat::stdOut_
 .data          0x008023ce        0x8 ../../../../../../packages/sd/project/atxmega128A1/sd/Release\libsd.a(SdFile.o)
                0x008023ce                vtable for SdFile
 .data          0x008023d6        0x0 ../../../../../../packages/sd/project/atxmega128A1/sd/Release\libsd.a(SdVolume.o)
 .data          0x008023d6       0x16 ../../../../../../packages/sd/project/atxmega128A1/sd/Release\libsd.a(Print.o)
                0x008023e4                vtable for Print
 .data          0x008023ec        0x1 ../../../../../../packages/sd/project/atxmega128A1/sd/Release\libsd.a(WString.o)
 .data          0x008023ed        0x8 ../../../../../../packages/sd/project/atxmega128A1/sd/Release\libsd.a(MinimumSerial.o)
                0x008023ed                vtable for MinimumSerial
 .data          0x008023f5        0x0 ../../../../../../packages/sd/project/atxmega128A1/sd/Release\libsd.a(new.o)
 .data          0x008023f5        0x0 c:/program files (x86)/atmel/atmel studio 6.0/extensions/atmel/avrgcc/3.4.1.95/avrtoolchain/bin/../lib/gcc/avr/4.6.2/../../../../avr/lib/avrxmega7\libprintf_flt.a(vfprintf_flt.o)
 .data          0x008023f5        0x0 c:/program files (x86)/atmel/atmel studio 6.0/extensions/atmel/avrgcc/3.4.1.95/avrtoolchain/bin/../lib/gcc/avr/4.6.2/../../../../avr/lib/avrxmega7\libm.a(addsf3.o)
 .data          0x008023f5        0x0 c:/program files (x86)/atmel/atmel studio 6.0/extensions/atmel/avrgcc/3.4.1.95/avrtoolchain/bin/../lib/gcc/avr/4.6.2/../../../../avr/lib/avrxmega7\libm.a(addsf3x.o)
 .data          0x008023f5        0x0 c:/program files (x86)/atmel/atmel studio 6.0/extensions/atmel/avrgcc/3.4.1.95/avrtoolchain/bin/../lib/gcc/avr/4.6.2/../../../../avr/lib/avrxmega7\libm.a(atan2.o)
 .data          0x008023f5        0x0 c:/program files (x86)/atmel/atmel studio 6.0/extensions/atmel/avrgcc/3.4.1.95/avrtoolchain/bin/../lib/gcc/avr/4.6.2/../../../../avr/lib/avrxmega7\libm.a(atan.o)
 .data          0x008023f5        0x0 c:/program files (x86)/atmel/atmel studio 6.0/extensions/atmel/avrgcc/3.4.1.95/avrtoolchain/bin/../lib/gcc/avr/4.6.2/../../../../avr/lib/avrxmega7\libm.a(cmpsf2.o)
 .data          0x008023f5        0x0 c:/program files (x86)/atmel/atmel studio 6.0/extensions/atmel/avrgcc/3.4.1.95/avrtoolchain/bin/../lib/gcc/avr/4.6.2/../../../../avr/lib/avrxmega7\libm.a(cos.o)
 .data          0x008023f5        0x0 c:/program files (x86)/atmel/atmel studio 6.0/extensions/atmel/avrgcc/3.4.1.95/avrtoolchain/bin/../lib/gcc/avr/4.6.2/../../../../avr/lib/avrxmega7\libm.a(divsf3.o)
 .data          0x008023f5        0x0 c:/program files (x86)/atmel/atmel studio 6.0/extensions/atmel/avrgcc/3.4.1.95/avrtoolchain/bin/../lib/gcc/avr/4.6.2/../../../../avr/lib/avrxmega7\libm.a(divsf3x.o)
 .data          0x008023f5        0x0 c:/program files (x86)/atmel/atmel studio 6.0/extensions/atmel/avrgcc/3.4.1.95/avrtoolchain/bin/../lib/gcc/avr/4.6.2/../../../../avr/lib/avrxmega7\libm.a(fixsfdi.o)
 .data          0x008023f5        0x0 c:/program files (x86)/atmel/atmel studio 6.0/extensions/atmel/avrgcc/3.4.1.95/avrtoolchain/bin/../lib/gcc/avr/4.6.2/../../../../avr/lib/avrxmega7\libm.a(fixsfsi.o)
 .data          0x008023f5        0x0 c:/program files (x86)/atmel/atmel studio 6.0/extensions/atmel/avrgcc/3.4.1.95/avrtoolchain/bin/../lib/gcc/avr/4.6.2/../../../../avr/lib/avrxmega7\libm.a(fixunssfsi.o)
 .data          0x008023f5        0x0 c:/program files (x86)/atmel/atmel studio 6.0/extensions/atmel/avrgcc/3.4.1.95/avrtoolchain/bin/../lib/gcc/avr/4.6.2/../../../../avr/lib/avrxmega7\libm.a(floatsisf.o)
 .data          0x008023f5        0x0 c:/program files (x86)/atmel/atmel studio 6.0/extensions/atmel/avrgcc/3.4.1.95/avrtoolchain/bin/../lib/gcc/avr/4.6.2/../../../../avr/lib/avrxmega7\libm.a(floatundisf.o)
 .data          0x008023f5        0x0 c:/program files (x86)/atmel/atmel studio 6.0/extensions/atmel/avrgcc/3.4.1.95/avrtoolchain/bin/../lib/gcc/avr/4.6.2/../../../../avr/lib/avrxmega7\libm.a(fp_cmp.o)
 .data          0x008023f5        0x0 c:/program files (x86)/atmel/atmel studio 6.0/extensions/atmel/avrgcc/3.4.1.95/avrtoolchain/bin/../lib/gcc/avr/4.6.2/../../../../avr/lib/avrxmega7\libm.a(fp_inf.o)
 .data          0x008023f5        0x0 c:/program files (x86)/atmel/atmel studio 6.0/extensions/atmel/avrgcc/3.4.1.95/avrtoolchain/bin/../lib/gcc/avr/4.6.2/../../../../avr/lib/avrxmega7\libm.a(fp_nan.o)
 .data          0x008023f5        0x0 c:/program files (x86)/atmel/atmel studio 6.0/extensions/atmel/avrgcc/3.4.1.95/avrtoolchain/bin/../lib/gcc/avr/4.6.2/../../../../avr/lib/avrxmega7\libm.a(fp_negdi.o)
 .data          0x008023f5        0x0 c:/program files (x86)/atmel/atmel studio 6.0/extensions/atmel/avrgcc/3.4.1.95/avrtoolchain/bin/../lib/gcc/avr/4.6.2/../../../../avr/lib/avrxmega7\libm.a(fp_powser.o)
 .data          0x008023f5        0x0 c:/program files (x86)/atmel/atmel studio 6.0/extensions/atmel/avrgcc/3.4.1.95/avrtoolchain/bin/../lib/gcc/avr/4.6.2/../../../../avr/lib/avrxmega7\libm.a(fp_pscA.o)
 .data          0x008023f5        0x0 c:/program files (x86)/atmel/atmel studio 6.0/extensions/atmel/avrgcc/3.4.1.95/avrtoolchain/bin/../lib/gcc/avr/4.6.2/../../../../avr/lib/avrxmega7\libm.a(fp_pscB.o)
 .data          0x008023f5        0x0 c:/program files (x86)/atmel/atmel studio 6.0/extensions/atmel/avrgcc/3.4.1.95/avrtoolchain/bin/../lib/gcc/avr/4.6.2/../../../../avr/lib/avrxmega7\libm.a(fp_rempio2.o)
 .data          0x008023f5        0x0 c:/program files (x86)/atmel/atmel studio 6.0/extensions/atmel/avrgcc/3.4.1.95/avrtoolchain/bin/../lib/gcc/avr/4.6.2/../../../../avr/lib/avrxmega7\libm.a(fp_round.o)
 .data          0x008023f5        0x0 c:/program files (x86)/atmel/atmel studio 6.0/extensions/atmel/avrgcc/3.4.1.95/avrtoolchain/bin/../lib/gcc/avr/4.6.2/../../../../avr/lib/avrxmega7\libm.a(fp_sinus.o)
 .data          0x008023f5        0x0 c:/program files (x86)/atmel/atmel studio 6.0/extensions/atmel/avrgcc/3.4.1.95/avrtoolchain/bin/../lib/gcc/avr/4.6.2/../../../../avr/lib/avrxmega7\libm.a(fp_split3.o)
 .data          0x008023f5        0x0 c:/program files (x86)/atmel/atmel studio 6.0/extensions/atmel/avrgcc/3.4.1.95/avrtoolchain/bin/../lib/gcc/avr/4.6.2/../../../../avr/lib/avrxmega7\libm.a(fp_zero.o)
 .data          0x008023f5        0x0 c:/program files (x86)/atmel/atmel studio 6.0/extensions/atmel/avrgcc/3.4.1.95/avrtoolchain/bin/../lib/gcc/avr/4.6.2/../../../../avr/lib/avrxmega7\libm.a(gesf2.o)
 .data          0x008023f5        0x0 c:/program files (x86)/atmel/atmel studio 6.0/extensions/atmel/avrgcc/3.4.1.95/avrtoolchain/bin/../lib/gcc/avr/4.6.2/../../../../avr/lib/avrxmega7\libm.a(inverse.o)
 .data          0x008023f5        0x0 c:/program files (x86)/atmel/atmel studio 6.0/extensions/atmel/avrgcc/3.4.1.95/avrtoolchain/bin/../lib/gcc/avr/4.6.2/../../../../avr/lib/avrxmega7\libm.a(mulsf3.o)
 .data          0x008023f5        0x0 c:/program files (x86)/atmel/atmel studio 6.0/extensions/atmel/avrgcc/3.4.1.95/avrtoolchain/bin/../lib/gcc/avr/4.6.2/../../../../avr/lib/avrxmega7\libm.a(mulsf3x.o)
 .data          0x008023f5        0x0 c:/program files (x86)/atmel/atmel studio 6.0/extensions/atmel/avrgcc/3.4.1.95/avrtoolchain/bin/../lib/gcc/avr/4.6.2/../../../../avr/lib/avrxmega7\libm.a(sin.o)
 .data          0x008023f5        0x0 c:/program files (x86)/atmel/atmel studio 6.0/extensions/atmel/avrgcc/3.4.1.95/avrtoolchain/bin/../lib/gcc/avr/4.6.2/../../../../avr/lib/avrxmega7\libm.a(sqrt.o)
 .data          0x008023f5        0x0 c:/program files (x86)/atmel/atmel studio 6.0/extensions/atmel/avrgcc/3.4.1.95/avrtoolchain/bin/../lib/gcc/avr/4.6.2/../../../../avr/lib/avrxmega7\libm.a(square.o)
 .data          0x008023f5        0x0 c:/program files (x86)/atmel/atmel studio 6.0/extensions/atmel/avrgcc/3.4.1.95/avrtoolchain/bin/../lib/gcc/avr/4.6.2/../../../../avr/lib/avrxmega7\libm.a(unordsf2.o)
 .data          0x008023f5        0x0 c:/program files (x86)/atmel/atmel studio 6.0/extensions/atmel/avrgcc/3.4.1.95/avrtoolchain/bin/../lib/gcc/avr/4.6.2/../../../../avr/lib/avrxmega7\libm.a(fp_mpack.o)
 .data          0x008023f5        0x0 c:/program files (x86)/atmel/atmel studio 6.0/extensions/atmel/avrgcc/3.4.1.95/avrtoolchain/bin/../lib/gcc/avr/4.6.2/../../../../avr/lib/avrxmega7\libm.a(fp_norm2.o)
 .data          0x008023f5        0x0 c:/program files (x86)/atmel/atmel studio 6.0/extensions/atmel/avrgcc/3.4.1.95/avrtoolchain/bin/../lib/gcc/avr/4.6.2/../../../../avr/lib/avrxmega7\libm.a(fp_powsodd.o)
 .data          0x008023f5        0x6 c:/program files (x86)/atmel/atmel studio 6.0/extensions/atmel/avrgcc/3.4.1.95/avrtoolchain/bin/../lib/gcc/avr/4.6.2/../../../../avr/lib/avrxmega7\libc.a(malloc.o)
                0x008023f5                __malloc_heap_end
                0x008023f7                __malloc_heap_start
                0x008023f9                __malloc_margin
 .data          0x008023fb        0x0 c:/program files (x86)/atmel/atmel studio 6.0/extensions/atmel/avrgcc/3.4.1.95/avrtoolchain/bin/../lib/gcc/avr/4.6.2/../../../../avr/lib/avrxmega7\libc.a(realloc.o)
 .data          0x008023fb        0x0 c:/program files (x86)/atmel/atmel studio 6.0/extensions/atmel/avrgcc/3.4.1.95/avrtoolchain/bin/../lib/gcc/avr/4.6.2/../../../../avr/lib/avrxmega7\libc.a(atoi.o)
 .data          0x008023fb        0x0 c:/program files (x86)/atmel/atmel studio 6.0/extensions/atmel/avrgcc/3.4.1.95/avrtoolchain/bin/../lib/gcc/avr/4.6.2/../../../../avr/lib/avrxmega7\libc.a(atol.o)
 .data          0x008023fb        0x0 c:/program files (x86)/atmel/atmel studio 6.0/extensions/atmel/avrgcc/3.4.1.95/avrtoolchain/bin/../lib/gcc/avr/4.6.2/../../../../avr/lib/avrxmega7\libc.a(exit.o)
 .data          0x008023fb        0x0 c:/program files (x86)/atmel/atmel studio 6.0/extensions/atmel/avrgcc/3.4.1.95/avrtoolchain/bin/../lib/gcc/avr/4.6.2/../../../../avr/lib/avrxmega7\libc.a(ftoa_engine.o)
 .data          0x008023fb        0x0 c:/program files (x86)/atmel/atmel studio 6.0/extensions/atmel/avrgcc/3.4.1.95/avrtoolchain/bin/../lib/gcc/avr/4.6.2/../../../../avr/lib/avrxmega7\libc.a(isspace.o)
 .data          0x008023fb        0x0 c:/program files (x86)/atmel/atmel studio 6.0/extensions/atmel/avrgcc/3.4.1.95/avrtoolchain/bin/../lib/gcc/avr/4.6.2/../../../../avr/lib/avrxmega7\libc.a(tolower.o)
 .data          0x008023fb        0x0 c:/program files (x86)/atmel/atmel studio 6.0/extensions/atmel/avrgcc/3.4.1.95/avrtoolchain/bin/../lib/gcc/avr/4.6.2/../../../../avr/lib/avrxmega7\libc.a(toupper.o)
 .data          0x008023fb        0x0 c:/program files (x86)/atmel/atmel studio 6.0/extensions/atmel/avrgcc/3.4.1.95/avrtoolchain/bin/../lib/gcc/avr/4.6.2/../../../../avr/lib/avrxmega7\libc.a(strcasecmp_P.o)
 .data          0x008023fb        0x0 c:/program files (x86)/atmel/atmel studio 6.0/extensions/atmel/avrgcc/3.4.1.95/avrtoolchain/bin/../lib/gcc/avr/4.6.2/../../../../avr/lib/avrxmega7\libc.a(strnlen_P.o)
 .data          0x008023fb        0x0 c:/program files (x86)/atmel/atmel studio 6.0/extensions/atmel/avrgcc/3.4.1.95/avrtoolchain/bin/../lib/gcc/avr/4.6.2/../../../../avr/lib/avrxmega7\libc.a(strtok.o)
 .data          0x008023fb        0x0 c:/program files (x86)/atmel/atmel studio 6.0/extensions/atmel/avrgcc/3.4.1.95/avrtoolchain/bin/../lib/gcc/avr/4.6.2/../../../../avr/lib/avrxmega7\libc.a(memcmp.o)
 .data          0x008023fb        0x0 c:/program files (x86)/atmel/atmel studio 6.0/extensions/atmel/avrgcc/3.4.1.95/avrtoolchain/bin/../lib/gcc/avr/4.6.2/../../../../avr/lib/avrxmega7\libc.a(memcpy.o)
 .data          0x008023fb        0x0 c:/program files (x86)/atmel/atmel studio 6.0/extensions/atmel/avrgcc/3.4.1.95/avrtoolchain/bin/../lib/gcc/avr/4.6.2/../../../../avr/lib/avrxmega7\libc.a(memmove.o)
 .data          0x008023fb        0x0 c:/program files (x86)/atmel/atmel studio 6.0/extensions/atmel/avrgcc/3.4.1.95/avrtoolchain/bin/../lib/gcc/avr/4.6.2/../../../../avr/lib/avrxmega7\libc.a(memset.o)
 .data          0x008023fb        0x0 c:/program files (x86)/atmel/atmel studio 6.0/extensions/atmel/avrgcc/3.4.1.95/avrtoolchain/bin/../lib/gcc/avr/4.6.2/../../../../avr/lib/avrxmega7\libc.a(strcasecmp.o)
 .data          0x008023fb        0x0 c:/program files (x86)/atmel/atmel studio 6.0/extensions/atmel/avrgcc/3.4.1.95/avrtoolchain/bin/../lib/gcc/avr/4.6.2/../../../../avr/lib/avrxmega7\libc.a(strchr.o)
 .data          0x008023fb        0x0 c:/program files (x86)/atmel/atmel studio 6.0/extensions/atmel/avrgcc/3.4.1.95/avrtoolchain/bin/../lib/gcc/avr/4.6.2/../../../../avr/lib/avrxmega7\libc.a(strcmp.o)
 .data          0x008023fb        0x0 c:/program files (x86)/atmel/atmel studio 6.0/extensions/atmel/avrgcc/3.4.1.95/avrtoolchain/bin/../lib/gcc/avr/4.6.2/../../../../avr/lib/avrxmega7\libc.a(strcpy.o)
 .data          0x008023fb        0x0 c:/program files (x86)/atmel/atmel studio 6.0/extensions/atmel/avrgcc/3.4.1.95/avrtoolchain/bin/../lib/gcc/avr/4.6.2/../../../../avr/lib/avrxmega7\libc.a(strncmp.o)
 .data          0x008023fb        0x0 c:/program files (x86)/atmel/atmel studio 6.0/extensions/atmel/avrgcc/3.4.1.95/avrtoolchain/bin/../lib/gcc/avr/4.6.2/../../../../avr/lib/avrxmega7\libc.a(strncpy.o)
 .data          0x008023fb        0x0 c:/program files (x86)/atmel/atmel studio 6.0/extensions/atmel/avrgcc/3.4.1.95/avrtoolchain/bin/../lib/gcc/avr/4.6.2/../../../../avr/lib/avrxmega7\libc.a(strnlen.o)
 .data          0x008023fb        0x0 c:/program files (x86)/atmel/atmel studio 6.0/extensions/atmel/avrgcc/3.4.1.95/avrtoolchain/bin/../lib/gcc/avr/4.6.2/../../../../avr/lib/avrxmega7\libc.a(strrchr.o)
 .data          0x008023fb        0x0 c:/program files (x86)/atmel/atmel studio 6.0/extensions/atmel/avrgcc/3.4.1.95/avrtoolchain/bin/../lib/gcc/avr/4.6.2/../../../../avr/lib/avrxmega7\libc.a(strstr.o)