Archive member included because of file (symbol)

../../../../../../hal/project/xmega128A1/hal/Release\libhal.a(hal_gpio.o)
                              drv_signal.o (hal_configureGpioPort)
../../../../../../hal/project/xmega128A1/hal/Release\libhal.a(hal_spi.o)
                              drv_sd.o (hal_requestSpiChannel)
../../../../../../hal/project/xmega128A1/hal/Release\libhal.a(hal_uart.o)
                              drv_console.o (hal_enableUartRxInt)
../../../../../../hal/project/xmega128A1/hal/Release\libhal.a(hal_clocks.o)
                              ../../../../../../hal/project/xmega128A1/hal/Release\libhal.a(hal_spi.o) (hal_getCpuFreq)
../../../../../../hal/project/xmega128A1/hal/Release\libhal.a(hal_dma.o)
                              ../../../../../../hal/project/xmega128A1/hal/Release\libhal.a(hal_spi.o) (hal_requestDmaInterrupt)
../../../../../../rtos/project/atxmega128A1/arbitros/Release\libarbitros.a(arb_console.o)
                              usr_appInit.o (arb_consoleInit)
../../../../../../rtos/project/atxmega128A1/arbitros/Release\libarbitros.a(arb_device.o)
                              ../../../../../../rtos/project/atxmega128A1/arbitros/Release\libarbitros.a(arb_console.o) (arb_getDeviceList)
../../../../../../rtos/project/atxmega128A1/arbitros/Release\libarbitros.a(arb_main.o)
                              c:/winavr-20100110/bin/../lib/gcc/avr/4.3.3/../../../../avr/lib/avrxmega7/crtx128a1.o (main)
../../../../../../rtos/project/atxmega128A1/arbitros/Release\libarbitros.a(arb_printf.o)
                              ../../../../../../rtos/project/atxmega128A1/arbitros/Release\libarbitros.a(arb_console.o) (arb_setPrintfDbgLevel)
../../../../../../rtos/project/atxmega128A1/arbitros/Release\libarbitros.a(arb_scheduler.o)
                              ../../../../../../rtos/project/atxmega128A1/arbitros/Release\libarbitros.a(arb_console.o) (arb_getOneMinLoadingEst)
../../../../../../rtos/project/atxmega128A1/arbitros/Release\libarbitros.a(arb_semaphore.o)
                              drv_console.o (arb_semaphoreDestroy)
../../../../../../rtos/project/atxmega128A1/arbitros/Release\libarbitros.a(arb_sysTimer.o)
                              ../../../../../../rtos/project/atxmega128A1/arbitros/Release\libarbitros.a(arb_console.o) (arb_setSysTime)
../../../../../../rtos/project/atxmega128A1/arbitros/Release\libarbitros.a(arb_thread.o)
                              ../../../../../../rtos/project/atxmega128A1/arbitros/Release\libarbitros.a(arb_sysTimer.o) (arb_updateSleepingThreads)
../../../../../../rtos/project/atxmega128A1/arbitros/Release\libarbitros.a(hal_initThreadStack.o)
                              ../../../../../../rtos/project/atxmega128A1/arbitros/Release\libarbitros.a(arb_thread.o) (hal_initThreadStack)
../../../../../../rtos/project/atxmega128A1/arbitros/Release\libarbitros.a(arb_error.o)
                              ../../../../../../rtos/project/atxmega128A1/arbitros/Release\libarbitros.a(arb_semaphore.o) (arb_stackOverflow)
../../../../../../rtos/project/atxmega128A1/arbitros/Release\libarbitros.a(arb_idle.o)
                              ../../../../../../rtos/project/atxmega128A1/arbitros/Release\libarbitros.a(arb_scheduler.o) (arb_idleInit)
../../../../../../utilities/project/atxmega128A1/utilities/Release\libutilities.a(utl_buffer.o)
                              drv_console.o (utl_getBufferFullLevel)
../../../../../../utilities/project/atxmega128A1/utilities/Release\libutilities.a(utl_linkedlist.o)
                              ../../../../../../hal/project/xmega128A1/hal/Release\libhal.a(hal_gpio.o) (utl_insertLink)
../../../../../../utilities/project/atxmega128A1/utilities/Release\libutilities.a(utl_math.o)
                              usr_mathTest.o (utl_cos16_16)
../../../../../../packages/sd/project/atxmega128A1/sd/Release\libsd.a(sdInterface.o)
                              drv_sd.o (sd_begin)
../../../../../../packages/sd/project/atxmega128A1/sd/Release\libsd.a(Sd2Card.o)
                              ../../../../../../packages/sd/project/atxmega128A1/sd/Release\libsd.a(sdInterface.o) (Sd2Card::init(int))
../../../../../../packages/sd/project/atxmega128A1/sd/Release\libsd.a(SdBaseFile.o)
                              ../../../../../../packages/sd/project/atxmega128A1/sd/Release\libsd.a(sdInterface.o) (SdBaseFile::getFilename(char*))
../../../../../../packages/sd/project/atxmega128A1/sd/Release\libsd.a(SdFat.o)
                              ../../../../../../packages/sd/project/atxmega128A1/sd/Release\libsd.a(SdBaseFile.o) (SdFat::stdOut_)
../../../../../../packages/sd/project/atxmega128A1/sd/Release\libsd.a(SdFile.o)
                              ../../../../../../packages/sd/project/atxmega128A1/sd/Release\libsd.a(sdInterface.o) (SdFile::write(void const*, unsigned int))
../../../../../../packages/sd/project/atxmega128A1/sd/Release\libsd.a(SdVolume.o)
[...]
Memory Configuration

Name             Origin             Length             Attributes
text             0x00000000         0x00100000         xr
data             0x00802000         0x0000ffa0         rw !x
eeprom           0x00810000         0x00010000         rw !x
fuse             0x00820000         0x00000400         rw !x
lock             0x00830000         0x00000400         rw !x
signature        0x00840000         0x00000400         rw !x
*default*        0x00000000         0xffffffff

Linker script and memory map

LOAD c:/winavr-20100110/bin/../lib/gcc/avr/4.3.3/../../../../avr/lib/avrxmega7/crtx128a1.o
LOAD drv_console.o
LOAD drv_sd.o
LOAD drv_signal.o
LOAD usr_appInit.o
LOAD usr_console.o
LOAD usr_mathTest.o
START GROUP
LOAD ../../../../../../hal/project/xmega128A1/hal/Release\libhal.a
LOAD ../../../../../../rtos/project/atxmega128A1/arbitros/Release\libarbitros.a
LOAD ../../../../../../utilities/project/atxmega128A1/utilities/Release\libutilities.a
LOAD ../../../../../../packages/sd/project/atxmega128A1/sd/Release\libsd.a
LOAD c:/winavr-20100110/bin/../lib/gcc/avr/4.3.3/../../../../avr/lib/avrxmega7\libprintf_flt.a
LOAD c:/winavr-20100110/bin/../lib/gcc/avr/4.3.3/../../../../avr/lib/avrxmega7\libm.a
LOAD c:/winavr-20100110/bin/../lib/gcc/avr/4.3.3/../../../../avr/lib/avrxmega7\libc.a
END GROUP
LOAD c:/winavr-20100110/bin/../lib/gcc/avr/4.3.3/../../../../avr/lib/avrxmega7\libprintf_flt.a
LOAD c:/winavr-20100110/bin/../lib/gcc/avr/4.3.3/../../../../avr/lib/avrxmega7\libm.a
LOAD c:/winavr-20100110/bin/../lib/gcc/avr/4.3.3/avrxmega7\libgcc.a
LOAD c:/winavr-20100110/bin/../lib/gcc/avr/4.3.3/../../../../avr/lib/avrxmega7\libc.a
LOAD c:/winavr-20100110/bin/../lib/gcc/avr/4.3.3/avrxmega7\libgcc.a

.hash
 *(.hash)

.dynsym
 *(.dynsym)

.dynstr
 *(.dynstr)

.gnu.version
 *(.gnu.version)

.gnu.version_d
 *(.gnu.version_d)

.gnu.version_r
 *(.gnu.version_r)

.rel.init
 *(.rel.init)

.rela.init
 *(.rela.init)

.rel.text
 *(.rel.text)
 *(.rel.text.*)
 *(.rel.gnu.linkonce.t*)

.rela.text
 *(.rela.text)
 *(.rela.text.*)
 *(.rela.gnu.linkonce.t*)

.rel.fini
 *(.rel.fini)

.rela.fini
 *(.rela.fini)

.rel.rodata
 *(.rel.rodata)
 *(.rel.rodata.*)
 *(.rel.gnu.linkonce.r*)

.rela.rodata
 *(.rela.rodata)
 *(.rela.rodata.*)
 *(.rela.gnu.linkonce.r*)

.rel.data
 *(.rel.data)
 *(.rel.data.*)
 *(.rel.gnu.linkonce.d*)

.rela.data
 *(.rela.data)
 *(.rela.data.*)
 *(.rela.gnu.linkonce.d*)

.rel.ctors
 *(.rel.ctors)

.rela.ctors
 *(.rela.ctors)

.rel.dtors
 *(.rel.dtors)

.rela.dtors
 *(.rela.dtors)

.rel.got
 *(.rel.got)

.rela.got
 *(.rela.got)

.rel.bss
 *(.rel.bss)

.rela.bss
 *(.rela.bss)

.rel.plt
 *(.rel.plt)

.rela.plt
 *(.rela.plt)

.text           0x00000000    0x1688a
 *(.vectors)
 .vectors       0x00000000      0x1f4 c:/winavr-20100110/bin/../lib/gcc/avr/4.3.3/../../../../avr/lib/avrxmega7/crtx128a1.o
                0x00000000                __vectors
                0x00000000                __vector_default
 *(.vectors)
 *(.progmem.gcc*)
 .progmem.gcc_sw_table
                0x000001f4       0x2c ../../../../../../hal/project/xmega128A1/hal/Release\libhal.a(hal_gpio.o)
 .progmem.gcc_fplib
                0x00000220       0x2d c:/winavr-20100110/bin/../lib/gcc/avr/4.3.3/../../../../avr/lib/avrxmega7\libm.a(atan.o)
 .progmem.gcc_fplib
                0x0000024d       0x1e c:/winavr-20100110/bin/../lib/gcc/avr/4.3.3/../../../../avr/lib/avrxmega7\libm.a(fp_sinus.o)
 *(.progmem*)
 .progmem.data  0x0000026b        0x3 drv_console.o
 .progmem.data  0x0000026e       0xe7 usr_console.o
 .progmem.data  0x00000355      0x98b ../../../../../../rtos/project/atxmega128A1/arbitros/Release\libarbitros.a(arb_console.o)
 .progmem.data  0x00000ce0       0x3b ../../../../../../rtos/project/atxmega128A1/arbitros/Release\libarbitros.a(arb_printf.o)
 .progmem.data  0x00000d1b       0x24 ../../../../../../rtos/project/atxmega128A1/arbitros/Release\libarbitros.a(arb_scheduler.o)
 .progmem.data  0x00000d3f       0x10 ../../../../../../packages/sd/project/atxmega128A1/sd/Release\libsd.a(SdBaseFile.o)
 .progmem.data  0x00000d4f        0x8 c:/winavr-20100110/bin/../lib/gcc/avr/4.3.3/../../../../avr/lib/avrxmega7\libprintf_flt.a(vfprintf_flt.o)
 .progmem.data  0x00000d57       0xfa c:/winavr-20100110/bin/../lib/gcc/avr/4.3.3/../../../../avr/lib/avrxmega7\libc.a(ftoa_engine.o)
                0x00000e52                . = ALIGN (0x2)
 *fill*         0x00000e51        0x1 00
                0x00000e52                __trampolines_start = .
 *(.trampolines)
 .trampolines   0x00000e52        0x0 linker stubs
 *(.trampolines*)
                0x00000e52                __trampolines_end = .
 *(.jumptables)
 *(.jumptables*)
 *(.lowtext)
 *(.lowtext*)
                0x00000e52                __ctors_start = .
 *(.ctors)
 .ctors         0x00000e52        0x2 ../../../../../../packages/sd/project/atxmega128A1/sd/Release\libsd.a(sdInterface.o)
 .ctors         0x00000e54        0x2 ../../../../../../packages/sd/project/atxmega128A1/sd/Release\libsd.a(MinimumSerial.o)
                0x00000e56                __ctors_end = .
                0x00000e56                __dtors_start = .
 *(.dtors)
                0x00000e56                __dtors_end = .
 SORT(*)(.ctors)
 SORT(*)(.dtors)
 *(.init0)
 .init0         0x00000e56        0x0 c:/winavr-20100110/bin/../lib/gcc/avr/4.3.3/../../../../avr/lib/avrxmega7/crtx128a1.o
                0x00000e56                __init
 *(.init0)
 *(.init1)
 *(.init1)
 *(.init2)
 .init2         0x00000e56       0x18 c:/winavr-20100110/bin/../lib/gcc/avr/4.3.3/../../../../avr/lib/avrxmega7/crtx128a1.o
 *(.init2)
 *(.init3)
 *(.init3)
 *(.init4)
 .init4         0x00000e6e       0x1c c:/winavr-20100110/bin/../lib/gcc/avr/4.3.3/../../../../avr/lib/avrxmega7/crtx128a1.o
                0x00000e6e                __do_copy_data
 .init4         0x00000e8a       0x10 c:/winavr-20100110/bin/../lib/gcc/avr/4.3.3/avrxmega7\libgcc.a(_clear_bss.o)
                0x00000e8a                __do_clear_bss
 *(.init4)
 *(.init5)
 *(.init5)
 *(.init6)
 .init6         0x00000e9a       0x16 c:/winavr-20100110/bin/../lib/gcc/avr/4.3.3/avrxmega7\libgcc.a(_ctors.o)
                0x00000e9a                __do_global_ctors
 *(.init6)
 *(.init7)
 *(.init7)
 *(.init8)
 *(.init8)
 *(.init9)
 .init9         0x00000eb0        0x8 c:/winavr-20100110/bin/../lib/gcc/avr/4.3.3/../../../../avr/lib/avrxmega7/crtx128a1.o
 *(.init9)
 *(.text)
 .text          0x00000eb8        0x4 c:/winavr-20100110/bin/../lib/gcc/avr/4.3.3/../../../../avr/lib/avrxmega7/crtx128a1.o
                0x00000eb8                __vector_38
                0x00000eb8                __vector_63
                0x00000eb8                __vector_1
                0x00000eb8                __vector_32
                0x00000eb8                __vector_75
                0x00000eb8                __vector_71
                0x00000eb8                __vector_102
                0x00000eb8                __vector_12
                0x00000eb8                __vector_69
                0x00000eb8                __vector_90
                0x00000eb8                __vector_46
                0x00000eb8                __bad_interrupt
                0x00000eb8                __vector_72
                0x00000eb8                __vector_31
                0x00000eb8                __vector_78
                0x00000eb8                __vector_74
                0x00000eb8                __vector_39
                0x00000eb8                __vector_107
                0x00000eb8                __vector_68
                0x00000eb8                __vector_30
                0x00000eb8                __vector_73
                0x00000eb8                __vector_45
                0x00000eb8                __vector_93
                0x00000eb8                __vector_11
                0x00000eb8                __vector_54
                0x00000eb8                __vector_13
                0x00000eb8                __vector_41
                0x00000eb8                __vector_109
                0x00000eb8                __vector_27
                0x00000eb8                __vector_33
                0x00000eb8                __vector_76
                0x00000eb8                __vector_115
                0x00000eb8                __vector_37
                0x00000eb8                __vector_103
                0x00000eb8                __vector_106
                0x00000eb8                __vector_21
                0x00000eb8                __vector_36
                0x00000eb8                __vector_70
                0x00000eb8                __vector_60
                0x00000eb8                __vector_121
                0x00000eb8                __vector_40
                0x00000eb8                __vector_48
                0x00000eb8                __vector_124
                0x00000eb8                __vector_84
                0x00000eb8                __vector_10
                0x00000eb8                __vector_42
 .text          0x00000ebc      0xb2e drv_console.o
                0x00001740                drv_consoleInit
                0x000016de                drv_consoleExit
 .text          0x000019ea      0x668 drv_sd.o
                0x00001f2c                drv_sdExit
                0x00001f5c                drv_sdInit
 .text          0x00002052     0x1438 drv_signal.o
                0x000032a2                drv_signalInit
                0x0000327e                drv_signalExit
 .text          0x0000348a       0xc8 usr_appInit.o
                0x0000348a                usr_appInit
 .text          0x00003552       0xe2 usr_console.o
                0x00003552                usr_console
 .text          0x00003634      0xf20 usr_mathTest.o
                0x000044ca                usr_mathTestInit
 .text          0x00004554     0x11d2 ../../../../../../hal/project/xmega128A1/hal/Release\libhal.a(hal_gpio.o)
                0x00004dfc                __vector_104
                0x000049a0                __vector_67
                0x00004a1c                __vector_34
                0x00004a98                __vector_35
                0x00004b90                __vector_3
                0x00004e78                __vector_105
                0x00004fec                __vector_98
                0x00005068                __vector_99
                0x000050e4                __vector_100
                0x00005160                __vector_101
                0x00004c0c                __vector_64
                0x00004d04                __vector_43
                0x00005488                hal_requestGpioInt
                0x00005350                __vector_5
                0x000055c6                hal_releaseGpioInt
                0x00005258                __vector_95
                0x00004ef4                __vector_96
                0x000052d4                __vector_4
                0x00004d80                __vector_44
                0x000053cc                hal_configureGpioPort
                0x00004b14                __vector_2
                0x00004924                __vector_66
                0x000051dc                __vector_94
                0x00004f70                __vector_97
                0x00004c88                __vector_65
 .text          0x00005726     0x219c ../../../../../../hal/project/xmega128A1/hal/Release\libhal.a(hal_spi.o)
                0x000065dc                hal_spiReadBlock
                0x00005cd4                __vector_24
                0x00006196                hal_spiReadByte
                0x000062d6                hal_spiSetBaudRate
                0x00006238                hal_spiWriteByte
                0x00006f36                hal_requestSpiChannel
                0x00007220                hal_releaseSpiChannel
                0x00005e24                __vector_118
                0x00005efc                hal_spiSetChipSelect
                0x00006c20                hal_spiReadWrite
                0x00005e94                hal_spiConfCallBack
                0x00006906                hal_spiWriteBlock
                0x00005db4                __vector_57
                0x000072d8                hal_configureSpiChannel
                0x00005d44                __vector_87
 .text          0x000078c2     0x1968 ../../../../../../hal/project/xmega128A1/hal/Release\libhal.a(hal_uart.o)
                0x00008c18                hal_configureUartChannel
                0x00007cba                __vector_28
                0x000080f2                __vector_119
                0x00008a4c                hal_releaseUartChannel
                0x00008504                hal_uartWriteBlock
                0x00007e6a                __vector_91
                0x00008086                __vector_62
                0x000081ca                __vector_122
                0x00007ed6                __vector_92
                0x000082a2                hal_enableUartRxInt
                0x0000830e                hal_disableUartRxInt
                0x00007be2                __vector_25
                0x0000801a                __vector_61
                0x00008236                __vector_123
                0x00007d92                __vector_88
                0x000083da                hal_uartReadBlock
                0x000086b2                hal_uartGetBaudRate
                0x00008368                hal_uartWriteByte
                0x00007dfe                __vector_89
                0x00008718                hal_uartGetDataAddress
                0x00008782                hal_requestUartChannel
                0x00007f42                __vector_58
                0x00007d26                __vector_29
                0x00007c4e                __vector_26
                0x00007fae                __vector_59
                0x0000815e                __vector_120
 .text          0x0000922a       0x5c ../../../../../../hal/project/xmega128A1/hal/Release\libhal.a(hal_clocks.o)
                0x0000923c                hal_setCpuFreq
                0x0000922a                hal_getCpuFreq
 .text          0x00009286      0xe50 ../../../../../../hal/project/xmega128A1/hal/Release\libhal.a(hal_dma.o)
                0x00009ad0                hal_setDmaDestAddress
                0x00009e5e                hal_resetDmaController
                0x00009b64                hal_getDmaStatus
                0x000092de                __vector_6
                0x00009536                hal_requestDmaInterrupt
                0x000099cc                hal_setDmaBlockSize
                0x0000a022                hal_dmaEnableChannel
                0x00009374                __vector_7
                0x00009f90                hal_clearDmaIntStatus
                0x00009e72                hal_dmaStartTransfer
                0x000094a0                __vector_9
                0x00009ee4                hal_getDmaIntStatus
                0x0000940a                __vector_8
                0x00009bfe                hal_configureDmaChannel
                0x0000a07c                hal_dmaDisableChannel
                0x00009f50                hal_getDmaChannelId
                0x00009a3c                hal_setDmaSourceAddress
                0x00009bb4                hal_getDmaTransferCount
                0x0000985a                hal_releaseDmaChannel
                0x00009636                hal_releaseDmaInterrupt
                0x0000970e                hal_requestDmaChannel
 .text          0x0000a0d6        0xc ../../../../../../hal/project/xmega128A1/hal/Release\libhal.a(hal_pmic.o)
                0x0000a0d6                hal_configureIntLevel
 .text          0x0000a0e2     0x1ff6 ../../../../../../hal/project/xmega128A1/hal/Release\libhal.a(hal_timer.o)
                0x0000bb9c                hal_getCompareValue
                0x0000a3a4                __vector_22
                0x0000b36a                hal_requestTimer
                0x0000ba8c                hal_setCompareValue
                0x0000a6de                __vector_77
                0x0000bd0c                hal_clearIntStatus
                0x0000b6bc                hal_configureTimer
                0x0000b4c4                hal_releaseTimer
                0x0000ab04                __vector_55
                0x0000a5f2                __vector_81
                0x0000b1be                hal_releaseTimerInterrupt
                0x0000afa0                __vector_114
                0x0000ac66                __vector_110
                0x0000af2a                __vector_117
                0x0000a41a                __vector_23
                0x0000bfea                hal_disableCompareChannel
                0x0000a1cc                __vector_17
                0x0000a2b8                __vector_19
                0x0000ab7a                __vector_56
                0x0000a8b6                __vector_49
                0x0000a7ca                __vector_86
                0x0000bc48                hal_getIntStatus
                0x0000adc8                __vector_113
                0x0000aa8e                __vector_47
                0x0000aa18                __vector_52
                0x0000bb2c                hal_getPeriodValue
                0x0000ae3e                __vector_108
                0x0000b91e                hal_startTimer
                0x0000a668                __vector_82
                0x0000ba1c                hal_getTimerCount
                0x0000a9a2                __vector_51
                0x0000a13a                __vector_15
                0x0000a506                __vector_79
                0x0000a840                __vector_83
                0x0000bdba                hal_enableCompareChannel
                0x0000a754                __vector_85
                0x0000b9a4                hal_stopTimer
                0x0000aeb4                __vector_116
                0x0000ad52                __vector_112
                0x0000b016                hal_requestTimerInterrupt
                0x0000acdc                __vector_111
                0x0000a57c                __vector_80
                0x0000a32e                __vector_14
                0x0000abf0                __vector_53
                0x0000a92c                __vector_50
                0x0000a156                __vector_16
                0x0000a242                __vector_18
                0x0000a490                __vector_20
 .text          0x0000c0d8      0x2e0 ../../../../../../hal/project/xmega128A1/hal/Release\libhal.a(hal_watchDog.o)
                0x0000c346                hal_wdEnable
                0x0000c1b6                hal_configureWd
                0x0000c0d8                hal_requestWdAccess
                0x0000c156                hal_releaseWdAccess
                0x0000c2f0                hal_wdDisable
 .text          0x0000c3b8       0xf2 c:/winavr-20100110/bin/../lib/gcc/avr/4.3.3/avrxmega7\libgcc.a(_lshrdi3.o)
                0x0000c3b8                __lshrdi3
                0x0000c4aa                . = ALIGN (0x2)
 *(.text.*)
 .text.arb_consoleInit
                0x0000c4aa       0xcc ../../../../../../rtos/project/atxmega128A1/arbitros/Release\libarbitros.a(arb_console.o)
                0x0000c4aa                arb_consoleInit
 .text.arb_console
                0x0000c576     0x13ec ../../../../../../rtos/project/atxmega128A1/arbitros/Release\libarbitros.a(arb_console.o)
 .text.arb_getDeviceList
                0x0000d962        0xc ../../../../../../rtos/project/atxmega128A1/arbitros/Release\libarbitros.a(arb_device.o)
                0x0000d962                arb_getDeviceList
 .text.arb_read
                0x0000d96e       0x70 ../../../../../../rtos/project/atxmega128A1/arbitros/Release\libarbitros.a(arb_device.o)
                0x0000d96e                arb_read
 .text.arb_write
                0x0000d9de       0x70 ../../../../../../rtos/project/atxmega128A1/arbitros/Release\libarbitros.a(arb_device.o)
                0x0000d9de                arb_write
 .text.arb_getDevName
                0x0000da4e       0x46 ../../../../../../rtos/project/atxmega128A1/arbitros/Release\libarbitros.a(arb_device.o)
                0x0000da4e                arb_getDevName
 .text.arb_ioctl
                0x0000da94       0x88 ../../../../../../rtos/project/atxmega128A1/arbitros/Release\libarbitros.a(arb_device.o)
                0x0000da94                arb_ioctl
 .text.arb_close
                0x0000db1c       0x86 ../../../../../../rtos/project/atxmega128A1/arbitros/Release\libarbitros.a(arb_device.o)
                0x0000db1c                arb_close
 .text.arb_getDeviceLinkByName
                0x0000dba2       0x74 ../../../../../../rtos/project/atxmega128A1/arbitros/Release\libarbitros.a(arb_device.o)
 .text.arb_destroyDevice
                0x0000dc16       0xf2 ../../../../../../rtos/project/atxmega128A1/arbitros/Release\libarbitros.a(arb_device.o)
                0x0000dc16                arb_destroyDevice
 .text.arb_registerDevice
                0x0000dd08      0x13c ../../../../../../rtos/project/atxmega128A1/arbitros/Release\libarbitros.a(arb_device.o)
                0x0000dd08                arb_registerDevice
 .text.arb_open
                0x0000de44      0x18c ../../../../../../rtos/project/atxmega128A1/arbitros/Release\libarbitros.a(arb_device.o)
                0x0000de44                arb_open
 .text.main     0x0000dfd0       0x20 ../../../../../../rtos/project/atxmega128A1/arbitros/Release\libarbitros.a(arb_main.o)
                0x0000dfd0                main
 .text.arb_setPrintfDbgLevel
                0x0000dff0       0x22 ../../../../../../rtos/project/atxmega128A1/arbitros/Release\libarbitros.a(arb_printf.o)
                0x0000dff0                arb_setPrintfDbgLevel
 .text.arb_printfInit
                0x0000e012       0xb0 ../../../../../../rtos/project/atxmega128A1/arbitros/Release\libarbitros.a(arb_printf.o)
                0x0000e012                arb_printfInit
 .text.arb_sysPrintChar
                0x0000e0c2       0x2a ../../../../../../rtos/project/atxmega128A1/arbitros/Release\libarbitros.a(arb_printf.o)
                0x0000e0c2                arb_sysPrintChar
 .text.arb_printfFlushBuf
                0x0000e0ec      0x222 ../../../../../../rtos/project/atxmega128A1/arbitros/Release\libarbitros.a(arb_printf.o)
                0x0000e0ec                arb_printfFlushBuf
 .text.arb_printf
                0x0000e30e      0x290 ../../../../../../rtos/project/atxmega128A1/arbitros/Release\libarbitros.a(arb_printf.o)
                0x0000e30e                arb_printf
 .text.arb_getOneMinLoadingEst
                0x0000e59e       0x12 ../../../../../../rtos/project/atxmega128A1/arbitros/Release\libarbitros.a(arb_scheduler.o)
                0x0000e59e                arb_getOneMinLoadingEst
 .text.arb_getFiveMinLoadingEst
                0x0000e5b0       0x12 ../../../../../../rtos/project/atxmega128A1/arbitros/Release\libarbitros.a(arb_scheduler.o)
                0x0000e5b0                arb_getFiveMinLoadingEst
 .text.arb_roundRobinScheduler
                0x0000e5c2      0x3b0 ../../../../../../rtos/project/atxmega128A1/arbitros/Release\libarbitros.a(arb_scheduler.o)
 .text.arb_priorityScheduler
                0x0000e972      0x408 ../../../../../../rtos/project/atxmega128A1/arbitros/Release\libarbitros.a(arb_scheduler.o)
 .text.arb_schedulerStart
                0x0000ed7a      0x194 ../../../../../../rtos/project/atxmega128A1/arbitros/Release\libarbitros.a(arb_scheduler.o)
                0x0000ed7a                arb_schedulerStart
 .text.arb_schedulerInit
                0x0000ef0e       0xc6 ../../../../../../rtos/project/atxmega128A1/arbitros/Release\libarbitros.a(arb_scheduler.o)
                0x0000ef0e                arb_schedulerInit
 .text.arb_semaphoreDestroy
                0x0000efd4       0xee ../../../../../../rtos/project/atxmega128A1/arbitros/Release\libarbitros.a(arb_semaphore.o)
                0x0000efd4                arb_semaphoreDestroy
 .text.arb_semaphoreCreate
                0x0000f0c2       0xaa ../../../../../../rtos/project/atxmega128A1/arbitros/Release\libarbitros.a(arb_semaphore.o)
                0x0000f0c2                arb_semaphoreCreate
 .text.arb_yieldFromSignalActiveInt
                0x0000f16c      0x132 ../../../../../../rtos/project/atxmega128A1/arbitros/Release\libarbitros.a(arb_semaphore.o)
 .text.arb_yieldFromSignalIntsOn
                0x0000f29e      0x132 ../../../../../../rtos/project/atxmega128A1/arbitros/Release\libarbitros.a(arb_semaphore.o)
 .text.arb_yieldFromSignalIntsOff
                0x0000f3d0      0x128 ../../../../../../rtos/project/atxmega128A1/arbitros/Release\libarbitros.a(arb_semaphore.o)
 .text.arb_signal
                0x0000f4f8      0x3a0 ../../../../../../rtos/project/atxmega128A1/arbitros/Release\libarbitros.a(arb_semaphore.o)
                0x0000f4f8                arb_signal
 .text.arb_yieldFromWaitIntsOn
                0x0000f898      0x17c ../../../../../../rtos/project/atxmega128A1/arbitros/Release\libarbitros.a(arb_semaphore.o)
 .text.arb_yieldFromWaitIntsOff
                0x0000fa14      0x172 ../../../../../../rtos/project/atxmega128A1/arbitros/Release\libarbitros.a(arb_semaphore.o)
 .text.arb_wait
                0x0000fb86       0xe4 ../../../../../../rtos/project/atxmega128A1/arbitros/Release\libarbitros.a(arb_semaphore.o)
                0x0000fb86                arb_wait
 .text.updateSystemTime
                0x0000fc6a      0x2ac ../../../../../../rtos/project/atxmega128A1/arbitros/Release\libarbitros.a(arb_sysTimer.o)
 .text.arb_sysMsecNow
                0x0000ff16       0x22 ../../../../../../rtos/project/atxmega128A1/arbitros/Release\libarbitros.a(arb_sysTimer.o)
                0x0000ff16                arb_sysMsecNow
 .text.arb_sysMsecDelta
                0x0000ff38      0x15c ../../../../../../rtos/project/atxmega128A1/arbitros/Release\libarbitros.a(arb_sysTimer.o)
                0x0000ff38                arb_sysMsecDelta
 .text.arb_sysTimerEnabled
                0x00010094        0x6 ../../../../../../rtos/project/atxmega128A1/arbitros/Release\libarbitros.a(arb_sysTimer.o)
                0x00010094                arb_sysTimerEnabled
 .text.arb_setSysTime
                0x0001009a       0x64 ../../../../../../rtos/project/atxmega128A1/arbitros/Release\libarbitros.a(arb_sysTimer.o)
                0x0001009a                arb_setSysTime
 .text.arb_resetSysTime
                0x000100fe       0x4a ../../../../../../rtos/project/atxmega128A1/arbitros/Release\libarbitros.a(arb_sysTimer.o)
                0x000100fe                arb_resetSysTime
 .text.arb_sysTimerInit
                0x00010148       0x8a ../../../../../../rtos/project/atxmega128A1/arbitros/Release\libarbitros.a(arb_sysTimer.o)
                0x00010148                arb_sysTimerInit
 .text.sysTimerInterrupt
                0x000101d2      0x154 ../../../../../../rtos/project/atxmega128A1/arbitros/Release\libarbitros.a(arb_sysTimer.o)
 .text.arb_sysTimerStart
                0x00010326       0x22 ../../../../../../rtos/project/atxmega128A1/arbitros/Release\libarbitros.a(arb_sysTimer.o)
                0x00010326                arb_sysTimerStart
 .text.arb_sysTimeNow
                0x00010348      0x30c ../../../../../../rtos/project/atxmega128A1/arbitros/Release\libarbitros.a(arb_sysTimer.o)
                0x00010348                arb_sysTimeNow
 .text.arb_updateSleepingThreads
                0x00010654       0x62 ../../../../../../rtos/project/atxmega128A1/arbitros/Release\libarbitros.a(arb_thread.o)
                0x00010654                arb_updateSleepingThreads
 .text.arb_threadCreate
                0x000106b6      0x130 ../../../../../../rtos/project/atxmega128A1/arbitros/Release\libarbitros.a(arb_thread.o)
                0x000106b6                arb_threadCreate
 .text.arb_yieldFromSleepIntsOn
                0x000107e6      0x132 ../../../../../../rtos/project/atxmega128A1/arbitros/Release\libarbitros.a(arb_thread.o)
 .text.arb_yieldFromSleepIntsOff
                0x00010918      0x128 ../../../../../../rtos/project/atxmega128A1/arbitros/Release\libarbitros.a(arb_thread.o)
 .text.arb_sleep
                0x00010a40       0x4c ../../../../../../rtos/project/atxmega128A1/arbitros/Release\libarbitros.a(arb_thread.o)
                0x00010a40                arb_sleep
 .text.hal_initThreadStack
                0x00010a8c       0x98 ../../../../../../rtos/project/atxmega128A1/arbitros/Release\libarbitros.a(hal_initThreadStack.o)
                0x00010a8c                hal_initThreadStack
 .text.arb_stackOverflow
                0x00010b24       0x72 ../../../../../../rtos/project/atxmega128A1/arbitros/Release\libarbitros.a(arb_error.o)
                0x00010b24                arb_stackOverflow
 .text.arb_idleInit
                0x00010b96       0x6e ../../../../../../rtos/project/atxmega128A1/arbitros/Release\libarbitros.a(arb_idle.o)
                0x00010b96                arb_idleInit
 .text.arb_idle
                0x00010c04      0x138 ../../../../../../rtos/project/atxmega128A1/arbitros/Release\libarbitros.a(arb_idle.o)
                0x00010c04                arb_idle
 .text.utl_getBufferFullLevel
                0x00010d3c       0x28 ../../../../../../utilities/project/atxmega128A1/utilities/Release\libutilities.a(utl_buffer.o)
                0x00010d3c                utl_getBufferFullLevel
 .text.utl_getBufferSize
                0x00010d64       0x28 ../../../../../../utilities/project/atxmega128A1/utilities/Release\libutilities.a(utl_buffer.o)
                0x00010d64                utl_getBufferSize
 .text.utl_getBufferPtr
                0x00010d8c       0x28 ../../../../../../utilities/project/atxmega128A1/utilities/Release\libutilities.a(utl_buffer.o)
                0x00010d8c                utl_getBufferPtr
 .text.utl_writeByte
                0x00010db4       0x6a ../../../../../../utilities/project/atxmega128A1/utilities/Release\libutilities.a(utl_buffer.o)
                0x00010db4                utl_writeByte
 .text.utl_incrBufRdPtr
                0x00010e1e       0x4e ../../../../../../utilities/project/atxmega128A1/utilities/Release\libutilities.a(utl_buffer.o)
                0x00010e1e                utl_incrBufRdPtr
 .text.utl_getBufRdPtr
                0x00010e6c       0x28 ../../../../../../utilities/project/atxmega128A1/utilities/Release\libutilities.a(utl_buffer.o)
                0x00010e6c                utl_getBufRdPtr
 .text.utl_buffEraseTailByte
                0x00010e94       0x6a ../../../../../../utilities/project/atxmega128A1/utilities/Release\libutilities.a(utl_buffer.o)
                0x00010e94                utl_buffEraseTailByte
 .text.ult_resetBuffer
                0x00010efe       0x30 ../../../../../../utilities/project/atxmega128A1/utilities/Release\libutilities.a(utl_buffer.o)
                0x00010efe                ult_resetBuffer
 .text.utl_destroyBuffer
                0x00010f2e       0x42 ../../../../../../utilities/project/atxmega128A1/utilities/Release\libutilities.a(utl_buffer.o)
                0x00010f2e                utl_destroyBuffer
 .text.utl_createBuffer
                0x00010f70       0xa4 ../../../../../../utilities/project/atxmega128A1/utilities/Release\libutilities.a(utl_buffer.o)
                0x00010f70                utl_createBuffer
 .text.utl_readBlock
                0x00011014       0xc0 ../../../../../../utilities/project/atxmega128A1/utilities/Release\libutilities.a(utl_buffer.o)
                0x00011014                utl_readBlock
 .text.utl_writeBlock
                0x000110d4       0xbc ../../../../../../utilities/project/atxmega128A1/utilities/Release\libutilities.a(utl_buffer.o)
                0x000110d4                utl_writeBlock
 .text.utl_insertLink
                0x00011190       0xf6 ../../../../../../utilities/project/atxmega128A1/utilities/Release\libutilities.a(utl_linkedlist.o)
                0x00011190                utl_insertLink
 .text.utl_removeLink
                0x00011286      0x102 ../../../../../../utilities/project/atxmega128A1/utilities/Release\libutilities.a(utl_linkedlist.o)
                0x00011286                utl_removeLink
 .text.utl_destroyLink
                0x00011388      0x15e ../../../../../../utilities/project/atxmega128A1/utilities/Release\libutilities.a(utl_linkedlist.o)
                0x00011388                utl_destroyLink
 .text.utl_destroyContainer
                0x000114e6       0x8a ../../../../../../utilities/project/atxmega128A1/utilities/Release\libutilities.a(utl_linkedlist.o)
                0x000114e6                utl_destroyContainer
 .text.utl_createLink
                0x00011570       0xd4 ../../../../../../utilities/project/atxmega128A1/utilities/Release\libutilities.a(utl_linkedlist.o)
                0x00011570                utl_createLink
 .text.utl_createContainer
                0x00011644       0x86 ../../../../../../utilities/project/atxmega128A1/utilities/Release\libutilities.a(utl_linkedlist.o)
                0x00011644                utl_createContainer
 .text.utl_cos16_16
                0x000116ca       0xca ../../../../../../utilities/project/atxmega128A1/utilities/Release\libutilities.a(utl_math.o)
                0x000116ca                utl_cos16_16
 .text.utl_atan2_16
                0x00011794      0x262 ../../../../../../utilities/project/atxmega128A1/utilities/Release\libutilities.a(utl_math.o)
                0x00011794                utl_atan2_16
 .text.sd_begin
                0x000119f6       0x26 ../../../../../../packages/sd/project/atxmega128A1/sd/Release\libsd.a(sdInterface.o)
                0x000119f6                sd_begin
 .text.sd_init  0x00011a1c       0x26 ../../../../../../packages/sd/project/atxmega128A1/sd/Release\libsd.a(sdInterface.o)
                0x00011a1c                sd_init
 .text.sd_open  0x00011a42      0x1a8 ../../../../../../packages/sd/project/atxmega128A1/sd/Release\libsd.a(sdInterface.o)
                0x00011a42                sd_open
 .text.sd_close
                0x00011bea       0x34 ../../../../../../packages/sd/project/atxmega128A1/sd/Release\libsd.a(sdInterface.o)
                0x00011bea                sd_close
 .text.sd_ls    0x00011c1e        0xc ../../../../../../packages/sd/project/atxmega128A1/sd/Release\libsd.a(sdInterface.o)
                0x00011c1e                sd_ls
 .text.sd_chdir
                0x00011c2a        0xe ../../../../../../packages/sd/project/atxmega128A1/sd/Release\libsd.a(sdInterface.o)
                0x00011c2a                sd_chdir
 .text.sd_mkdir
                0x00011c38       0x32 ../../../../../../packages/sd/project/atxmega128A1/sd/Release\libsd.a(sdInterface.o)
                0x00011c38                sd_mkdir
 .text.sd_rmdir
                0x00011c6a        0xc ../../../../../../packages/sd/project/atxmega128A1/sd/Release\libsd.a(sdInterface.o)
                0x00011c6a                sd_rmdir
 .text.sd_remove
                0x00011c76        0xc ../../../../../../packages/sd/project/atxmega128A1/sd/Release\libsd.a(sdInterface.o)
                0x00011c76                sd_remove
 .text.sd_rmDashR
                0x00011c82        0xa ../../../../../../packages/sd/project/atxmega128A1/sd/Release\libsd.a(sdInterface.o)
                0x00011c82                sd_rmDashR
 .text.sd_write
                0x00011c8c       0x3a ../../../../../../packages/sd/project/atxmega128A1/sd/Release\libsd.a(sdInterface.o)
                0x00011c8c                sd_write
 .text.sd_read  0x00011cc6       0x3c ../../../../../../packages/sd/project/atxmega128A1/sd/Release\libsd.a(sdInterface.o)
                0x00011cc6                sd_read
 .text.sd_fileSize
                0x00011d02        0xc ../../../../../../packages/sd/project/atxmega128A1/sd/Release\libsd.a(sdInterface.o)
                0x00011d02                sd_fileSize
 .text.sd_rewind
                0x00011d0e        0xe ../../../../../../packages/sd/project/atxmega128A1/sd/Release\libsd.a(sdInterface.o)
                0x00011d0e                sd_rewind
 .text.sd_truncate
                0x00011d1c        0x8 ../../../../../../packages/sd/project/atxmega128A1/sd/Release\libsd.a(sdInterface.o)
                0x00011d1c                sd_truncate
 .text.startup._GLOBAL__sub_I_sd_begin
                0x00011d24       0x18 ../../../../../../packages/sd/project/atxmega128A1/sd/Release\libsd.a(sdInterface.o)
 .text._ZL18blockTransCompletePaj
                0x00011d3c        0x8 ../../../../../../packages/sd/project/atxmega128A1/sd/Release\libsd.a(Sd2Card.o)
 .text._ZL9CRC_CCITTPKhj
                0x00011d44       0x5e ../../../../../../packages/sd/project/atxmega128A1/sd/Release\libsd.a(Sd2Card.o)
 .text._ZL7spiSendh
                0x00011da2       0x12 ../../../../../../packages/sd/project/atxmega128A1/sd/Release\libsd.a(Sd2Card.o)
 .text._ZL6spiRecv
                0x00011db4       0x26 ../../../../../../packages/sd/project/atxmega128A1/sd/Release\libsd.a(Sd2Card.o)
 .text.millis   0x00011dda        0xc ../../../../../../packages/sd/project/atxmega128A1/sd/Release\libsd.a(Sd2Card.o)
                0x00011dda                millis
 .text._Z11millisDeltamm
                0x00011de6       0x74 ../../../../../../packages/sd/project/atxmega128A1/sd/Release\libsd.a(Sd2Card.o)
                0x00011de6                millisDelta(unsigned long, unsigned long)
 .text._ZN7Sd2Card14chipSelectHighEv
                0x00011e5a       0x16 ../../../../../../packages/sd/project/atxmega128A1/sd/Release\libsd.a(Sd2Card.o)
                0x00011e5a                Sd2Card::chipSelectHigh()
 .text._ZN7Sd2Card13chipSelectLowEv
                0x00011e70       0x10 ../../../../../../packages/sd/project/atxmega128A1/sd/Release\libsd.a(Sd2Card.o)
                0x00011e70                Sd2Card::chipSelectLow()
 .text._ZN7Sd2Card8readDataEPhj
                0x00011e80      0x14c ../../../../../../packages/sd/project/atxmega128A1/sd/Release\libsd.a(Sd2Card.o)
                0x00011e80                Sd2Card::readData(unsigned char*, unsigned int)
 .text._ZN7Sd2Card8readDataEPh
                0x00011fcc       0x26 ../../../../../../packages/sd/project/atxmega128A1/sd/Release\libsd.a(Sd2Card.o)
                0x00011fcc                Sd2Card::readData(unsigned char*)
 .text._ZN7Sd2Card11waitNotBusyEj
                0x00011ff2       0x5a ../../../../../../packages/sd/project/atxmega128A1/sd/Release\libsd.a(Sd2Card.o)
                0x00011ff2                Sd2Card::waitNotBusy(unsigned int)
 .text._ZN7Sd2Card11cardCommandEhm
                0x0001204c       0xda ../../../../../../packages/sd/project/atxmega128A1/sd/Release\libsd.a(Sd2Card.o)
                0x0001204c                Sd2Card::cardCommand(unsigned char, unsigned long)
 .text._ZN7Sd2Card8readStopEv
                0x00012126       0x38 ../../../../../../packages/sd/project/atxmega128A1/sd/Release\libsd.a(Sd2Card.o)
                0x00012126                Sd2Card::readStop()
 .text._ZN7Sd2Card9readStartEm
                0x0001215e       0x46 ../../../../../../packages/sd/project/atxmega128A1/sd/Release\libsd.a(Sd2Card.o)
                0x0001215e                Sd2Card::readStart(unsigned long)
 .text._ZN7Sd2Card9readBlockEmPh
                0x000121a4       0x68 ../../../../../../packages/sd/project/atxmega128A1/sd/Release\libsd.a(Sd2Card.o)
                0x000121a4                Sd2Card::readBlock(unsigned long, unsigned char*)
 .text._ZN7Sd2Card4initEi
                0x0001220c      0x208 ../../../../../../packages/sd/project/atxmega128A1/sd/Release\libsd.a(Sd2Card.o)
                0x0001220c                Sd2Card::init(int)
 .text._ZN7Sd2Card9writeDataEhPKh
                0x00012414      0x102 ../../../../../../packages/sd/project/atxmega128A1/sd/Release\libsd.a(Sd2Card.o)
                0x00012414                Sd2Card::writeData(unsigned char, unsigned char const*)
 .text._ZN7Sd2Card9writeDataEPKh
                0x00012516       0x4c ../../../../../../packages/sd/project/atxmega128A1/sd/Release\libsd.a(Sd2Card.o)
                0x00012516                Sd2Card::writeData(unsigned char const*)
 .text._ZN7Sd2Card10writeBlockEmPKh
                0x00012562       0xa2 ../../../../../../packages/sd/project/atxmega128A1/sd/Release\libsd.a(Sd2Card.o)
                0x00012562                Sd2Card::writeBlock(unsigned long, unsigned char const*)
 .text._ZN7Sd2Card10writeStartEmm
                0x00012604       0x96 ../../../../../../packages/sd/project/atxmega128A1/sd/Release\libsd.a(Sd2Card.o)
                0x00012604                Sd2Card::writeStart(unsigned long, unsigned long)
 .text._ZN7Sd2Card9writeStopEv
                0x0001269a       0x48 ../../../../../../packages/sd/project/atxmega128A1/sd/Release\libsd.a(Sd2Card.o)
                0x0001269a                Sd2Card::writeStop()
 .text._ZL7print2uP5Printh
                0x000126e2       0x30 ../../../../../../packages/sd/project/atxmega128A1/sd/Release\libsd.a(SdBaseFile.o)
 .text._ZN10SdBaseFile10addClusterEv
                0x00012712       0x54 ../../../../../../packages/sd/project/atxmega128A1/sd/Release\libsd.a(SdBaseFile.o)
                0x00012712                SdBaseFile::addCluster()
 .text._ZN10SdBaseFile13addDirClusterEv
                0x00012766       0xf8 ../../../../../../packages/sd/project/atxmega128A1/sd/Release\libsd.a(SdBaseFile.o)
                0x00012766                SdBaseFile::addDirCluster()
 .text._ZN10SdBaseFile13cacheDirEntryEh
                0x0001285e       0x3c ../../../../../../packages/sd/project/atxmega128A1/sd/Release\libsd.a(SdBaseFile.o)
                0x0001285e                SdBaseFile::cacheDirEntry(unsigned char)
 .text._ZN10SdBaseFile7dirNameERK14directoryEntryPc
                0x0001289a       0x3a ../../../../../../packages/sd/project/atxmega128A1/sd/Release\libsd.a(SdBaseFile.o)
                0x0001289a                SdBaseFile::dirName(directoryEntry const&, char*)
 .text._ZN10SdBaseFile11getFilenameEPc
                0x000128d4       0x38 ../../../../../../packages/sd/project/atxmega128A1/sd/Release\libsd.a(SdBaseFile.o)
                0x000128d4                SdBaseFile::getFilename(char*)
 .text._ZN10SdBaseFile10make83NameEPKcPhPS1_
                0x0001290c       0x80 ../../../../../../packages/sd/project/atxmega128A1/sd/Release\libsd.a(SdBaseFile.o)
                0x0001290c                SdBaseFile::make83Name(char const*, unsigned char*, char const**)
 .text._ZN10SdBaseFile12printFatDateEP5Printj
                0x0001298c       0x66 ../../../../../../packages/sd/project/atxmega128A1/sd/Release\libsd.a(SdBaseFile.o)
                0x0001298c                SdBaseFile::printFatDate(Print*, unsigned int)
 .text._ZN10SdBaseFile12printFatTimeEP5Printj
                0x000129f2       0x62 ../../../../../../packages/sd/project/atxmega128A1/sd/Release\libsd.a(SdBaseFile.o)
                0x000129f2                SdBaseFile::printFatTime(Print*, unsigned int)
 .text._ZN10SdBaseFile4readEPvj
                0x00012a54      0x2ce ../../../../../../packages/sd/project/atxmega128A1/sd/Release\libsd.a(SdBaseFile.o)
                0x00012a54                SdBaseFile::read(void*, unsigned int)
 .text._ZN10SdBaseFile4readEv
                0x00012d22       0x30 ../../../../../../packages/sd/project/atxmega128A1/sd/Release\libsd.a(SdBaseFile.o)
                0x00012d22                SdBaseFile::read()
 .text._ZN10SdBaseFile11lsPrintNextEP5Printhh
                0x00012d52      0x19e ../../../../../../packages/sd/project/atxmega128A1/sd/Release\libsd.a(SdBaseFile.o)
                0x00012d52                SdBaseFile::lsPrintNext(Print*, unsigned char, unsigned char)
 .text._ZN10SdBaseFile12readDirCacheEv
                0x00012ef0       0x74 ../../../../../../packages/sd/project/atxmega128A1/sd/Release\libsd.a(SdBaseFile.o)
                0x00012ef0                SdBaseFile::readDirCache()
 .text._ZN10SdBaseFile7seekSetEm
                0x00012f64      0x134 ../../../../../../packages/sd/project/atxmega128A1/sd/Release\libsd.a(SdBaseFile.o)
                0x00012f64                SdBaseFile::seekSet(unsigned long)
 .text._ZN10SdBaseFile6rewindEv
                0x00013098        0xc ../../../../../../packages/sd/project/atxmega128A1/sd/Release\libsd.a(SdBaseFile.o)
                0x00013098                SdBaseFile::rewind()
 .text._ZN10SdBaseFile10setDirSizeEv
                0x000130a4       0xce ../../../../../../packages/sd/project/atxmega128A1/sd/Release\libsd.a(SdBaseFile.o)
                0x000130a4                SdBaseFile::setDirSize()
 .text._ZN10SdBaseFile8openRootEP8SdVolume
                0x00013172       0x90 ../../../../../../packages/sd/project/atxmega128A1/sd/Release\libsd.a(SdBaseFile.o)
                0x00013172                SdBaseFile::openRoot(SdVolume*)
 .text._ZN10SdBaseFile4syncEv
                0x00013202       0x96 ../../../../../../packages/sd/project/atxmega128A1/sd/Release\libsd.a(SdBaseFile.o)
                0x00013202                SdBaseFile::sync()
 .text._ZN10SdBaseFile5closeEv
                0x00013298       0x12 ../../../../../../packages/sd/project/atxmega128A1/sd/Release\libsd.a(SdBaseFile.o)
                0x00013298                SdBaseFile::close()
 .text._ZN10SdBaseFile8truncateEm
                0x000132aa      0x17c ../../../../../../packages/sd/project/atxmega128A1/sd/Release\libsd.a(SdBaseFile.o)
                0x000132aa                SdBaseFile::truncate(unsigned long)
 .text._ZN10SdBaseFile6removeEv
                0x00013426       0x36 ../../../../../../packages/sd/project/atxmega128A1/sd/Release\libsd.a(SdBaseFile.o)
                0x00013426                SdBaseFile::remove()
 .text._ZN10SdBaseFile5rmdirEv
                0x0001345c       0x68 ../../../../../../packages/sd/project/atxmega128A1/sd/Release\libsd.a(SdBaseFile.o)
                0x0001345c                SdBaseFile::rmdir()
 .text._ZN10SdBaseFile15openCachedEntryEhh
                0x000134c4       0xee ../../../../../../packages/sd/project/atxmega128A1/sd/Release\libsd.a(SdBaseFile.o)
                0x000134c4                SdBaseFile::openCachedEntry(unsigned char, unsigned char)
 .text._ZN10SdBaseFile4openEPS_jh
                0x000135b2       0x86 ../../../../../../packages/sd/project/atxmega128A1/sd/Release\libsd.a(SdBaseFile.o)
                0x000135b2                SdBaseFile::open(SdBaseFile*, unsigned int, unsigned char)
 .text._ZN10SdBaseFile8rmRfStarEv
                0x00013638      0x126 ../../../../../../packages/sd/project/atxmega128A1/sd/Release\libsd.a(SdBaseFile.o)
                0x00013638                SdBaseFile::rmRfStar()
 .text._ZN10SdBaseFile2lsEP5Printhh
                0x0001375e       0xd4 ../../../../../../packages/sd/project/atxmega128A1/sd/Release\libsd.a(SdBaseFile.o)
                0x0001375e                SdBaseFile::ls(Print*, unsigned char, unsigned char)
 .text._ZN10SdBaseFile4openEPS_PKhh
                0x00013832      0x186 ../../../../../../packages/sd/project/atxmega128A1/sd/Release\libsd.a(SdBaseFile.o)
                0x00013832                SdBaseFile::open(SdBaseFile*, unsigned char const*, unsigned char)
 .text._ZN10SdBaseFile4openEPS_PKch
                0x000139b8      0x164 ../../../../../../packages/sd/project/atxmega128A1/sd/Release\libsd.a(SdBaseFile.o)
                0x000139b8                SdBaseFile::open(SdBaseFile*, char const*, unsigned char)
 .text._ZN10SdBaseFile6removeEPS_PKc
                0x00013b1c       0x3e ../../../../../../packages/sd/project/atxmega128A1/sd/Release\libsd.a(SdBaseFile.o)
                0x00013b1c                SdBaseFile::remove(SdBaseFile*, char const*)
 .text._ZN10SdBaseFile4openEPKch
                0x00013b5a       0x14 ../../../../../../packages/sd/project/atxmega128A1/sd/Release\libsd.a(SdBaseFile.o)
                0x00013b5a                SdBaseFile::open(char const*, unsigned char)
 .text._ZN10SdBaseFile5mkdirEPS_PKh
                0x00013b6e      0x148 ../../../../../../packages/sd/project/atxmega128A1/sd/Release\libsd.a(SdBaseFile.o)
                0x00013b6e                SdBaseFile::mkdir(SdBaseFile*, unsigned char const*)
 .text._ZN10SdBaseFile5mkdirEPS_PKcb
                0x00013cb6      0x184 ../../../../../../packages/sd/project/atxmega128A1/sd/Release\libsd.a(SdBaseFile.o)
                0x00013cb6                SdBaseFile::mkdir(SdBaseFile*, char const*, bool)
 .text._ZN10SdBaseFile5writeEPKvj
                0x00013e3a      0x3c0 ../../../../../../packages/sd/project/atxmega128A1/sd/Release\libsd.a(SdBaseFile.o)
                0x00013e3a                SdBaseFile::write(void const*, unsigned int)
 .text._ZN5SdFat5chdirEb
                0x000141fa       0x40 ../../../../../../packages/sd/project/atxmega128A1/sd/Release\libsd.a(SdFat.o)
                0x000141fa                SdFat::chdir(bool)
 .text._ZN5SdFat5beginEi
                0x0001423a       0x66 ../../../../../../packages/sd/project/atxmega128A1/sd/Release\libsd.a(SdFat.o)
                0x0001423a                SdFat::begin(int)
 .text._ZN5SdFat5chdirEPKcb
                0x000142a0       0x84 ../../../../../../packages/sd/project/atxmega128A1/sd/Release\libsd.a(SdFat.o)
                0x000142a0                SdFat::chdir(char const*, bool)
 .text._ZN5SdFat2lsEh
                0x00014324       0x16 ../../../../../../packages/sd/project/atxmega128A1/sd/Release\libsd.a(SdFat.o)
                0x00014324                SdFat::ls(unsigned char)
 .text._ZN5SdFat5mkdirEPKcb
                0x0001433a       0x32 ../../../../../../packages/sd/project/atxmega128A1/sd/Release\libsd.a(SdFat.o)
                0x0001433a                SdFat::mkdir(char const*, bool)
 .text._ZN5SdFat6removeEPKc
                0x0001436c        0x8 ../../../../../../packages/sd/project/atxmega128A1/sd/Release\libsd.a(SdFat.o)
                0x0001436c                SdFat::remove(char const*)
 .text._ZN5SdFat5rmdirEPKc
                0x00014374       0x38 ../../../../../../packages/sd/project/atxmega128A1/sd/Release\libsd.a(SdFat.o)
                0x00014374                SdFat::rmdir(char const*)
 .text._ZN6SdFile5writeEPKvj
                0x000143ac        0x8 ../../../../../../packages/sd/project/atxmega128A1/sd/Release\libsd.a(SdFile.o)
                0x000143ac                SdFile::write(void const*, unsigned int)
 .text._ZN8SdVolume9cacheSyncEv
                0x000143b4       0x8e ../../../../../../packages/sd/project/atxmega128A1/sd/Release\libsd.a(SdVolume.o)
                0x000143b4                SdVolume::cacheSync()
 .text._ZN8SdVolume10cacheFetchEmh
                0x00014442       0x84 ../../../../../../packages/sd/project/atxmega128A1/sd/Release\libsd.a(SdVolume.o)
                0x00014442                SdVolume::cacheFetch(unsigned long, unsigned char)
 .text._ZN8SdVolume13cacheFetchFatEmh
                0x000144c6        0x8 ../../../../../../packages/sd/project/atxmega128A1/sd/Release\libsd.a(SdVolume.o)
                0x000144c6                SdVolume::cacheFetchFat(unsigned long, unsigned char)
 .text._ZN8SdVolume14cacheWriteDataEv
                0x000144ce        0x6 ../../../../../../packages/sd/project/atxmega128A1/sd/Release\libsd.a(SdVolume.o)
                0x000144ce                SdVolume::cacheWriteData()
 .text._ZN8SdVolume15cacheInvalidateEv
                0x000144d4       0x1c ../../../../../../packages/sd/project/atxmega128A1/sd/Release\libsd.a(SdVolume.o)
                0x000144d4                SdVolume::cacheInvalidate()
 .text._ZNK8SdVolume17clusterStartBlockEm
                0x000144f0       0x46 ../../../../../../packages/sd/project/atxmega128A1/sd/Release\libsd.a(SdVolume.o)
                0x000144f0                SdVolume::clusterStartBlock(unsigned long) const
 .text._ZN8SdVolume6fatGetEmPm
                0x00014536       0xf8 ../../../../../../packages/sd/project/atxmega128A1/sd/Release\libsd.a(SdVolume.o)
                0x00014536                SdVolume::fatGet(unsigned long, unsigned long*)
 .text._ZN8SdVolume6fatPutEmm
                0x0001462e       0xfa ../../../../../../packages/sd/project/atxmega128A1/sd/Release\libsd.a(SdVolume.o)
                0x0001462e                SdVolume::fatPut(unsigned long, unsigned long)
 .text._ZN8SdVolume15allocContiguousEmPm
                0x00014728      0x216 ../../../../../../packages/sd/project/atxmega128A1/sd/Release\libsd.a(SdVolume.o)
                0x00014728                SdVolume::allocContiguous(unsigned long, unsigned long*)
 .text._ZN8SdVolume9freeChainEm
                0x0001493e       0xb4 ../../../../../../packages/sd/project/atxmega128A1/sd/Release\libsd.a(SdVolume.o)
                0x0001493e                SdVolume::freeChain(unsigned long)
 .text._ZN8SdVolume4initEP7Sd2Cardh
                0x000149f2      0x2f6 ../../../../../../packages/sd/project/atxmega128A1/sd/Release\libsd.a(SdVolume.o)
                0x000149f2                SdVolume::init(Sd2Card*, unsigned char)
 .text._ZN5Print5writeEPKhj
                0x00014ce8       0x50 ../../../../../../packages/sd/project/atxmega128A1/sd/Release\libsd.a(Print.o)
                0x00014ce8                Print::write(unsigned char const*, unsigned int)
 .text._ZN5Print5writeEPKc
                0x00014d38       0x2e ../../../../../../packages/sd/project/atxmega128A1/sd/Release\libsd.a(Print.o)
                0x00014d38                Print::write(char const*)
 .text._ZN5Print5printEc
                0x00014d66       0x10 ../../../../../../packages/sd/project/atxmega128A1/sd/Release\libsd.a(Print.o)
                0x00014d66                Print::print(char)
 .text._ZN5Print7printlnEv
                0x00014d76       0x28 ../../../../../../packages/sd/project/atxmega128A1/sd/Release\libsd.a(Print.o)
                0x00014d76                Print::println()
 .text._ZN5Print11printNumberEmh
                0x00014d9e       0xb8 ../../../../../../packages/sd/project/atxmega128A1/sd/Release\libsd.a(Print.o)
                0x00014d9e                Print::printNumber(unsigned long, unsigned char)
 .text._ZN5Print5printEmi
                0x00014e56       0x1e ../../../../../../packages/sd/project/atxmega128A1/sd/Release\libsd.a(Print.o)
                0x00014e56                Print::print(unsigned long, int)
 .text._ZN5Print5printEji
                0x00014e74        0xe ../../../../../../packages/sd/project/atxmega128A1/sd/Release\libsd.a(Print.o)
                0x00014e74                Print::print(unsigned int, int)
 .text._ZN5Print5printEhi
                0x00014e82       0x10 ../../../../../../packages/sd/project/atxmega128A1/sd/Release\libsd.a(Print.o)
                0x00014e82                Print::print(unsigned char, int)
 .text._ZN13MinimumSerial5writeEh
                0x00014e92        0xc ../../../../../../packages/sd/project/atxmega128A1/sd/Release\libsd.a(MinimumSerial.o)
                0x00014e92                MinimumSerial::write(unsigned char)
 .text.startup._GLOBAL__sub_I__ZN13MinimumSerial5beginEm
                0x00014e9e       0x16 ../../../../../../packages/sd/project/atxmega128A1/sd/Release\libsd.a(MinimumSerial.o)
 .text.avr-libc
                0x00014eb4      0x754 c:/winavr-20100110/bin/../lib/gcc/avr/4.3.3/../../../../avr/lib/avrxmega7\libprintf_flt.a(vfprintf_flt.o)
                0x00014eb4                vfprintf
 .text.avr-libc.fplib
                0x00015608        0xa c:/winavr-20100110/bin/../lib/gcc/avr/4.3.3/../../../../avr/lib/avrxmega7\libm.a(addsf3.o)
                0x00015608                __subsf3
                0x0001560a                __addsf3
 .text.avr-libc.fplib
                0x00015612       0xc0 c:/winavr-20100110/bin/../lib/gcc/avr/4.3.3/../../../../avr/lib/avrxmega7\libm.a(addsf3x.o)
                0x0001562c                __addsf3x
 .text.avr-libc.fplib
                0x000156d2       0x74 c:/winavr-20100110/bin/../lib/gcc/avr/4.3.3/../../../../avr/lib/avrxmega7\libm.a(atan2.o)
                0x000156f0                atan2
 .text.avr-libc.fplib
                0x00015746       0x50 c:/winavr-20100110/bin/../lib/gcc/avr/4.3.3/../../../../avr/lib/avrxmega7\libm.a(atan.o)
                0x00015746                atan
 .text.avr-libc.fplib
                0x00015796        0x8 c:/winavr-20100110/bin/../lib/gcc/avr/4.3.3/../../../../avr/lib/avrxmega7\libm.a(cmpsf2.o)
                0x00015796                __lesf2
                0x00015796                __nesf2
                0x00015796                __eqsf2
                0x00015796                __cmpsf2
                0x00015796                __ltsf2
 .text.avr-libc.fplib
                0x0001579e        0x6 c:/winavr-20100110/bin/../lib/gcc/avr/4.3.3/../../../../avr/lib/avrxmega7\libm.a(cos.o)
                0x0001579e                cos
 .text.avr-libc.fplib
                0x000157a4        0x4 c:/winavr-20100110/bin/../lib/gcc/avr/4.3.3/../../../../avr/lib/avrxmega7\libm.a(divsf3.o)
                0x000157a4                __divsf3
 .text.avr-libc.fplib
                0x000157a8       0xcc c:/winavr-20100110/bin/../lib/gcc/avr/4.3.3/../../../../avr/lib/avrxmega7\libm.a(divsf3x.o)
                0x000157be                __divsf3x
                0x000157c2                __divsf3_pse
 .text.avr-libc.fplib
                0x00015874       0x74 c:/winavr-20100110/bin/../lib/gcc/avr/4.3.3/../../../../avr/lib/avrxmega7\libm.a(fixsfdi.o)
                0x00015874                __fixsfdi
                0x0001587e                __fixunssfdi
 .text.avr-libc.fplib
                0x000158e8        0xa c:/winavr-20100110/bin/../lib/gcc/avr/4.3.3/../../../../avr/lib/avrxmega7\libm.a(fixsfsi.o)
                0x000158e8                __fixsfsi
 .text.avr-libc.fplib
                0x000158f2       0x58 c:/winavr-20100110/bin/../lib/gcc/avr/4.3.3/../../../../avr/lib/avrxmega7\libm.a(fixunssfsi.o)
                0x000158f2                __fixunssfsi
 .text.avr-libc.fplib
                0x0001594a       0x7a c:/winavr-20100110/bin/../lib/gcc/avr/4.3.3/../../../../avr/lib/avrxmega7\libm.a(floatsisf.o)
                0x0001594e                __floatsisf
                0x0001594a                __floatunsisf
 .text.avr-libc.fplib
                0x000159c4       0x7c c:/winavr-20100110/bin/../lib/gcc/avr/4.3.3/../../../../avr/lib/avrxmega7\libm.a(floatundisf.o)
                0x000159c4                __floatundisf
                0x000159c6                __fp_di2sf
 .text.avr-libc.fplib
                0x00015a40       0x48 c:/winavr-20100110/bin/../lib/gcc/avr/4.3.3/../../../../avr/lib/avrxmega7\libm.a(fp_cmp.o)
                0x00015a40                __fp_cmp
 .text.avr-libc.fplib
                0x00015a88        0xc c:/winavr-20100110/bin/../lib/gcc/avr/4.3.3/../../../../avr/lib/avrxmega7\libm.a(fp_inf.o)
                0x00015a88                __fp_inf
 .text.avr-libc.fplib
                0x00015a94        0x6 c:/winavr-20100110/bin/../lib/gcc/avr/4.3.3/../../../../avr/lib/avrxmega7\libm.a(fp_nan.o)
                0x00015a94                __fp_nan
 .text.avr-libc.fplib
                0x00015a9a       0x20 c:/winavr-20100110/bin/../lib/gcc/avr/4.3.3/../../../../avr/lib/avrxmega7\libm.a(fp_negdi.o)
                0x00015a9a                __fp_negdi
 .text.avr-libc.fplib
                0x00015aba       0x4a c:/winavr-20100110/bin/../lib/gcc/avr/4.3.3/../../../../avr/lib/avrxmega7\libm.a(fp_powser.o)
                0x00015aba                __fp_powser
 .text.avr-libc.fplib
                0x00015b04        0xe c:/winavr-20100110/bin/../lib/gcc/avr/4.3.3/../../../../avr/lib/avrxmega7\libm.a(fp_pscA.o)
                0x00015b04                __fp_pscA
 .text.avr-libc.fplib
                0x00015b12        0xe c:/winavr-20100110/bin/../lib/gcc/avr/4.3.3/../../../../avr/lib/avrxmega7\libm.a(fp_pscB.o)
                0x00015b12                __fp_pscB
 .text.avr-libc.fplib
                0x00015b20       0x50 c:/winavr-20100110/bin/../lib/gcc/avr/4.3.3/../../../../avr/lib/avrxmega7\libm.a(fp_rempio2.o)
                0x00015b22                __fp_rempio2
 .text.avr-libc.fplib
                0x00015b70       0x22 c:/winavr-20100110/bin/../lib/gcc/avr/4.3.3/../../../../avr/lib/avrxmega7\libm.a(fp_round.o)
                0x00015b70                __fp_round
 .text.avr-libc.fplib
                0x00015b92       0x22 c:/winavr-20100110/bin/../lib/gcc/avr/4.3.3/../../../../avr/lib/avrxmega7\libm.a(fp_sinus.o)
                0x00015b92                __fp_sinus
 .text.avr-libc.fplib
                0x00015bb4       0x44 c:/winavr-20100110/bin/../lib/gcc/avr/4.3.3/../../../../avr/lib/avrxmega7\libm.a(fp_split3.o)
                0x00015bb4                __fp_split3
                0x00015bc4                __fp_splitA
 .text.avr-libc.fplib
                0x00015bf8        0xe c:/winavr-20100110/bin/../lib/gcc/avr/4.3.3/../../../../avr/lib/avrxmega7\libm.a(fp_zero.o)
                0x00015bf8                __fp_zero
                0x00015bfa                __fp_szero
 .text.avr-libc.fplib
                0x00015c06        0x8 c:/winavr-20100110/bin/../lib/gcc/avr/4.3.3/../../../../avr/lib/avrxmega7\libm.a(gesf2.o)
                0x00015c06                __gtsf2
                0x00015c06                __gesf2
 .text.avr-libc.fplib
                0x00015c0e        0xe c:/winavr-20100110/bin/../lib/gcc/avr/4.3.3/../../../../avr/lib/avrxmega7\libm.a(inverse.o)
                0x00015c0e                inverse
 .text.avr-libc.fplib
                0x00015c1c        0x4 c:/winavr-20100110/bin/../lib/gcc/avr/4.3.3/../../../../avr/lib/avrxmega7\libm.a(mulsf3.o)
                0x00015c1c                __mulsf3
 .text.avr-libc.fplib
                0x00015c20       0xc2 c:/winavr-20100110/bin/../lib/gcc/avr/4.3.3/../../../../avr/lib/avrxmega7\libm.a(mulsf3x.o)
                0x00015c38                __mulsf3_pse
                0x00015c34                __mulsf3x
 .text.avr-libc.fplib
                0x00015ce2        0xc c:/winavr-20100110/bin/../lib/gcc/avr/4.3.3/../../../../avr/lib/avrxmega7\libm.a(sin.o)
                0x00015ce2                sin
 .text.avr-libc.fplib
                0x00015cee        0x6 c:/winavr-20100110/bin/../lib/gcc/avr/4.3.3/../../../../avr/lib/avrxmega7\libm.a(square.o)
                0x00015cee                square
 .text.avr-libc.fplib
                0x00015cf4       0x1c c:/winavr-20100110/bin/../lib/gcc/avr/4.3.3/../../../../avr/lib/avrxmega7\libm.a(fp_mpack.o)
                0x00015cf8                __fp_mpack_finite
                0x00015cf4                __fp_mpack
 .text.avr-libc.fplib
                0x00015d10       0x22 c:/winavr-20100110/bin/../lib/gcc/avr/4.3.3/../../../../avr/lib/avrxmega7\libm.a(fp_powsodd.o)
                0x00015d10                __fp_powsodd
 .text.avr-libc
                0x00015d32      0x20a c:/winavr-20100110/bin/../lib/gcc/avr/4.3.3/../../../../avr/lib/avrxmega7\libc.a(malloc.o)
                0x00015d32                malloc
                0x00015e8c                free
 .text.avr-libc
                0x00015f3c       0x3c c:/winavr-20100110/bin/../lib/gcc/avr/4.3.3/../../../../avr/lib/avrxmega7\libc.a(atoi.o)
                0x00015f3c                atoi
 .text.avr-libc
                0x00015f78        0x6 c:/winavr-20100110/bin/../lib/gcc/avr/4.3.3/../../../../avr/lib/avrxmega7\libc.a(exit.o)
                0x00015f78                exit
 .text.avr-libc
                0x00015f7e      0x1b0 c:/winavr-20100110/bin/../lib/gcc/avr/4.3.3/../../../../avr/lib/avrxmega7\libc.a(ftoa_engine.o)
                0x00015f7e                __ftoa_engine
 .text.avr-libc
                0x0001612e       0x26 c:/winavr-20100110/bin/../lib/gcc/avr/4.3.3/../../../../avr/lib/avrxmega7\libc.a(strcasecmp_P.o)
                0x0001612e                strcasecmp_P
 .text.avr-libc
                0x00016154       0x16 c:/winavr-20100110/bin/../lib/gcc/avr/4.3.3/../../../../avr/lib/avrxmega7\libc.a(strnlen_P.o)
                0x00016154                strnlen_P
 .text.avr-libc
                0x0001616a        0xa c:/winavr-20100110/bin/../lib/gcc/avr/4.3.3/../../../../avr/lib/avrxmega7\libc.a(strtok.o)
                0x0001616a                strtok
 .text.avr-libc
                0x00016174       0x1a c:/winavr-20100110/bin/../lib/gcc/avr/4.3.3/../../../../avr/lib/avrxmega7\libc.a(memcmp.o)
                0x00016174                memcmp
 .text.avr-libc
                0x0001618e       0x12 c:/winavr-20100110/bin/../lib/gcc/avr/4.3.3/../../../../avr/lib/avrxmega7\libc.a(memcpy.o)
                0x0001618e                memcpy
 .text.avr-libc
                0x000161a0        0xe c:/winavr-20100110/bin/../lib/gcc/avr/4.3.3/../../../../avr/lib/avrxmega7\libc.a(memset.o)
                0x000161a0                memset
 .text.avr-libc
                0x000161ae       0x26 c:/winavr-20100110/bin/../lib/gcc/avr/4.3.3/../../../../avr/lib/avrxmega7\libc.a(strcasecmp.o)
                0x000161ae                strcasecmp
 .text.avr-libc
                0x000161d4       0x16 c:/winavr-20100110/bin/../lib/gcc/avr/4.3.3/../../../../avr/lib/avrxmega7\libc.a(strchr.o)
                0x000161d4                strchr
 .text.avr-libc
                0x000161ea       0x12 c:/winavr-20100110/bin/../lib/gcc/avr/4.3.3/../../../../avr/lib/avrxmega7\libc.a(strcmp.o)
                0x000161ea                strcmp
 .text.avr-libc
                0x000161fc        0xe c:/winavr-20100110/bin/../lib/gcc/avr/4.3.3/../../../../avr/lib/avrxmega7\libc.a(strcpy.o)
                0x000161fc                strcpy
 .text.avr-libc
                0x0001620a       0x1e c:/winavr-20100110/bin/../lib/gcc/avr/4.3.3/../../../../avr/lib/avrxmega7\libc.a(strncpy.o)
                0x0001620a                strncpy
 .text.avr-libc
                0x00016228       0x16 c:/winavr-20100110/bin/../lib/gcc/avr/4.3.3/../../../../avr/lib/avrxmega7\libc.a(strnlen.o)
                0x00016228                strnlen
 .text.avr-libc
                0x0001623e       0x4e c:/winavr-20100110/bin/../lib/gcc/avr/4.3.3/../../../../avr/lib/avrxmega7\libc.a(strtok_r.o)
                0x0001623e                strtok_r
 .text.avr-libc
                0x0001628c       0x10 c:/winavr-20100110/bin/../lib/gcc/avr/4.3.3/../../../../avr/lib/avrxmega7\libc.a(mul10.o)
                0x0001628c                __mulhi_const_10
 .text.avr-libc
                0x0001629c       0x58 c:/winavr-20100110/bin/../lib/gcc/avr/4.3.3/../../../../avr/lib/avrxmega7\libc.a(fputc.o)
                0x0001629c                fputc
 .text.avr-libc
                0x000162f4       0x56 c:/winavr-20100110/bin/../lib/gcc/avr/4.3.3/../../../../avr/lib/avrxmega7\libc.a(sprintf.o)
                0x000162f4                sprintf
 .text.avr-libc
                0x0001634a       0x56 c:/winavr-20100110/bin/../lib/gcc/avr/4.3.3/../../../../avr/lib/avrxmega7\libc.a(sprintf_p.o)
                0x0001634a                sprintf_P
 .text.avr-libc
                0x000163a0       0xbc c:/winavr-20100110/bin/../lib/gcc/avr/4.3.3/../../../../avr/lib/avrxmega7\libc.a(ultoa_invert.o)
                0x000163a0                __ultoa_invert
 .text.arb_createMemIntsOn
                0x0001645c      0x160 ../../../../../../rtos/project/atxmega128A1/arbitros/Release\libarbitros.a(arb_memory.o)
 .text.arb_createMemIntsOff
                0x000165bc      0x156 ../../../../../../rtos/project/atxmega128A1/arbitros/Release\libarbitros.a(arb_memory.o)
 .text.arb_free
                0x00016712       0x48 ../../../../../../rtos/project/atxmega128A1/arbitros/Release\libarbitros.a(arb_memory.o)
                0x00016712                arb_free
 .text.arb_malloc
                0x0001675a       0x68 ../../../../../../rtos/project/atxmega128A1/arbitros/Release\libarbitros.a(arb_memory.o)
                0x0001675a                arb_malloc
 .text.libgcc   0x000167c2       0x3e c:/winavr-20100110/bin/../lib/gcc/avr/4.3.3/avrxmega7\libgcc.a(_mulsi3.o)
                0x000167c2                __mulsi3
 .text.libgcc   0x00016800       0x44 c:/winavr-20100110/bin/../lib/gcc/avr/4.3.3/avrxmega7\libgcc.a(_udivmodsi4.o)
                0x00016800                __udivmodsi4
 .text.libgcc   0x00016844       0x36 c:/winavr-20100110/bin/../lib/gcc/avr/4.3.3/avrxmega7\libgcc.a(_divmodsi4.o)
                0x00016844                __divmodsi4
 .text.libgcc   0x0001687a        0xc c:/winavr-20100110/bin/../lib/gcc/avr/4.3.3/avrxmega7\libgcc.a(_tablejump.o)
                0x0001687e                __tablejump__
                0x0001687a                __tablejump2__
                0x00016886                . = ALIGN (0x2)
 *(.fini9)
 .fini9         0x00016886        0x0 c:/winavr-20100110/bin/../lib/gcc/avr/4.3.3/avrxmega7\libgcc.a(_exit.o)
                0x00016886                _exit
 *(.fini9)
 *(.fini8)
 *(.fini8)
 *(.fini7)
 *(.fini7)
 *(.fini6)
 *(.fini6)
 *(.fini5)
 *(.fini5)
 *(.fini4)
 *(.fini4)
 *(.fini3)
 *(.fini3)
 *(.fini2)
 *(.fini2)
 *(.fini1)
 *(.fini1)
 *(.fini0)
 .fini0         0x00016886        0x4 c:/winavr-20100110/bin/../lib/gcc/avr/4.3.3/avrxmega7\libgcc.a(_exit.o)
 *(.fini0)
                0x0001688a                _etext = .

.data           0x00802000      0x448 load address 0x0001688a
                0x00802000                PROVIDE (__data_start, .)
 *(.data)
 .data          0x00802000       0x44 drv_console.o
                0x0080203a                gt_consoleDevOps
 .data          0x00802044       0x14 drv_sd.o
                0x0080204e                gat_sdDevOps
 .data          0x00802058       0x18 drv_signal.o
                0x00802066                gat_signalDevOps
 .data          0x00802070       0x31 usr_appInit.o
 .data          0x008020a1        0x5 usr_console.o
 .data          0x008020a6       0x72 usr_mathTest.o
 .data          0x00802118        0xe ../../../../../../hal/project/xmega128A1/hal/Release\libhal.a(hal_gpio.o)
                0x00802118                gt_gpioHndlList
                0x0080211a                t_gt_gpioHndlList
 .data          0x00802126       0x26 ../../../../../../hal/project/xmega128A1/hal/Release\libhal.a(hal_spi.o)
                0x00802128                t_gt_spiUserHndlList
                0x00802136                t_gt_spiChanHndlList
                0x00802134                gt_spiChanHndlList
                0x00802126                gt_spiUserHndlList
 .data          0x0080214c       0x8c ../../../../../../hal/project/xmega128A1/hal/Release\libhal.a(hal_uart.o)
                0x0080214e                t_gt_uartChanHndlList
                0x0080214c                gt_uartChanHndlList
 .data          0x008021d8       0x1d ../../../../../../hal/project/xmega128A1/hal/Release\libhal.a(hal_dma.o)
                0x008021da                t_gt_dmaIntHndlList
                0x008021e6                gt_dmaChanList
                0x008021d8                gt_dmaIntHndlList
                0x008021e8                t_gt_dmaChanList
 .data          0x008021f5       0x39 ../../../../../../rtos/project/atxmega128A1/arbitros/Release\libarbitros.a(arb_console.o)
 .data          0x0080222e       0x1e ../../../../../../rtos/project/atxmega128A1/arbitros/Release\libarbitros.a(arb_device.o)
                0x0080223c                gt_activeDevices
                0x00802230                t_gt_activeDevices
                0x0080223e                t_gt_activeHandles
                0x0080224a                gt_activeHandles
 .data          0x0080224c       0x11 ../../../../../../rtos/project/atxmega128A1/arbitros/Release\libarbitros.a(arb_printf.o)
 .data          0x0080225d       0x33 ../../../../../../rtos/project/atxmega128A1/arbitros/Release\libarbitros.a(arb_scheduler.o)
 .data          0x00802290        0xe ../../../../../../rtos/project/atxmega128A1/arbitros/Release\libarbitros.a(arb_semaphore.o)
                0x0080229c                gt_activeSems
                0x00802290                t_gt_activeSems
 .data          0x0080229e        0x1 ../../../../../../rtos/project/atxmega128A1/arbitros/Release\libarbitros.a(arb_sysTimer.o)
 .data          0x0080229f        0xe ../../../../../../rtos/project/atxmega128A1/arbitros/Release\libarbitros.a(arb_thread.o)
                0x0080229f                t_gt_activeThreads
                0x008022ab                gt_activeThreads
 .data          0x008022ad       0x1f ../../../../../../rtos/project/atxmega128A1/arbitros/Release\libarbitros.a(arb_error.o)
 .data          0x008022cc       0x1e ../../../../../../rtos/project/atxmega128A1/arbitros/Release\libarbitros.a(arb_idle.o)
 .data          0x008022ea        0xe ../../../../../../utilities/project/atxmega128A1/utilities/Release\libutilities.a(utl_buffer.o)
                0x008022f6                gt_bufferList
                0x008022ea                t_gt_bufferList
 .data          0x008022f8       0xd2 ../../../../../../utilities/project/atxmega128A1/utilities/Release\libutilities.a(utl_math.o)
 .data          0x008023ca        0x2 ../../../../../../packages/sd/project/atxmega128A1/sd/Release\libsd.a(sdInterface.o)
 .data          0x008023cc        0x2 ../../../../../../packages/sd/project/atxmega128A1/sd/Release\libsd.a(SdFat.o)
                0x008023cc                SdFat::stdOut_
 .data          0x008023ce        0x8 ../../../../../../packages/sd/project/atxmega128A1/sd/Release\libsd.a(MinimumSerial.o)
                0x008023ce                vtable for MinimumSerial
 .data          0x008023d6        0x6 c:/winavr-20100110/bin/../lib/gcc/avr/4.3.3/../../../../avr/lib/avrxmega7\libc.a(malloc.o)
                0x008023d8                __malloc_heap_start
                0x008023da                __malloc_heap_end
                0x008023d6                __malloc_margin
 .data          0x008023dc       0x5e ../../../../../../hal/project/xmega128A1/hal/Release\libhal.a(hal_timer.o)
                0x008023ea                gt_timerIntHndlList
                0x008023fa                t_gt_timerHndlList
                0x008023f8                gt_timerHndlList
                0x008023ec                t_gt_timerIntHndlList
 .data          0x0080243a        0xe ../../../../../../hal/project/xmega128A1/hal/Release\libhal.a(hal_watchDog.o)
                0x0080243c                t_gt_wdAccessList
                0x0080243a                gt_wdAccessList
 *(.data*)
 *(.rodata)
 *(.rodata*)
 *(.gnu.linkonce.d*)
                0x00802448                . = ALIGN (0x2)
                0x00802448                _edata = .
                0x00802448                PROVIDE (__data_end, .)

.bss            0x00802448      0x386
                0x00802448                PROVIDE (__bss_start, .)
 *(.bss)
 .bss           0x00802448       0x1e drv_console.o
 .bss           0x00802466        0xa drv_sd.o
 .bss           0x00802470        0x8 drv_signal.o
 .bss           0x00802478       0x44 usr_mathTest.o
 .bss           0x008024bc        0x4 ../../../../../../hal/project/xmega128A1/hal/Release\libhal.a(hal_spi.o)
 .bss           0x008024c0       0x10 ../../../../../../hal/project/xmega128A1/hal/Release\libhal.a(hal_uart.o)
 .bss           0x008024d0        0x6 ../../../../../../hal/project/xmega128A1/hal/Release\libhal.a(hal_dma.o)
 .bss           0x008024d6        0x8 ../../../../../../rtos/project/atxmega128A1/arbitros/Release\libarbitros.a(arb_console.o)
 .bss           0x008024de        0x6 ../../../../../../rtos/project/atxmega128A1/arbitros/Release\libarbitros.a(arb_device.o)
 .bss           0x008024e4        0x8 ../../../../../../rtos/project/atxmega128A1/arbitros/Release\libarbitros.a(arb_printf.o)
 .bss           0x008024ec       0x13 ../../../../../../rtos/project/atxmega128A1/arbitros/Release\libarbitros.a(arb_scheduler.o)
                0x008024ec                gpt_activeThread
 .bss           0x008024ff        0x5 ../../../../../../rtos/project/atxmega128A1/arbitros/Release\libarbitros.a(arb_semaphore.o)
 .bss           0x00802504       0x1e ../../../../../../rtos/project/atxmega128A1/arbitros/Release\libarbitros.a(arb_sysTimer.o)
                0x00802504                gt_sysTime
 .bss           0x00802522        0x2 ../../../../../../rtos/project/atxmega128A1/arbitros/Release\libarbitros.a(arb_thread.o)
 .bss           0x00802524       0x1e ../../../../../../rtos/project/atxmega128A1/arbitros/Release\libarbitros.a(arb_error.o)
 .bss           0x00802542        0x4 ../../../../../../rtos/project/atxmega128A1/arbitros/Release\libarbitros.a(arb_idle.o)
 .bss           0x00802546        0xc ../../../../../../utilities/project/atxmega128A1/utilities/Release\libutilities.a(utl_linkedlist.o)
 .bss           0x00802552       0x4b ../../../../../../packages/sd/project/atxmega128A1/sd/Release\libsd.a(sdInterface.o)
 .bss           0x0080259d        0x3 ../../../../../../packages/sd/project/atxmega128A1/sd/Release\libsd.a(Sd2Card.o)
                0x0080259d                gt_spiHandle
 .bss           0x008025a0        0x4 ../../../../../../packages/sd/project/atxmega128A1/sd/Release\libsd.a(SdBaseFile.o)
                0x008025a2                SdBaseFile::cwd_
                0x008025a0                SdBaseFile::dateTime_
 .bss           0x008025a4      0x20b ../../../../../../packages/sd/project/atxmega128A1/sd/Release\libsd.a(SdVolume.o)
                0x008025af                SdVolume::cacheBuffer_
                0x008025a4                SdVolume::sdCard_
                0x008025a6                SdVolume::cacheFatOffset_
                0x008025ab                SdVolume::cacheBlockNumber_
                0x008025aa                SdVolume::cacheStatus_
 .bss           0x008027af        0x4 ../../../../../../packages/sd/project/atxmega128A1/sd/Release\libsd.a(MinimumSerial.o)
                0x008027af                MiniSerial
 .bss           0x008027b3        0x2 c:/winavr-20100110/bin/../lib/gcc/avr/4.3.3/../../../../avr/lib/avrxmega7\libc.a(strtok.o)
 .bss           0x008027b5        0x6 ../../../../../../hal/project/xmega128A1/hal/Release\libhal.a(hal_timer.o)
 .bss           0x008027bb        0x7 ../../../../../../rtos/project/atxmega128A1/arbitros/Release\libarbitros.a(arb_memory.o)
 *(.bss*)
 *(COMMON)
 COMMON         0x008027c2        0x4 ../../../../../../hal/project/xmega128A1/hal/Release\libhal.a(hal_clocks.o)
                0x008027c2                gt_clocks
 COMMON         0x008027c6        0x4 ../../../../../../rtos/project/atxmega128A1/arbitros/Release\libarbitros.a(arb_scheduler.o)
                0x008027c6                gpt_scheduler
                0x008027c8                pt_csTemp
 COMMON         0x008027ca        0x4 c:/winavr-20100110/bin/../lib/gcc/avr/4.3.3/../../../../avr/lib/avrxmega7\libc.a(malloc.o)
                0x008027ca                __brkval
                0x008027cc                __flp
                0x008027ce                PROVIDE (__bss_end, .)
                0x0001688a                __data_load_start = LOADADDR (.data)
                0x00016cd2                __data_load_end = (__data_load_start + SIZEOF (.data))

.noinit         0x008027ce        0x0
                0x008027ce                PROVIDE (__noinit_start, .)
 *(.noinit*)
                0x008027ce                PROVIDE (__noinit_end, .)
                0x008027ce                _end = .
                0x008027ce                PROVIDE (__heap_start, .)

.eeprom         0x00810000        0x0
 *(.eeprom*)
                0x00810000                __eeprom_end = .

.fuse
 *(.fuse)
 *(.lfuse)
 *(.hfuse)
 *(.efuse)

.lock
 *(.lock*)

.signature
 *(.signature*)

.stab
 *(.stab)

.stabstr
 *(.stabstr)

.stab.excl
 *(.stab.excl)

.stab.exclstr
 *(.stab.exclstr)

.stab.index
 *(.stab.index)

.stab.indexstr
 *(.stab.indexstr)

.comment
 *(.comment)

.debug
 *(.debug)

.line
 *(.line)

.debug_srcinfo
 *(.debug_srcinfo)

.debug_sfnames
 *(.debug_sfnames)

.debug_aranges  0x00000000      0x140
 *(.debug_aranges)
 .debug_aranges
                0x00000000       0x20 drv_console.o
 .debug_aranges
                0x00000020       0x20 drv_sd.o
 .debug_aranges
                0x00000040       0x20 drv_signal.o
 .debug_aranges
                0x00000060       0x20 usr_appInit.o
 .debug_aranges
                0x00000080       0x20 usr_console.o
 .debug_aranges
                0x000000a0       0x20 usr_mathTest.o
 .debug_aranges
                0x000000c0       0x20 c:/winavr-20100110/bin/../lib/gcc/avr/4.3.3/avrxmega7\libgcc.a(_muldi3.o)
 .debug_aranges
                0x000000e0       0x20 c:/winavr-20100110/bin/../lib/gcc/avr/4.3.3/avrxmega7\libgcc.a(_lshrdi3.o)
 .debug_aranges
                0x00000100       0x20 c:/winavr-20100110/bin/../lib/gcc/avr/4.3.3/avrxmega7\libgcc.a(_ashldi3.o)
 .debug_aranges
                0x00000120       0x20 c:/winavr-20100110/bin/../lib/gcc/avr/4.3.3/avrxmega7\libgcc.a(_ashrdi3.o)

.debug_pubnames
                0x00000000      0x1c7
 *(.debug_pubnames)
 .debug_pubnames
                0x00000000       0x4f drv_console.o
 .debug_pubnames
                0x0000004f       0x41 drv_sd.o
 .debug_pubnames
                0x00000090       0x4d drv_signal.o
 .debug_pubnames
                0x000000dd       0x22 usr_appInit.o
 .debug_pubnames
                0x000000ff       0x22 usr_console.o
 .debug_pubnames
                0x00000121       0x27 usr_mathTest.o
 .debug_pubnames
                0x00000148       0x1f c:/winavr-20100110/bin/../lib/gcc/avr/4.3.3/avrxmega7\libgcc.a(_muldi3.o)
 .debug_pubnames
                0x00000167       0x20 c:/winavr-20100110/bin/../lib/gcc/avr/4.3.3/avrxmega7\libgcc.a(_lshrdi3.o)
 .debug_pubnames
                0x00000187       0x20 c:/winavr-20100110/bin/../lib/gcc/avr/4.3.3/avrxmega7\libgcc.a(_ashldi3.o)
 .debug_pubnames
                0x000001a7       0x20 c:/winavr-20100110/bin/../lib/gcc/avr/4.3.3/avrxmega7\libgcc.a(_ashrdi3.o)

.debug_info     0x00000000     0x2d29
 *(.debug_info)
 .debug_info    0x00000000      0xa9f drv_console.o
 .debug_info    0x00000a9f      0x8cc drv_sd.o
 .debug_info    0x0000136b      0x99f drv_signal.o
 .debug_info    0x00001d0a      0x3b6 usr_appInit.o
 .debug_info    0x000020c0      0x1f3 usr_console.o
 .debug_info    0x000022b3      0x3f3 usr_mathTest.o
 .debug_info    0x000026a6      0x206 c:/winavr-20100110/bin/../lib/gcc/avr/4.3.3/avrxmega7\libgcc.a(_muldi3.o)
 .debug_info    0x000028ac      0x17f c:/winavr-20100110/bin/../lib/gcc/avr/4.3.3/avrxmega7\libgcc.a(_lshrdi3.o)
 .debug_info    0x00002a2b      0x17f c:/winavr-20100110/bin/../lib/gcc/avr/4.3.3/avrxmega7\libgcc.a(_ashldi3.o)
 .debug_info    0x00002baa      0x17f c:/winavr-20100110/bin/../lib/gcc/avr/4.3.3/avrxmega7\libgcc.a(_ashrdi3.o)
 *(.gnu.linkonce.wi.*)

.debug_abbrev   0x00000000      0xcca
 *(.debug_abbrev)
 .debug_abbrev  0x00000000      0x217 drv_console.o
 .debug_abbrev  0x00000217      0x1e3 drv_sd.o
 .debug_abbrev  0x000003fa      0x233 drv_signal.o
 .debug_abbrev  0x0000062d       0xef usr_appInit.o
 .debug_abbrev  0x0000071c      0x11f usr_console.o
 .debug_abbrev  0x0000083b       0xd5 usr_mathTest.o
 .debug_abbrev  0x00000910       0xf0 c:/winavr-20100110/bin/../lib/gcc/avr/4.3.3/avrxmega7\libgcc.a(_muldi3.o)
 .debug_abbrev  0x00000a00       0xee c:/winavr-20100110/bin/../lib/gcc/avr/4.3.3/avrxmega7\libgcc.a(_lshrdi3.o)
 .debug_abbrev  0x00000aee       0xee c:/winavr-20100110/bin/../lib/gcc/avr/4.3.3/avrxmega7\libgcc.a(_ashldi3.o)
 .debug_abbrev  0x00000bdc       0xee c:/winavr-20100110/bin/../lib/gcc/avr/4.3.3/avrxmega7\libgcc.a(_ashrdi3.o)

.debug_line     0x00000000     0x2620
 *(.debug_line)
 .debug_line    0x00000000      0x81d drv_console.o
 .debug_line    0x0000081d      0x584 drv_sd.o
 .debug_line    0x00000da1      0xf55 drv_signal.o
 .debug_line    0x00001cf6      0x21c usr_appInit.o
 .debug_line    0x00001f12      0x11c usr_console.o
 .debug_line    0x0000202e      0x2be usr_mathTest.o
 .debug_line    0x000022ec       0xaf c:/winavr-20100110/bin/../lib/gcc/avr/4.3.3/avrxmega7\libgcc.a(_muldi3.o)
 .debug_line    0x0000239b       0xd7 c:/winavr-20100110/bin/../lib/gcc/avr/4.3.3/avrxmega7\libgcc.a(_lshrdi3.o)
 .debug_line    0x00002472       0xd7 c:/winavr-20100110/bin/../lib/gcc/avr/4.3.3/avrxmega7\libgcc.a(_ashldi3.o)
 .debug_line    0x00002549       0xd7 c:/winavr-20100110/bin/../lib/gcc/avr/4.3.3/avrxmega7\libgcc.a(_ashrdi3.o)

.debug_frame    0x00000000      0x260
 *(.debug_frame)
 .debug_frame   0x00000000       0x90 drv_console.o
 .debug_frame   0x00000090       0x80 drv_sd.o
 .debug_frame   0x00000110       0x60 drv_signal.o
 .debug_frame   0x00000170       0x20 usr_appInit.o
 .debug_frame   0x00000190       0x20 usr_console.o
 .debug_frame   0x000001b0       0x30 usr_mathTest.o
 .debug_frame   0x000001e0       0x20 c:/winavr-20100110/bin/../lib/gcc/avr/4.3.3/avrxmega7\libgcc.a(_muldi3.o)
 .debug_frame   0x00000200       0x20 c:/winavr-20100110/bin/../lib/gcc/avr/4.3.3/avrxmega7\libgcc.a(_lshrdi3.o)
 .debug_frame   0x00000220       0x20 c:/winavr-20100110/bin/../lib/gcc/avr/4.3.3/avrxmega7\libgcc.a(_ashldi3.o)
 .debug_frame   0x00000240       0x20 c:/winavr-20100110/bin/../lib/gcc/avr/4.3.3/avrxmega7\libgcc.a(_ashrdi3.o)

.debug_str      0x00000000     0x164d
 *(.debug_str)
 .debug_str     0x00000000      0x960 drv_console.o
                                0x9df (size before relaxing)
 .debug_str     0x00000960      0x46e drv_sd.o
                                0x77a (size before relaxing)
 .debug_str     0x00000dce      0x39c drv_signal.o
                                0x70d (size before relaxing)
 .debug_str     0x0000116a      0x259 usr_appInit.o
                                0x458 (size before relaxing)
 .debug_str     0x000013c3       0x5e usr_console.o
                                0x16d (size before relaxing)
 .debug_str     0x00001421      0x136 usr_mathTest.o
                                0x4ba (size before relaxing)
 .debug_str     0x00001557       0xbf c:/winavr-20100110/bin/../lib/gcc/avr/4.3.3/avrxmega7\libgcc.a(_muldi3.o)
                                0x144 (size before relaxing)
 .debug_str     0x00001616       0x23 c:/winavr-20100110/bin/../lib/gcc/avr/4.3.3/avrxmega7\libgcc.a(_lshrdi3.o)
                                0x136 (size before relaxing)
 .debug_str     0x00001639        0xa c:/winavr-20100110/bin/../lib/gcc/avr/4.3.3/avrxmega7\libgcc.a(_ashldi3.o)
                                0x136 (size before relaxing)
 .debug_str     0x00001643        0xa c:/winavr-20100110/bin/../lib/gcc/avr/4.3.3/avrxmega7\libgcc.a(_ashrdi3.o)
                                0x136 (size before relaxing)

.debug_loc      0x00000000     0x1cc2
 *(.debug_loc)
 .debug_loc     0x00000000      0x7fc drv_console.o
 .debug_loc     0x000007fc      0x40e drv_sd.o
 .debug_loc     0x00000c0a      0xc62 drv_signal.o
 .debug_loc     0x0000186c       0xa2 usr_console.o
 .debug_loc     0x0000190e       0xcc c:/winavr-20100110/bin/../lib/gcc/avr/4.3.3/avrxmega7\libgcc.a(_muldi3.o)
 .debug_loc     0x000019da       0xf8 c:/winavr-20100110/bin/../lib/gcc/avr/4.3.3/avrxmega7\libgcc.a(_lshrdi3.o)
 .debug_loc     0x00001ad2       0xf8 c:/winavr-20100110/bin/../lib/gcc/avr/4.3.3/avrxmega7\libgcc.a(_ashldi3.o)
 .debug_loc     0x00001bca       0xf8 c:/winavr-20100110/bin/../lib/gcc/avr/4.3.3/avrxmega7\libgcc.a(_ashrdi3.o)

.debug_macinfo
 *(.debug_macinfo)
OUTPUT(mathEval.elf elf32-avr)
LOAD linker stubs

.debug_ranges   0x00000000      0x820
 .debug_ranges  0x00000000       0x98 drv_console.o
 .debug_ranges  0x00000098       0x18 drv_sd.o
 .debug_ranges  0x000000b0      0x710 drv_signal.o
 .debug_ranges  0x000007c0       0x40 usr_appInit.o
 .debug_ranges  0x00000800       0x20 usr_console.o
