Archive member included because of file (symbol)

c:/winavr-20100110/bin/../lib/gcc/avr/4.3.3/../../../../avr/lib/avrxmega7\libm.a(addsf3.o)
                              hal_uart.o (__subsf3)
c:/winavr-20100110/bin/../lib/gcc/avr/4.3.3/../../../../avr/lib/avrxmega7\libm.a(addsf3x.o)
                              c:/winavr-20100110/bin/../lib/gcc/avr/4.3.3/../../../../avr/lib/avrxmega7\libm.a(addsf3.o) (__addsf3x)
c:/winavr-20100110/bin/../lib/gcc/avr/4.3.3/../../../../avr/lib/avrxmega7\libm.a(cmpsf2.o)
                              utl_math.o (__eqsf2)
c:/winavr-20100110/bin/../lib/gcc/avr/4.3.3/../../../../avr/lib/avrxmega7\libm.a(divsf3.o)
                              hal_timer.o (__divsf3)
c:/winavr-20100110/bin/../lib/gcc/avr/4.3.3/../../../../avr/lib/avrxmega7\libm.a(divsf3x.o)
                              c:/winavr-20100110/bin/../lib/gcc/avr/4.3.3/../../../../avr/lib/avrxmega7\libm.a(divsf3.o) (__divsf3x)
c:/winavr-20100110/bin/../lib/gcc/avr/4.3.3/../../../../avr/lib/avrxmega7\libm.a(fixsfdi.o)
                              arb_sysTimer.o (__fixunssfdi)
c:/winavr-20100110/bin/../lib/gcc/avr/4.3.3/../../../../avr/lib/avrxmega7\libm.a(fixsfsi.o)
                              hal_timer.o (__fixsfsi)
c:/winavr-20100110/bin/../lib/gcc/avr/4.3.3/../../../../avr/lib/avrxmega7\libm.a(fixunssfsi.o)
                              hal_eeprom.o (__fixunssfsi)
c:/winavr-20100110/bin/../lib/gcc/avr/4.3.3/../../../../avr/lib/avrxmega7\libm.a(floatsisf.o)
                              hal_timer.o (__floatunsisf)
c:/winavr-20100110/bin/../lib/gcc/avr/4.3.3/../../../../avr/lib/avrxmega7\libm.a(floatundisf.o)
                              arb_sysTimer.o (__floatundisf)
c:/winavr-20100110/bin/../lib/gcc/avr/4.3.3/../../../../avr/lib/avrxmega7\libm.a(fp_cmp.o)
                              c:/winavr-20100110/bin/../lib/gcc/avr/4.3.3/../../../../avr/lib/avrxmega7\libm.a(cmpsf2.o) (__fp_cmp)
c:/winavr-20100110/bin/../lib/gcc/avr/4.3.3/../../../../avr/lib/avrxmega7\libm.a(fp_inf.o)
                              c:/winavr-20100110/bin/../lib/gcc/avr/4.3.3/../../../../avr/lib/avrxmega7\libm.a(addsf3x.o) (__fp_inf)
c:/winavr-20100110/bin/../lib/gcc/avr/4.3.3/../../../../avr/lib/avrxmega7\libm.a(fp_nan.o)
                              c:/winavr-20100110/bin/../lib/gcc/avr/4.3.3/../../../../avr/lib/avrxmega7\libm.a(addsf3x.o) (__fp_nan)
c:/winavr-20100110/bin/../lib/gcc/avr/4.3.3/../../../../avr/lib/avrxmega7\libm.a(fp_negdi.o)
                              c:/winavr-20100110/bin/../lib/gcc/avr/4.3.3/../../../../avr/lib/avrxmega7\libm.a(fixsfdi.o) (__fp_negdi)
c:/winavr-20100110/bin/../lib/gcc/avr/4.3.3/../../../../avr/lib/avrxmega7\libm.a(fp_pscA.o)
                              c:/winavr-20100110/bin/../lib/gcc/avr/4.3.3/../../../../avr/lib/avrxmega7\libm.a(addsf3x.o) (__fp_pscA)
c:/winavr-20100110/bin/../lib/gcc/avr/4.3.3/../../../../avr/lib/avrxmega7\libm.a(fp_pscB.o)
                              c:/winavr-20100110/bin/../lib/gcc/avr/4.3.3/../../../../avr/lib/avrxmega7\libm.a(addsf3x.o) (__fp_pscB)
c:/winavr-20100110/bin/../lib/gcc/avr/4.3.3/../../../../avr/lib/avrxmega7\libm.a(fp_round.o)
                              c:/winavr-20100110/bin/../lib/gcc/avr/4.3.3/../../../../avr/lib/avrxmega7\libm.a(addsf3.o) (__fp_round)
c:/winavr-20100110/bin/../lib/gcc/avr/4.3.3/../../../../avr/lib/avrxmega7\libm.a(fp_split3.o)
                              c:/winavr-20100110/bin/../lib/gcc/avr/4.3.3/../../../../avr/lib/avrxmega7\libm.a(addsf3x.o) (__fp_split3)
c:/winavr-20100110/bin/../lib/gcc/avr/4.3.3/../../../../avr/lib/avrxmega7\libm.a(fp_zero.o)
                              c:/winavr-20100110/bin/../lib/gcc/avr/4.3.3/../../../../avr/lib/avrxmega7\libm.a(addsf3x.o) (__fp_zero)
c:/winavr-20100110/bin/../lib/gcc/avr/4.3.3/../../../../avr/lib/avrxmega7\libm.a(gesf2.o)
                              hal_uart.o (__gesf2)
c:/winavr-20100110/bin/../lib/gcc/avr/4.3.3/../../../../avr/lib/avrxmega7\libm.a(mulsf3.o)
                              hal_eeprom.o (__mulsf3)
c:/winavr-20100110/bin/../lib/gcc/avr/4.3.3/../../../../avr/lib/avrxmega7\libm.a(mulsf3x.o)
                              c:/winavr-20100110/bin/../lib/gcc/avr/4.3.3/../../../../avr/lib/avrxmega7\libm.a(mulsf3.o) (__mulsf3x)
c:/winavr-20100110/bin/../lib/gcc/avr/4.3.3/../../../../avr/lib/avrxmega7\libm.a(sqrt.o)
                              utl_math.o (sqrt)
c:/winavr-20100110/bin/../lib/gcc/avr/4.3.3/../../../../avr/lib/avrxmega7\libm.a(unordsf2.o)
                              Print.o (__unordsf2)
c:/winavr-20100110/bin/../lib/gcc/avr/4.3.3/../../../../avr/lib/avrxmega7\libm.a(fp_mpack.o)
                              c:/winavr-20100110/bin/../lib/gcc/avr/4.3.3/../../../../avr/lib/avrxmega7\libm.a(sqrt.o) (__fp_mpack)
c:/winavr-20100110/bin/../lib/gcc/avr/4.3.3/../../../../avr/lib/avrxmega7\libm.a(fp_norm2.o)
                              c:/winavr-20100110/bin/../lib/gcc/avr/4.3.3/../../../../avr/lib/avrxmega7\libm.a(sqrt.o) (__fp_norm2)
[...]
Memory Configuration

Name             Origin             Length             Attributes
text             0x00000000         0x00100000         xr
data             0x00802000         0x0000ffa0         rw !x
eeprom           0x00810000         0x00010000         rw !x
fuse             0x00820000         0x00000400         rw !x
lock             0x00830000         0x00000400         rw !x
signature        0x00840000         0x00000400         rw !x
*default*        0x00000000         0xffffffff

Linker script and memory map

LOAD c:/winavr-20100110/bin/../lib/gcc/avr/4.3.3/../../../../avr/lib/avrxmega7/crtx128a1.o
LOAD drv_console.o
LOAD drv_sd.o
LOAD drv_signal.o
LOAD hal_adc.o
LOAD hal_clocks.o
LOAD hal_dma.o
LOAD hal_eeprom.o
LOAD hal_gpio.o
LOAD hal_initThreadStack.o
LOAD hal_pmic.o
LOAD hal_spi.o
LOAD hal_timer.o
LOAD hal_twi.o
LOAD hal_uart.o
LOAD hal_watchDog.o
LOAD new.o
LOAD Print.o
LOAD WString.o
LOAD MinimumSerial.o
LOAD Sd2Card.o
LOAD SdBaseFile.o
LOAD SdFat.o
LOAD SdFile.o
LOAD SdVolume.o
LOAD sdInterface.o
LOAD arb_console.o
LOAD arb_device.o
LOAD arb_error.o
LOAD arb_idle.o
LOAD arb_mailbox.o
LOAD arb_main.o
LOAD arb_memory.o
LOAD arb_printf.o
LOAD arb_scheduler.o
LOAD arb_semaphore.o
LOAD arb_sysTimer.o
LOAD arb_thread.o
LOAD utl_buffer.o
LOAD utl_linkedlist.o
LOAD utl_math.o
LOAD utl_stateMachine.o
LOAD usr_appInit.o
LOAD usr_console.o
LOAD usr_platformTest.o
START GROUP
LOAD c:/winavr-20100110/bin/../lib/gcc/avr/4.3.3/../../../../avr/lib/avrxmega7\libm.a
LOAD c:/winavr-20100110/bin/../lib/gcc/avr/4.3.3/../../../../avr/lib/avrxmega7\libprintf_flt.a
LOAD c:/winavr-20100110/bin/../lib/gcc/avr/4.3.3/../../../../avr/lib/avrxmega7\libm.a
LOAD c:/winavr-20100110/bin/../lib/gcc/avr/4.3.3/../../../../avr/lib/avrxmega7\libc.a
END GROUP
LOAD c:/winavr-20100110/bin/../lib/gcc/avr/4.3.3/../../../../avr/lib/avrxmega7\libprintf_flt.a
LOAD c:/winavr-20100110/bin/../lib/gcc/avr/4.3.3/avrxmega7\libgcc.a
LOAD c:/winavr-20100110/bin/../lib/gcc/avr/4.3.3/../../../../avr/lib/avrxmega7\libm.a
LOAD c:/winavr-20100110/bin/../lib/gcc/avr/4.3.3/avrxmega7\libgcc.a
LOAD c:/winavr-20100110/bin/../lib/gcc/avr/4.3.3/../../../../avr/lib/avrxmega7\libc.a
LOAD c:/winavr-20100110/bin/../lib/gcc/avr/4.3.3/avrxmega7\libgcc.a

.hash
 *(.hash)

.dynsym
 *(.dynsym)

.dynstr
 *(.dynstr)

.gnu.version
 *(.gnu.version)

.gnu.version_d
 *(.gnu.version_d)

.gnu.version_r
 *(.gnu.version_r)

.rel.init
 *(.rel.init)

.rela.init
 *(.rela.init)

.rel.text
 *(.rel.text)
 *(.rel.text.*)
 *(.rel.gnu.linkonce.t*)

.rela.text
 *(.rela.text)
 *(.rela.text.*)
 *(.rela.gnu.linkonce.t*)

.rel.fini
 *(.rel.fini)

.rela.fini
 *(.rela.fini)

.rel.rodata
 *(.rel.rodata)
 *(.rel.rodata.*)
 *(.rel.gnu.linkonce.r*)

.rela.rodata
 *(.rela.rodata)
 *(.rela.rodata.*)
 *(.rela.gnu.linkonce.r*)

.rel.data
 *(.rel.data)
 *(.rel.data.*)
 *(.rel.gnu.linkonce.d*)

.rela.data
 *(.rela.data)
 *(.rela.data.*)
 *(.rela.gnu.linkonce.d*)

.rel.ctors
 *(.rel.ctors)

.rela.ctors
 *(.rela.ctors)

.rel.dtors
 *(.rel.dtors)

.rela.dtors
 *(.rela.dtors)

.rel.got
 *(.rel.got)

.rela.got
 *(.rela.got)

.rel.bss
 *(.rel.bss)

.rela.bss
 *(.rela.bss)

.rel.plt
 *(.rel.plt)

.rela.plt
 *(.rela.plt)

.text           0x00000000    0x17376
 *(.vectors)
 .vectors       0x00000000      0x1f4 c:/winavr-20100110/bin/../lib/gcc/avr/4.3.3/../../../../avr/lib/avrxmega7/crtx128a1.o
                0x00000000                __vectors
                0x00000000                __vector_default
 *(.vectors)
 *(.progmem.gcc*)
 *(.progmem*)
 .progmem.data  0x000001f4        0x3 drv_console.o
 .progmem.data  0x000001f7       0x10 SdBaseFile.o
 .progmem.data  0x00000207      0x98b arb_console.o
 .progmem.data  0x00000b92       0x3b arb_printf.o
 .progmem.data  0x00000bcd       0x24 arb_scheduler.o
 .progmem.data  0x00000bf1      0xb60 usr_console.o
 .progmem.data  0x00001751        0x8 c:/winavr-20100110/bin/../lib/gcc/avr/4.3.3/../../../../avr/lib/avrxmega7\libprintf_flt.a(vfprintf_flt.o)
 .progmem.data  0x00001759       0xfa c:/winavr-20100110/bin/../lib/gcc/avr/4.3.3/../../../../avr/lib/avrxmega7\libc.a(ftoa_engine.o)
                0x00001854                . = ALIGN (0x2)
 *fill*         0x00001853        0x1 00
                0x00001854                __trampolines_start = .
 *(.trampolines)
 .trampolines   0x00001854        0x0 linker stubs
 *(.trampolines*)
                0x00001854                __trampolines_end = .
 *(.jumptables)
 *(.jumptables*)
 *(.lowtext)
 *(.lowtext*)
                0x00001854                __ctors_start = .
 *(.ctors)
 .ctors         0x00001854        0x2 MinimumSerial.o
 .ctors         0x00001856        0x2 sdInterface.o
                0x00001858                __ctors_end = .
                0x00001858                __dtors_start = .
 *(.dtors)
                0x00001858                __dtors_end = .
 SORT(*)(.ctors)
 SORT(*)(.dtors)
 *(.init0)
 .init0         0x00001858        0x0 c:/winavr-20100110/bin/../lib/gcc/avr/4.3.3/../../../../avr/lib/avrxmega7/crtx128a1.o
                0x00001858                __init
 *(.init0)
 *(.init1)
 *(.init1)
 *(.init2)
 .init2         0x00001858       0x18 c:/winavr-20100110/bin/../lib/gcc/avr/4.3.3/../../../../avr/lib/avrxmega7/crtx128a1.o
 *(.init2)
 *(.init3)
 *(.init3)
 *(.init4)
 .init4         0x00001870       0x1c c:/winavr-20100110/bin/../lib/gcc/avr/4.3.3/../../../../avr/lib/avrxmega7/crtx128a1.o
                0x00001870                __do_copy_data
 .init4         0x0000188c       0x10 c:/winavr-20100110/bin/../lib/gcc/avr/4.3.3/avrxmega7\libgcc.a(_clear_bss.o)
                0x0000188c                __do_clear_bss
 *(.init4)
 *(.init5)
 *(.init5)
 *(.init6)
 .init6         0x0000189c       0x16 c:/winavr-20100110/bin/../lib/gcc/avr/4.3.3/avrxmega7\libgcc.a(_ctors.o)
                0x0000189c                __do_global_ctors
 *(.init6)
 *(.init7)
 *(.init7)
 *(.init8)
 *(.init8)
 *(.init9)
 .init9         0x000018b2        0x8 c:/winavr-20100110/bin/../lib/gcc/avr/4.3.3/../../../../avr/lib/avrxmega7/crtx128a1.o
 *(.init9)
 *(.text)
 .text          0x000018ba        0x4 c:/winavr-20100110/bin/../lib/gcc/avr/4.3.3/../../../../avr/lib/avrxmega7/crtx128a1.o
                0x000018ba                __vector_38
                0x000018ba                __vector_63
                0x000018ba                __vector_1
                0x000018ba                __vector_32
                0x000018ba                __vector_102
                0x000018ba                __vector_69
                0x000018ba                __vector_90
                0x000018ba                __bad_interrupt
                0x000018ba                __vector_31
                0x000018ba                __vector_78
                0x000018ba                __vector_68
                0x000018ba                __vector_30
                0x000018ba                __vector_93
                0x000018ba                __vector_11
                0x000018ba                __vector_54
                0x000018ba                __vector_109
                0x000018ba                __vector_27
                0x000018ba                __vector_33
                0x000018ba                __vector_115
                0x000018ba                __vector_37
                0x000018ba                __vector_103
                0x000018ba                __vector_21
                0x000018ba                __vector_36
                0x000018ba                __vector_70
                0x000018ba                __vector_60
                0x000018ba                __vector_121
                0x000018ba                __vector_48
                0x000018ba                __vector_124
                0x000018ba                __vector_84
                0x000018ba                __vector_10
 .text          0x000018be       0xf2 c:/winavr-20100110/bin/../lib/gcc/avr/4.3.3/avrxmega7\libgcc.a(_lshrdi3.o)
                0x000018be                __lshrdi3
                0x000019b0                . = ALIGN (0x2)
 *(.text.*)
 .text.consoleClose
                0x000019b0       0x5e drv_console.o
 .text.consoleOpen
                0x00001a0e       0x5e drv_console.o
 .text.consoleWrite
                0x00001a6c       0x3a drv_console.o
 .text.consoleIoctl
                0x00001aa6      0x3b4 drv_console.o
 .text.consoleRead
                0x00001e5a       0xca drv_console.o
 .text.drv_consoleInit
                0x00001f24      0x1c8 drv_console.o
                0x00001f24                drv_consoleInit
 .text.rxComplete
                0x000020ec       0xdc drv_console.o
 .text.sdClose  0x000021c8       0x60 drv_sd.o
 .text.sdIoctl  0x00002228      0x16e drv_sd.o
 .text.sdWrite  0x00002396       0xa4 drv_sd.o
 .text.sdRead   0x0000243a       0xa4 drv_sd.o
 .text.sdOpen   0x000024de       0xd2 drv_sd.o
 .text.drv_sdInit
                0x000025b0       0xf6 drv_sd.o
                0x000025b0                drv_sdInit
 .text.signalClose
                0x000026a6       0x40 drv_signal.o
 .text.signalIoctl
                0x000026e6     0x1166 drv_signal.o
 .text.signalOpen
                0x0000384c       0x40 drv_signal.o
 .text.drv_signalInit
                0x0000388c      0x1c0 drv_signal.o
                0x0000388c                drv_signalInit
 .text.adc_findChannelElement
                0x00003a4c       0x5a hal_adc.o
 .text.__vector_42
                0x00003aa6       0x84 hal_adc.o
                0x00003aa6                __vector_42
 .text.__vector_41
                0x00003b2a       0x84 hal_adc.o
                0x00003b2a                __vector_41
 .text.__vector_40
                0x00003bae       0x84 hal_adc.o
                0x00003bae                __vector_40
 .text.__vector_39
                0x00003c32       0x84 hal_adc.o
                0x00003c32                __vector_39
 .text.__vector_74
                0x00003cb6       0x84 hal_adc.o
                0x00003cb6                __vector_74
 .text.__vector_73
                0x00003d3a       0x84 hal_adc.o
                0x00003d3a                __vector_73
 .text.__vector_72
                0x00003dbe       0x84 hal_adc.o
                0x00003dbe                __vector_72
 .text.__vector_71
                0x00003e42       0x84 hal_adc.o
                0x00003e42                __vector_71
 .text.hal_getCpuFreq
                0x00003ec6       0x12 hal_clocks.o
                0x00003ec6                hal_getCpuFreq
 .text.hal_setCpuFreq
                0x00003ed8       0x4a hal_clocks.o
                0x00003ed8                hal_setCpuFreq
 .text.findDmaIntElement
                0x00003f22       0x5a hal_dma.o
 .text.__vector_9
                0x00003f7c       0x9a hal_dma.o
                0x00003f7c                __vector_9
 .text.__vector_8
                0x00004016       0x9a hal_dma.o
                0x00004016                __vector_8
 .text.__vector_7
                0x000040b0       0x9a hal_dma.o
                0x000040b0                __vector_7
 .text.__vector_6
                0x0000414a       0x9a hal_dma.o
                0x0000414a                __vector_6
 .text.hal_getDmaTransferCount
                0x000041e4       0x4c hal_dma.o
                0x000041e4                hal_getDmaTransferCount
 .text.hal_configureDmaChannel
                0x00004230      0x286 hal_dma.o
                0x00004230                hal_configureDmaChannel
 .text.hal_getDmaChannelId
                0x000044b6       0x40 hal_dma.o
                0x000044b6                hal_getDmaChannelId
 .text.hal_dmaEnableChannel
                0x000044f6       0x5a hal_dma.o
                0x000044f6                hal_dmaEnableChannel
 .text.hal_dmaDisableChannel
                0x00004550       0x5a hal_dma.o
                0x00004550                hal_dmaDisableChannel
 .text.hal_releaseDmaChannel
                0x000045aa      0x174 hal_dma.o
                0x000045aa                hal_releaseDmaChannel
 .text.hal_requestDmaChannel
                0x0000471e      0x154 hal_dma.o
                0x0000471e                hal_requestDmaChannel
 .text.hal_requestDmaInterrupt
                0x00004872      0x104 hal_dma.o
                0x00004872                hal_requestDmaInterrupt
 .text.findGpioIntElement
                0x00004976       0x5a hal_gpio.o
 .text.__vector_5
                0x000049d0       0x80 hal_gpio.o
                0x000049d0                __vector_5
 .text.__vector_4
                0x00004a50       0x80 hal_gpio.o
                0x00004a50                __vector_4
 .text.__vector_95
                0x00004ad0       0x80 hal_gpio.o
                0x00004ad0                __vector_95
 .text.__vector_94
                0x00004b50       0x80 hal_gpio.o
                0x00004b50                __vector_94
 .text.__vector_101
                0x00004bd0       0x80 hal_gpio.o
                0x00004bd0                __vector_101
 .text.__vector_100
                0x00004c50       0x80 hal_gpio.o
                0x00004c50                __vector_100
 .text.__vector_99
                0x00004cd0       0x80 hal_gpio.o
                0x00004cd0                __vector_99
 .text.__vector_98
                0x00004d50       0x80 hal_gpio.o
                0x00004d50                __vector_98
 .text.__vector_97
                0x00004dd0       0x80 hal_gpio.o
                0x00004dd0                __vector_97
 .text.__vector_96
                0x00004e50       0x80 hal_gpio.o
                0x00004e50                __vector_96
 .text.__vector_105
                0x00004ed0       0x80 hal_gpio.o
                0x00004ed0                __vector_105
 .text.__vector_104
                0x00004f50       0x80 hal_gpio.o
                0x00004f50                __vector_104
 .text.__vector_44
                0x00004fd0       0x80 hal_gpio.o
                0x00004fd0                __vector_44
 .text.__vector_43
                0x00005050       0x80 hal_gpio.o
                0x00005050                __vector_43
 .text.__vector_65
                0x000050d0       0x80 hal_gpio.o
                0x000050d0                __vector_65
 .text.__vector_64
                0x00005150       0x80 hal_gpio.o
                0x00005150                __vector_64
 .text.__vector_3
                0x000051d0       0x80 hal_gpio.o
                0x000051d0                __vector_3
 .text.__vector_2
                0x00005250       0x80 hal_gpio.o
                0x00005250                __vector_2
 .text.__vector_35
                0x000052d0       0x80 hal_gpio.o
                0x000052d0                __vector_35
 .text.__vector_34
                0x00005350       0x80 hal_gpio.o
                0x00005350                __vector_34
 .text.__vector_67
                0x000053d0       0x80 hal_gpio.o
                0x000053d0                __vector_67
 .text.__vector_66
                0x00005450       0x80 hal_gpio.o
                0x00005450                __vector_66
 .text.confPort
                0x000054d0       0x86 hal_gpio.o
 .text.hal_configureGpioPort
                0x00005556       0xbe hal_gpio.o
                0x00005556                hal_configureGpioPort
 .text.createIntHandle
                0x00005614       0x48 hal_gpio.o
 .text.confInt  0x0000565c      0x284 hal_gpio.o
 .text.hal_requestGpioInt
                0x000058e0      0x142 hal_gpio.o
                0x000058e0                hal_requestGpioInt
 .text.hal_initThreadStack
                0x00005a22       0x98 hal_initThreadStack.o
                0x00005a22                hal_initThreadStack
 .text.hal_configureIntLevel
                0x00005aba        0xc hal_pmic.o
                0x00005aba                hal_configureIntLevel
 .text.processSpiInterrupt
                0x00005ac6      0x2dc hal_spi.o
 .text.findSpiElement
                0x00005da2       0x5a hal_spi.o
 .text.__vector_118
                0x00005dfc       0x76 hal_spi.o
                0x00005dfc                __vector_118
 .text.__vector_57
                0x00005e72       0x76 hal_spi.o
                0x00005e72                __vector_57
 .text.__vector_87
                0x00005ee8       0x76 hal_spi.o
                0x00005ee8                __vector_87
 .text.__vector_24
                0x00005f5e       0x76 hal_spi.o
                0x00005f5e                __vector_24
 .text.hal_spiConfCallBack
                0x00005fd4       0x66 hal_spi.o
                0x00005fd4                hal_spiConfCallBack
 .text.hal_spiSetChipSelect
                0x0000603a      0x28a hal_spi.o
                0x0000603a                hal_spiSetChipSelect
 .text.hal_spiReadByte
                0x000062c4       0xb0 hal_spi.o
                0x000062c4                hal_spiReadByte
 .text.hal_spiWriteByte
                0x00006374       0xa8 hal_spi.o
                0x00006374                hal_spiWriteByte
 .text.hal_spiSetBaudRate
                0x0000641c      0x2da hal_spi.o
                0x0000641c                hal_spiSetBaudRate
 .text.hal_configureSpiChannel
                0x000066f6      0x634 hal_spi.o
                0x000066f6                hal_configureSpiChannel
 .text.processMasterSpiRxDmaInt
                0x00006d2a      0x152 hal_spi.o
 .text.masterSpiFRxDmaInt
                0x00006e7c       0x16 hal_spi.o
 .text.masterSpiERxDmaInt
                0x00006e92       0x16 hal_spi.o
 .text.masterSpiDRxDmaInt
                0x00006ea8       0x16 hal_spi.o
 .text.masterSpiCRxDmaInt
                0x00006ebe       0x16 hal_spi.o
 .text.processSlaveSpiChipSelectInt
                0x00006ed4       0x6c hal_spi.o
 .text.slaveSpiFChipSelectInt
                0x00006f40       0x1e hal_spi.o
 .text.slaveSpiEChipSelectInt
                0x00006f5e       0x1e hal_spi.o
 .text.slaveSpiDChipSelectInt
                0x00006f7c       0x1e hal_spi.o
 .text.slaveSpiCChipSelectInt
                0x00006f9a       0x1e hal_spi.o
 .text.hal_requestSpiChannel
                0x00006fb8      0x2ea hal_spi.o
                0x00006fb8                hal_requestSpiChannel
 .text.hal_spiReadWrite
                0x000072a2      0x336 hal_spi.o
                0x000072a2                hal_spiReadWrite
 .text.hal_spiWriteBlock
                0x000075d8      0x33e hal_spi.o
                0x000075d8                hal_spiWriteBlock
 .text.hal_spiReadBlock
                0x00007916      0x356 hal_spi.o
                0x00007916                hal_spiReadBlock
 .text.__vector_15
                0x00007c6c       0x1e hal_timer.o
                0x00007c6c                __vector_15
 .text.findTimerIntElement
                0x00007c8a       0x5a hal_timer.o
 .text.__vector_114
                0x00007ce4       0x7a hal_timer.o
                0x00007ce4                __vector_114
 .text.__vector_117
                0x00007d5e       0x7a hal_timer.o
                0x00007d5e                __vector_117
 .text.__vector_116
                0x00007dd8       0x7a hal_timer.o
                0x00007dd8                __vector_116
 .text.__vector_108
                0x00007e52       0x7a hal_timer.o
                0x00007e52                __vector_108
 .text.__vector_113
                0x00007ecc       0x7a hal_timer.o
                0x00007ecc                __vector_113
 .text.__vector_112
                0x00007f46       0x7a hal_timer.o
                0x00007f46                __vector_112
 .text.__vector_111
                0x00007fc0       0x7a hal_timer.o
                0x00007fc0                __vector_111
 .text.__vector_110
                0x0000803a       0x7a hal_timer.o
                0x0000803a                __vector_110
 .text.__vector_53
                0x000080b4       0x7a hal_timer.o
                0x000080b4                __vector_53
 .text.__vector_56
                0x0000812e       0x7a hal_timer.o
                0x0000812e                __vector_56
 .text.__vector_55
                0x000081a8       0x7a hal_timer.o
                0x000081a8                __vector_55
 .text.__vector_47
                0x00008222       0x7a hal_timer.o
                0x00008222                __vector_47
 .text.__vector_52
                0x0000829c       0x7a hal_timer.o
                0x0000829c                __vector_52
 .text.__vector_51
                0x00008316       0x7a hal_timer.o
                0x00008316                __vector_51
 .text.__vector_50
                0x00008390       0x7a hal_timer.o
                0x00008390                __vector_50
 .text.__vector_49
                0x0000840a       0x7a hal_timer.o
                0x0000840a                __vector_49
 .text.__vector_83
                0x00008484       0x7a hal_timer.o
                0x00008484                __vector_83
 .text.__vector_86
                0x000084fe       0x7a hal_timer.o
                0x000084fe                __vector_86
 .text.__vector_85
                0x00008578       0x7a hal_timer.o
                0x00008578                __vector_85
 .text.__vector_77
                0x000085f2       0x7a hal_timer.o
                0x000085f2                __vector_77
 .text.__vector_82
                0x0000866c       0x7a hal_timer.o
                0x0000866c                __vector_82
 .text.__vector_81
                0x000086e6       0x7a hal_timer.o
                0x000086e6                __vector_81
 .text.__vector_80
                0x00008760       0x7a hal_timer.o
                0x00008760                __vector_80
 .text.__vector_79
                0x000087da       0x7a hal_timer.o
                0x000087da                __vector_79
 .text.__vector_20
                0x00008854       0x7a hal_timer.o
                0x00008854                __vector_20
 .text.__vector_23
                0x000088ce       0x7a hal_timer.o
                0x000088ce                __vector_23
 .text.__vector_22
                0x00008948       0x7a hal_timer.o
                0x00008948                __vector_22
 .text.__vector_14
                0x000089c2       0x7a hal_timer.o
                0x000089c2                __vector_14
 .text.__vector_19
                0x00008a3c       0x7a hal_timer.o
                0x00008a3c                __vector_19
 .text.__vector_18
                0x00008ab6       0x7a hal_timer.o
                0x00008ab6                __vector_18
 .text.__vector_17
                0x00008b30       0x7a hal_timer.o
                0x00008b30                __vector_17
 .text.__vector_16
                0x00008baa       0x7a hal_timer.o
                0x00008baa                __vector_16
 .text.hal_configureTimer
                0x00008c24      0x256 hal_timer.o
                0x00008c24                hal_configureTimer
 .text.hal_startTimer
                0x00008e7a       0x9a hal_timer.o
                0x00008e7a                hal_startTimer
 .text.hal_stopTimer
                0x00008f14       0x82 hal_timer.o
                0x00008f14                hal_stopTimer
 .text.hal_getTimerCount
                0x00008f96       0x6a hal_timer.o
                0x00008f96                hal_getTimerCount
 .text.hal_getIntStatus
                0x00009000       0xde hal_timer.o
                0x00009000                hal_getIntStatus
 .text.hal_requestTimer
                0x000090de      0x15e hal_timer.o
                0x000090de                hal_requestTimer
 .text.hal_requestTimerInterrupt
                0x0000923c      0x1d8 hal_timer.o
                0x0000923c                hal_requestTimerInterrupt
 .text.hal_slaveInterrupt
                0x00009414      0x158 hal_twi.o
 .text.findTwiElement
                0x0000956c       0x5a hal_twi.o
 .text.__vector_106
                0x000095c6       0x70 hal_twi.o
                0x000095c6                __vector_106
 .text.__vector_45
                0x00009636       0x70 hal_twi.o
                0x00009636                __vector_45
 .text.__vector_75
                0x000096a6       0x70 hal_twi.o
                0x000096a6                __vector_75
 .text.__vector_12
                0x00009716       0x70 hal_twi.o
                0x00009716                __vector_12
 .text.hal_masterInterrupt
                0x00009786      0x1de hal_twi.o
 .text.__vector_107
                0x00009964       0x70 hal_twi.o
                0x00009964                __vector_107
 .text.__vector_46
                0x000099d4       0x70 hal_twi.o
                0x000099d4                __vector_46
 .text.__vector_76
                0x00009a44       0x70 hal_twi.o
                0x00009a44                __vector_76
 .text.__vector_13
                0x00009ab4       0x70 hal_twi.o
                0x00009ab4                __vector_13
 .text.hal_twiMasterWrite
                0x00009b24      0x1d2 hal_twi.o
                0x00009b24                hal_twiMasterWrite
 .text.hal_configureTwiChannel
                0x00009cf6      0x276 hal_twi.o
                0x00009cf6                hal_configureTwiChannel
 .text.hal_requestTwiChannel
                0x00009f6c       0xaa hal_twi.o
                0x00009f6c                hal_requestTwiChannel
 .text.updateRxBuffer
                0x0000a016       0x68 hal_uart.o
 .text.updateTxBuffer
                0x0000a07e       0x5e hal_uart.o
 .text.uart1TxDmaInt
                0x0000a0dc       0x32 hal_uart.o
 .text.uart2TxDmaInt
                0x0000a10e       0x32 hal_uart.o
 .text.uart3TxDmaInt
                0x0000a140       0x32 hal_uart.o
 .text.uart4TxDmaInt
                0x0000a172       0x32 hal_uart.o
 .text.uart5TxDmaInt
                0x0000a1a4       0x32 hal_uart.o
 .text.uart6TxDmaInt
                0x0000a1d6       0x32 hal_uart.o
 .text.uart7TxDmaInt
                0x0000a208       0x32 hal_uart.o
 .text.uart8TxDmaInt
                0x0000a23a       0x32 hal_uart.o
 .text.__vector_25
                0x0000a26c       0x72 hal_uart.o
                0x0000a26c                __vector_25
 .text.__vector_26
                0x0000a2de       0x72 hal_uart.o
                0x0000a2de                __vector_26
 .text.__vector_28
                0x0000a350       0x72 hal_uart.o
                0x0000a350                __vector_28
 .text.__vector_29
                0x0000a3c2       0x72 hal_uart.o
                0x0000a3c2                __vector_29
 .text.__vector_88
                0x0000a434       0x72 hal_uart.o
                0x0000a434                __vector_88
 .text.__vector_89
                0x0000a4a6       0x72 hal_uart.o
                0x0000a4a6                __vector_89
 .text.__vector_91
                0x0000a518       0x72 hal_uart.o
                0x0000a518                __vector_91
 .text.__vector_92
                0x0000a58a       0x72 hal_uart.o
                0x0000a58a                __vector_92
 .text.__vector_58
                0x0000a5fc       0x72 hal_uart.o
                0x0000a5fc                __vector_58
 .text.__vector_59
                0x0000a66e       0x72 hal_uart.o
                0x0000a66e                __vector_59
 .text.__vector_61
                0x0000a6e0       0x72 hal_uart.o
                0x0000a6e0                __vector_61
 .text.__vector_62
                0x0000a752       0x72 hal_uart.o
                0x0000a752                __vector_62
 .text.__vector_119
                0x0000a7c4       0x72 hal_uart.o
                0x0000a7c4                __vector_119
 .text.__vector_120
                0x0000a836       0x72 hal_uart.o
                0x0000a836                __vector_120
 .text.__vector_122
                0x0000a8a8       0x72 hal_uart.o
                0x0000a8a8                __vector_122
 .text.__vector_123
                0x0000a91a       0x72 hal_uart.o
                0x0000a91a                __vector_123
 .text.hal_enableUartRxInt
                0x0000a98c       0x68 hal_uart.o
                0x0000a98c                hal_enableUartRxInt
 .text.hal_disableUartRxInt
                0x0000a9f4       0x5a hal_uart.o
                0x0000a9f4                hal_disableUartRxInt
 .text.hal_uartWriteByte
                0x0000aa4e       0x72 hal_uart.o
                0x0000aa4e                hal_uartWriteByte
 .text.hal_uartGetBaudRate
                0x0000aac0       0x5e hal_uart.o
                0x0000aac0                hal_uartGetBaudRate
 .text.hal_configureUartChannel
                0x0000ab1e      0x56a hal_uart.o
                0x0000ab1e                hal_configureUartChannel
 .text.updateRxDmaInt
                0x0000b088       0x42 hal_uart.o
 .text.uart8RxDmaInt
                0x0000b0ca       0x12 hal_uart.o
 .text.uart7RxDmaInt
                0x0000b0dc       0x12 hal_uart.o
 .text.uart6RxDmaInt
                0x0000b0ee       0x12 hal_uart.o
 .text.uart5RxDmaInt
                0x0000b100       0x12 hal_uart.o
 .text.uart4RxDmaInt
                0x0000b112       0x12 hal_uart.o
 .text.uart3RxDmaInt
                0x0000b124       0x12 hal_uart.o
 .text.uart2RxDmaInt
                0x0000b136       0x12 hal_uart.o
 .text.uart1RxDmaInt
                0x0000b148       0x12 hal_uart.o
 .text.hal_releaseUartChannel
                0x0000b15a      0x13a hal_uart.o
                0x0000b15a                hal_releaseUartChannel
 .text.hal_requestUartChannel
                0x0000b294      0x2dc hal_uart.o
                0x0000b294                hal_requestUartChannel
 .text.hal_uartWriteBlock
                0x0000b570      0x1ee hal_uart.o
                0x0000b570                hal_uartWriteBlock
 .text.hal_uartReadBlock
                0x0000b75e      0x178 hal_uart.o
                0x0000b75e                hal_uartReadBlock
 .text.hal_configureWd
                0x0000b8d6      0x15c hal_watchDog.o
                0x0000b8d6                hal_configureWd
 .text.hal_wdEnable
                0x0000ba32       0x72 hal_watchDog.o
                0x0000ba32                hal_wdEnable
 .text.hal_requestWdAccess
                0x0000baa4       0x80 hal_watchDog.o
                0x0000baa4                hal_requestWdAccess
 .text._ZN5Print5writeEPKhj
                0x0000bb24       0x54 Print.o
                0x0000bb24                Print::write(unsigned char const*, unsigned int)
 .text._ZN5Print7printlnEv
                0x0000bb78       0x40 Print.o
                0x0000bb78                Print::println()
 .text._ZN5Print5writeEPKc
                0x0000bbb8       0x38 Print.o
                0x0000bbb8                Print::write(char const*)
 .text._ZN5Print11printNumberEmh
                0x0000bbf0       0xbc Print.o
                0x0000bbf0                Print::printNumber(unsigned long, unsigned char)
 .text._ZN5Print5printEmi
                0x0000bcac       0x1e Print.o
                0x0000bcac                Print::print(unsigned long, int)
 .text._ZN5Print5printEji
                0x0000bcca       0x22 Print.o
                0x0000bcca                Print::print(unsigned int, int)
 .text._ZN5Print5printEhi
                0x0000bcec       0x24 Print.o
                0x0000bcec                Print::print(unsigned char, int)
 .text._GLOBAL__I__ZN13MinimumSerial5beginEm
                0x0000bd10       0x16 MinimumSerial.o
 .text._ZN13MinimumSerial5writeEh
                0x0000bd26        0xc MinimumSerial.o
                0x0000bd26                MinimumSerial::write(unsigned char)
 .text._ZL18blockTransCompletePaj
                0x0000bd32        0x8 Sd2Card.o
 .text._ZL9CRC_CCITTPKhj
                0x0000bd3a       0x6c Sd2Card.o
 .text._ZL6spiRecv
                0x0000bda6       0x26 Sd2Card.o
 .text._ZN7Sd2Card13chipSelectLowEv
                0x0000bdcc       0x10 Sd2Card.o
                0x0000bdcc                Sd2Card::chipSelectLow()
 .text._ZN7Sd2Card14chipSelectHighEv
                0x0000bddc       0x1e Sd2Card.o
                0x0000bddc                Sd2Card::chipSelectHigh()
 .text._Z11millisDeltamm
                0x0000bdfa       0x6c Sd2Card.o
                0x0000bdfa                millisDelta(unsigned long, unsigned long)
 .text._ZN7Sd2Card9writeDataEhPKh
                0x0000be66      0x104 Sd2Card.o
                0x0000be66                Sd2Card::writeData(unsigned char, unsigned char const*)
 .text._ZN7Sd2Card11waitNotBusyEj
                0x0000bf6a       0x5c Sd2Card.o
                0x0000bf6a                Sd2Card::waitNotBusy(unsigned int)
 .text._ZN7Sd2Card9writeStopEv
                0x0000bfc6       0x50 Sd2Card.o
                0x0000bfc6                Sd2Card::writeStop()
 .text._ZN7Sd2Card9writeDataEPKh
                0x0000c016       0x4c Sd2Card.o
                0x0000c016                Sd2Card::writeData(unsigned char const*)
 .text._ZN7Sd2Card11cardCommandEhm
                0x0000c062       0xee Sd2Card.o
                0x0000c062                Sd2Card::cardCommand(unsigned char, unsigned long)
 .text._ZN7Sd2Card10writeStartEmm
                0x0000c150       0x90 Sd2Card.o
                0x0000c150                Sd2Card::writeStart(unsigned long, unsigned long)
 .text._ZN7Sd2Card8readStopEv
                0x0000c1e0       0x3a Sd2Card.o
                0x0000c1e0                Sd2Card::readStop()
 .text._ZN7Sd2Card9readStartEm
                0x0000c21a       0x46 Sd2Card.o
                0x0000c21a                Sd2Card::readStart(unsigned long)
 .text._ZN7Sd2Card10writeBlockEmPKh
                0x0000c260       0xa4 Sd2Card.o
                0x0000c260                Sd2Card::writeBlock(unsigned long, unsigned char const*)
 .text._ZN7Sd2Card8readDataEPhj
                0x0000c304      0x13e Sd2Card.o
                0x0000c304                Sd2Card::readData(unsigned char*, unsigned int)
 .text._ZN7Sd2Card8readDataEPh
                0x0000c442       0x26 Sd2Card.o
                0x0000c442                Sd2Card::readData(unsigned char*)
 .text._ZN7Sd2Card9readBlockEmPh
                0x0000c468       0x68 Sd2Card.o
                0x0000c468                Sd2Card::readBlock(unsigned long, unsigned char*)
 .text._ZN7Sd2Card4initEi
                0x0000c4d0      0x214 Sd2Card.o
                0x0000c4d0                Sd2Card::init(int)
 .text._ZN10SdBaseFile7dirNameERK14directoryEntryPc
                0x0000c6e4       0x42 SdBaseFile.o
                0x0000c6e4                SdBaseFile::dirName(directoryEntry const&, char*)
 .text._ZN10SdBaseFile10make83NameEPKcPhPS1_
                0x0000c726       0x90 SdBaseFile.o
                0x0000c726                SdBaseFile::make83Name(char const*, unsigned char*, char const**)
 .text._ZN10SdBaseFile10setDirSizeEv
                0x0000c7b6       0xcc SdBaseFile.o
                0x0000c7b6                SdBaseFile::setDirSize()
 .text._ZN10SdBaseFile8openRootEP8SdVolume
                0x0000c882       0x90 SdBaseFile.o
                0x0000c882                SdBaseFile::openRoot(SdVolume*)
 .text._ZN10SdBaseFile7seekSetEm
                0x0000c912      0x152 SdBaseFile.o
                0x0000c912                SdBaseFile::seekSet(unsigned long)
 .text._ZN10SdBaseFile13cacheDirEntryEh
                0x0000ca64       0x3c SdBaseFile.o
                0x0000ca64                SdBaseFile::cacheDirEntry(unsigned char)
 .text._ZN10SdBaseFile11getFilenameEPc
                0x0000caa0       0x3a SdBaseFile.o
                0x0000caa0                SdBaseFile::getFilename(char*)
 .text._ZN10SdBaseFile4syncEv
                0x0000cada       0x9c SdBaseFile.o
                0x0000cada                SdBaseFile::sync()
 .text._ZN10SdBaseFile8truncateEm
                0x0000cb76      0x198 SdBaseFile.o
                0x0000cb76                SdBaseFile::truncate(unsigned long)
 .text._ZN10SdBaseFile15openCachedEntryEhh
                0x0000cd0e      0x108 SdBaseFile.o
                0x0000cd0e                SdBaseFile::openCachedEntry(unsigned char, unsigned char)
 .text._ZN10SdBaseFile5closeEv
                0x0000ce16       0x14 SdBaseFile.o
                0x0000ce16                SdBaseFile::close()
 .text._ZN10SdBaseFile6removeEv
                0x0000ce2a       0x38 SdBaseFile.o
                0x0000ce2a                SdBaseFile::remove()
 .text._ZN10SdBaseFile4readEPvj
                0x0000ce62      0x2fc SdBaseFile.o
                0x0000ce62                SdBaseFile::read(void*, unsigned int)
 .text._ZN10SdBaseFile4readEv
                0x0000d15e       0x32 SdBaseFile.o
                0x0000d15e                SdBaseFile::read()
 .text._ZN10SdBaseFile12readDirCacheEv
                0x0000d190       0x76 SdBaseFile.o
                0x0000d190                SdBaseFile::readDirCache()
 .text._ZN10SdBaseFile5rmdirEv
                0x0000d206       0x70 SdBaseFile.o
                0x0000d206                SdBaseFile::rmdir()
 .text._ZN10SdBaseFile4openEPS_jh
                0x0000d276       0x88 SdBaseFile.o
                0x0000d276                SdBaseFile::open(SdBaseFile*, unsigned int, unsigned char)
 .text._ZN10SdBaseFile8rmRfStarEv
                0x0000d2fe      0x132 SdBaseFile.o
                0x0000d2fe                SdBaseFile::rmRfStar()
 .text._ZL7print2uP5Printh
                0x0000d430       0x30 SdBaseFile.o
 .text._ZN10SdBaseFile12printFatTimeEP5Printj
                0x0000d460       0x6c SdBaseFile.o
                0x0000d460                SdBaseFile::printFatTime(Print*, unsigned int)
 .text._ZN10SdBaseFile12printFatDateEP5Printj
                0x0000d4cc       0x6e SdBaseFile.o
                0x0000d4cc                SdBaseFile::printFatDate(Print*, unsigned int)
 .text._ZN10SdBaseFile11lsPrintNextEP5Printhh
                0x0000d53a      0x1be SdBaseFile.o
                0x0000d53a                SdBaseFile::lsPrintNext(Print*, unsigned char, unsigned char)
 .text._ZN10SdBaseFile2lsEP5Printhh
                0x0000d6f8       0xea SdBaseFile.o
                0x0000d6f8                SdBaseFile::ls(Print*, unsigned char, unsigned char)
 .text._ZN10SdBaseFile10addClusterEv
                0x0000d7e2       0x4e SdBaseFile.o
                0x0000d7e2                SdBaseFile::addCluster()
 .text._ZN10SdBaseFile5writeEPKvj
                0x0000d830      0x3e0 SdBaseFile.o
                0x0000d830                SdBaseFile::write(void const*, unsigned int)
 .text._ZN10SdBaseFile13addDirClusterEv
                0x0000dc10      0x104 SdBaseFile.o
                0x0000dc10                SdBaseFile::addDirCluster()
 .text._ZN10SdBaseFile4openEPS_PKhh
                0x0000dd14      0x18a SdBaseFile.o
                0x0000dd14                SdBaseFile::open(SdBaseFile*, unsigned char const*, unsigned char)
 .text._ZN10SdBaseFile4openEPS_PKch
                0x0000de9e      0x184 SdBaseFile.o
                0x0000de9e                SdBaseFile::open(SdBaseFile*, char const*, unsigned char)
 .text._ZN10SdBaseFile6removeEPS_PKc
                0x0000e022       0x44 SdBaseFile.o
                0x0000e022                SdBaseFile::remove(SdBaseFile*, char const*)
 .text._ZN10SdBaseFile4openEPKch
                0x0000e066       0x14 SdBaseFile.o
                0x0000e066                SdBaseFile::open(char const*, unsigned char)
 .text._ZN10SdBaseFile5mkdirEPS_PKh
                0x0000e07a      0x11c SdBaseFile.o
                0x0000e07a                SdBaseFile::mkdir(SdBaseFile*, unsigned char const*)
 .text._ZN10SdBaseFile5mkdirEPS_PKcb
                0x0000e196      0x1a0 SdBaseFile.o
                0x0000e196                SdBaseFile::mkdir(SdBaseFile*, char const*, bool)
 .text._ZN5SdFat5rmdirEPKc
                0x0000e336       0x3e SdFat.o
                0x0000e336                SdFat::rmdir(char const*)
 .text._ZN5SdFat6removeEPKc
                0x0000e374        0x8 SdFat.o
                0x0000e374                SdFat::remove(char const*)
 .text._ZN5SdFat5mkdirEPKcb
                0x0000e37c       0x32 SdFat.o
                0x0000e37c                SdFat::mkdir(char const*, bool)
 .text._ZN5SdFat2lsEh
                0x0000e3ae       0x14 SdFat.o
                0x0000e3ae                SdFat::ls(unsigned char)
 .text._ZN5SdFat5chdirEb
                0x0000e3c2       0x36 SdFat.o
                0x0000e3c2                SdFat::chdir(bool)
 .text._ZN5SdFat5chdirEPKcb
                0x0000e3f8       0x92 SdFat.o
                0x0000e3f8                SdFat::chdir(char const*, bool)
 .text._ZN5SdFat5beginEi
                0x0000e48a       0x70 SdFat.o
                0x0000e48a                SdFat::begin(int)
 .text._ZN6SdFile5writeEPKvj
                0x0000e4fa        0x8 SdFile.o
                0x0000e4fa                SdFile::write(void const*, unsigned int)
 .text._ZN8SdVolume15cacheInvalidateEv
                0x0000e502       0x1e SdVolume.o
                0x0000e502                SdVolume::cacheInvalidate()
 .text._ZNK8SdVolume17clusterStartBlockEm
                0x0000e520       0x40 SdVolume.o
                0x0000e520                SdVolume::clusterStartBlock(unsigned long) const
 .text._ZN8SdVolume9cacheSyncEv
                0x0000e560       0x8c SdVolume.o
                0x0000e560                SdVolume::cacheSync()
 .text._ZN8SdVolume14cacheWriteDataEv
                0x0000e5ec        0x6 SdVolume.o
                0x0000e5ec                SdVolume::cacheWriteData()
 .text._ZN8SdVolume10cacheFetchEmh
                0x0000e5f2       0x88 SdVolume.o
                0x0000e5f2                SdVolume::cacheFetch(unsigned long, unsigned char)
 .text._ZN8SdVolume4initEP7Sd2Cardh
                0x0000e67a      0x2e2 SdVolume.o
                0x0000e67a                SdVolume::init(Sd2Card*, unsigned char)
 .text._ZN8SdVolume13cacheFetchFatEmh
                0x0000e95c        0x8 SdVolume.o
                0x0000e95c                SdVolume::cacheFetchFat(unsigned long, unsigned char)
 .text._ZN8SdVolume6fatPutEmm
                0x0000e964       0xe0 SdVolume.o
                0x0000e964                SdVolume::fatPut(unsigned long, unsigned long)
 .text._ZN8SdVolume6fatGetEmPm
                0x0000ea44       0xde SdVolume.o
                0x0000ea44                SdVolume::fatGet(unsigned long, unsigned long*)
 .text._ZN8SdVolume9freeChainEm
                0x0000eb22       0xba SdVolume.o
                0x0000eb22                SdVolume::freeChain(unsigned long)
 .text._ZN8SdVolume15allocContiguousEmPm
                0x0000ebdc      0x212 SdVolume.o
                0x0000ebdc                SdVolume::allocContiguous(unsigned long, unsigned long*)
 .text.sd_fileSize
                0x0000edee        0xc sdInterface.o
                0x0000edee                sd_fileSize
 .text._GLOBAL__I_sd_begin
                0x0000edfa       0x18 sdInterface.o
 .text.sd_truncate
                0x0000ee12        0x8 sdInterface.o
                0x0000ee12                sd_truncate
 .text.sd_rewind
                0x0000ee1a       0x10 sdInterface.o
                0x0000ee1a                sd_rewind
 .text.sd_read  0x0000ee2a       0x34 sdInterface.o
                0x0000ee2a                sd_read
 .text.sd_write
                0x0000ee5e       0x32 sdInterface.o
                0x0000ee5e                sd_write
 .text.sd_rmDashR
                0x0000ee90        0xa sdInterface.o
                0x0000ee90                sd_rmDashR
 .text.sd_remove
                0x0000ee9a        0xc sdInterface.o
                0x0000ee9a                sd_remove
 .text.sd_rmdir
                0x0000eea6        0xc sdInterface.o
                0x0000eea6                sd_rmdir
 .text.sd_mkdir
                0x0000eeb2       0x30 sdInterface.o
                0x0000eeb2                sd_mkdir
 .text.sd_chdir
                0x0000eee2        0xe sdInterface.o
                0x0000eee2                sd_chdir
 .text.sd_ls    0x0000eef0        0xc sdInterface.o
                0x0000eef0                sd_ls
 .text.sd_close
                0x0000eefc       0x34 sdInterface.o
                0x0000eefc                sd_close
 .text.sd_open  0x0000ef30      0x1b8 sdInterface.o
                0x0000ef30                sd_open
 .text.sd_init  0x0000f0e8       0x26 sdInterface.o
                0x0000f0e8                sd_init
 .text.sd_begin
                0x0000f10e       0x26 sdInterface.o
                0x0000f10e                sd_begin
 .text.arb_consoleInit
                0x0000f134       0xcc arb_console.o
                0x0000f134                arb_consoleInit
 .text.arb_console
                0x0000f200     0x13ec arb_console.o
 .text.arb_getDeviceList
                0x000105ec        0xc arb_device.o
                0x000105ec                arb_getDeviceList
 .text.arb_read
                0x000105f8       0x70 arb_device.o
                0x000105f8                arb_read
 .text.arb_write
                0x00010668       0x70 arb_device.o
                0x00010668                arb_write
 .text.arb_getDevName
                0x000106d8       0x46 arb_device.o
                0x000106d8                arb_getDevName
 .text.arb_ioctl
                0x0001071e       0x88 arb_device.o
                0x0001071e                arb_ioctl
 .text.arb_close
                0x000107a6       0x86 arb_device.o
                0x000107a6                arb_close
 .text.arb_getDeviceLinkByName
                0x0001082c       0x74 arb_device.o
 .text.arb_destroyDevice
                0x000108a0       0xf2 arb_device.o
                0x000108a0                arb_destroyDevice
 .text.arb_registerDevice
                0x00010992      0x13c arb_device.o
                0x00010992                arb_registerDevice
 .text.arb_open
                0x00010ace      0x18c arb_device.o
                0x00010ace                arb_open
 .text.arb_stackOverflow
                0x00010c5a       0x72 arb_error.o
                0x00010c5a                arb_stackOverflow
 .text.arb_idleInit
                0x00010ccc       0x6e arb_idle.o
                0x00010ccc                arb_idleInit
 .text.arb_idle
                0x00010d3a      0x138 arb_idle.o
                0x00010d3a                arb_idle
 .text.arb_mailboxGetQueueMaxSize
                0x00010e72       0x46 arb_mailbox.o
                0x00010e72                arb_mailboxGetQueueMaxSize
 .text.arb_mailboxGetNumMessages
                0x00010eb8       0x46 arb_mailbox.o
                0x00010eb8                arb_mailboxGetNumMessages
 .text.arb_mailboxCreate
                0x00010efe      0x18a arb_mailbox.o
                0x00010efe                arb_mailboxCreate
 .text.arb_mailboxWrite
                0x00011088      0x1fa arb_mailbox.o
                0x00011088                arb_mailboxWrite
 .text.arb_mailboxRead
                0x00011282      0x1ae arb_mailbox.o
                0x00011282                arb_mailboxRead
 .text.main     0x00011430       0x20 arb_main.o
                0x00011430                main
 .text.arb_createMemIntsOn
                0x00011450      0x160 arb_memory.o
 .text.arb_createMemIntsOff
                0x000115b0      0x156 arb_memory.o
 .text.arb_free
                0x00011706       0x48 arb_memory.o
                0x00011706                arb_free
 .text.arb_malloc
                0x0001174e       0x68 arb_memory.o
                0x0001174e                arb_malloc
 .text.arb_setPrintfDbgLevel
                0x000117b6       0x22 arb_printf.o
                0x000117b6                arb_setPrintfDbgLevel
 .text.arb_printfInit
                0x000117d8       0xb0 arb_printf.o
                0x000117d8                arb_printfInit
 .text.arb_sysPrintChar
                0x00011888       0x2a arb_printf.o
                0x00011888                arb_sysPrintChar
 .text.arb_printfFlushBuf
                0x000118b2      0x222 arb_printf.o
                0x000118b2                arb_printfFlushBuf
 .text.arb_printf
                0x00011ad4      0x290 arb_printf.o
                0x00011ad4                arb_printf
 .text.arb_getOneMinLoadingEst
                0x00011d64       0x12 arb_scheduler.o
                0x00011d64                arb_getOneMinLoadingEst
 .text.arb_getFiveMinLoadingEst
                0x00011d76       0x12 arb_scheduler.o
                0x00011d76                arb_getFiveMinLoadingEst
 .text.arb_roundRobinScheduler
                0x00011d88      0x3b0 arb_scheduler.o
 .text.arb_priorityScheduler
                0x00012138      0x408 arb_scheduler.o
 .text.arb_schedulerStart
                0x00012540      0x194 arb_scheduler.o
                0x00012540                arb_schedulerStart
 .text.arb_schedulerInit
                0x000126d4       0xc6 arb_scheduler.o
                0x000126d4                arb_schedulerInit
 .text.arb_semaphoreInit
                0x0001279a       0x44 arb_semaphore.o
                0x0001279a                arb_semaphoreInit
 .text.arb_semaphoreDestroy
                0x000127de       0xee arb_semaphore.o
                0x000127de                arb_semaphoreDestroy
 .text.arb_semaphoreCreate
                0x000128cc       0xaa arb_semaphore.o
                0x000128cc                arb_semaphoreCreate
 .text.arb_yieldFromSignalActiveInt
                0x00012976      0x132 arb_semaphore.o
 .text.arb_yieldFromSignalIntsOn
                0x00012aa8      0x132 arb_semaphore.o
 .text.arb_yieldFromSignalIntsOff
                0x00012bda      0x128 arb_semaphore.o
 .text.arb_signal
                0x00012d02      0x3a0 arb_semaphore.o
                0x00012d02                arb_signal
 .text.arb_yieldFromWaitIntsOn
                0x000130a2      0x17c arb_semaphore.o
 .text.arb_yieldFromWaitIntsOff
                0x0001321e      0x172 arb_semaphore.o
 .text.arb_wait
                0x00013390       0xe4 arb_semaphore.o
                0x00013390                arb_wait
 .text.updateSystemTime
                0x00013474      0x2ac arb_sysTimer.o
 .text.arb_sysMsecNow
                0x00013720       0x22 arb_sysTimer.o
                0x00013720                arb_sysMsecNow
 .text.arb_sysMsecDelta
                0x00013742      0x15c arb_sysTimer.o
                0x00013742                arb_sysMsecDelta
 .text.arb_sysTimerEnabled
                0x0001389e        0x6 arb_sysTimer.o
                0x0001389e                arb_sysTimerEnabled
 .text.arb_setSysTime
                0x000138a4       0x64 arb_sysTimer.o
                0x000138a4                arb_setSysTime
 .text.arb_resetSysTime
                0x00013908       0x4a arb_sysTimer.o
                0x00013908                arb_resetSysTime
 .text.arb_sysTimerInit
                0x00013952       0x8a arb_sysTimer.o
                0x00013952                arb_sysTimerInit
 .text.sysTimerInterrupt
                0x000139dc      0x154 arb_sysTimer.o
 .text.arb_sysTimerStart
                0x00013b30       0x22 arb_sysTimer.o
                0x00013b30                arb_sysTimerStart
 .text.arb_sysTimeNow
                0x00013b52      0x30c arb_sysTimer.o
                0x00013b52                arb_sysTimeNow
 .text.arb_updateSleepingThreads
                0x00013e5e       0x62 arb_thread.o
                0x00013e5e                arb_updateSleepingThreads
 .text.arb_threadCreate
                0x00013ec0      0x130 arb_thread.o
                0x00013ec0                arb_threadCreate
 .text.arb_yieldFromSleepIntsOn
                0x00013ff0      0x132 arb_thread.o
 .text.arb_yieldFromSleepIntsOff
                0x00014122      0x128 arb_thread.o
 .text.arb_sleep
                0x0001424a       0x4c arb_thread.o
                0x0001424a                arb_sleep
 .text.utl_getBufferFullLevel
                0x00014296       0x28 utl_buffer.o
                0x00014296                utl_getBufferFullLevel
 .text.utl_getBufferSize
                0x000142be       0x28 utl_buffer.o
                0x000142be                utl_getBufferSize
 .text.utl_getBufferPtr
                0x000142e6       0x28 utl_buffer.o
                0x000142e6                utl_getBufferPtr
 .text.utl_writeByte
                0x0001430e       0x6a utl_buffer.o
                0x0001430e                utl_writeByte
 .text.utl_incrBufRdPtr
                0x00014378       0x4e utl_buffer.o
                0x00014378                utl_incrBufRdPtr
 .text.utl_getBufRdPtr
                0x000143c6       0x28 utl_buffer.o
                0x000143c6                utl_getBufRdPtr
 .text.utl_buffEraseTailByte
                0x000143ee       0x6a utl_buffer.o
                0x000143ee                utl_buffEraseTailByte
 .text.ult_resetBuffer
                0x00014458       0x30 utl_buffer.o
                0x00014458                ult_resetBuffer
 .text.utl_destroyBuffer
                0x00014488       0x42 utl_buffer.o
                0x00014488                utl_destroyBuffer
 .text.utl_createBuffer
                0x000144ca       0xa4 utl_buffer.o
                0x000144ca                utl_createBuffer
 .text.utl_readBlock
                0x0001456e       0xc0 utl_buffer.o
                0x0001456e                utl_readBlock
 .text.utl_writeBlock
                0x0001462e       0xbc utl_buffer.o
                0x0001462e                utl_writeBlock
 .text.utl_insertLink
                0x000146ea       0xf6 utl_linkedlist.o
                0x000146ea                utl_insertLink
 .text.utl_removeLink
                0x000147e0      0x102 utl_linkedlist.o
                0x000147e0                utl_removeLink
 .text.utl_destroyLink
                0x000148e2      0x15e utl_linkedlist.o
                0x000148e2                utl_destroyLink
 .text.utl_destroyContainer
                0x00014a40       0x8a utl_linkedlist.o
                0x00014a40                utl_destroyContainer
 .text.utl_createLink
                0x00014aca       0xd4 utl_linkedlist.o
                0x00014aca                utl_createLink
 .text.utl_createContainer
                0x00014b9e       0x86 utl_linkedlist.o
                0x00014b9e                utl_createContainer
 .text.usr_driverRegistration
                0x00014c24       0xa4 usr_appInit.o
 .text.usr_platformInit
                0x00014cc8       0x76 usr_appInit.o
 .text.usr_appInit
                0x00014d3e       0x16 usr_appInit.o
                0x00014d3e                usr_appInit
 .text.usr_loopbackTest
                0x00014d54      0x6ea usr_console.o
 .text.usr_console
                0x0001543e      0x5b6 usr_console.o
                0x0001543e                usr_console
 .text.usr_timerTestInterrupt
                0x000159f4       0x12 usr_platformTest.o
 .text.usr_getPlatTestInMailbox
                0x00015a06        0xc usr_platformTest.o
                0x00015a06                usr_getPlatTestInMailbox
 .text.usr_getPlatTestOutMailbox
                0x00015a12        0xc usr_platformTest.o
                0x00015a12                usr_getPlatTestOutMailbox
 .text.usr_timerTestGpioInterrupt
                0x00015a1e       0x28 usr_platformTest.o
 .text.spiMasterComplete
                0x00015a46       0x14 usr_platformTest.o
 .text.uartRxComplete
                0x00015a5a       0x28 usr_platformTest.o
 .text.usr_twiSlaveTransFinished
                0x00015a82       0x62 usr_platformTest.o
 .text.usr_platformTestInit
                0x00015ae4      0x320 usr_platformTest.o
                0x00015ae4                usr_platformTestInit
 .text.usr_platformTest2
                0x00015e04        0xa usr_platformTest.o
 .text.usr_platformTest
                0x00015e0e       0xdc usr_platformTest.o
 .text.avr-libc.fplib
                0x00015eea        0xa c:/winavr-20100110/bin/../lib/gcc/avr/4.3.3/../../../../avr/lib/avrxmega7\libm.a(addsf3.o)
                0x00015eea                __subsf3
                0x00015eec                __addsf3
 .text.avr-libc.fplib
                0x00015ef4       0xc0 c:/winavr-20100110/bin/../lib/gcc/avr/4.3.3/../../../../avr/lib/avrxmega7\libm.a(addsf3x.o)
                0x00015f0e                __addsf3x
 .text.avr-libc.fplib
                0x00015fb4        0x8 c:/winavr-20100110/bin/../lib/gcc/avr/4.3.3/../../../../avr/lib/avrxmega7\libm.a(cmpsf2.o)
                0x00015fb4                __lesf2
                0x00015fb4                __nesf2
                0x00015fb4                __eqsf2
                0x00015fb4                __cmpsf2
                0x00015fb4                __ltsf2
 .text.avr-libc.fplib
                0x00015fbc        0x4 c:/winavr-20100110/bin/../lib/gcc/avr/4.3.3/../../../../avr/lib/avrxmega7\libm.a(divsf3.o)
                0x00015fbc                __divsf3
 .text.avr-libc.fplib
                0x00015fc0       0xcc c:/winavr-20100110/bin/../lib/gcc/avr/4.3.3/../../../../avr/lib/avrxmega7\libm.a(divsf3x.o)
                0x00015fd6                __divsf3x
                0x00015fda                __divsf3_pse
 .text.avr-libc.fplib
                0x0001608c       0x74 c:/winavr-20100110/bin/../lib/gcc/avr/4.3.3/../../../../avr/lib/avrxmega7\libm.a(fixsfdi.o)
                0x0001608c                __fixsfdi
                0x00016096                __fixunssfdi
 .text.avr-libc.fplib
                0x00016100        0xa c:/winavr-20100110/bin/../lib/gcc/avr/4.3.3/../../../../avr/lib/avrxmega7\libm.a(fixsfsi.o)
                0x00016100                __fixsfsi
 .text.avr-libc.fplib
                0x0001610a       0x58 c:/winavr-20100110/bin/../lib/gcc/avr/4.3.3/../../../../avr/lib/avrxmega7\libm.a(fixunssfsi.o)
                0x0001610a                __fixunssfsi
 .text.avr-libc.fplib
                0x00016162       0x7a c:/winavr-20100110/bin/../lib/gcc/avr/4.3.3/../../../../avr/lib/avrxmega7\libm.a(floatsisf.o)
                0x00016166                __floatsisf
                0x00016162                __floatunsisf
 .text.avr-libc.fplib
                0x000161dc       0x7c c:/winavr-20100110/bin/../lib/gcc/avr/4.3.3/../../../../avr/lib/avrxmega7\libm.a(floatundisf.o)
                0x000161dc                __floatundisf
                0x000161de                __fp_di2sf
 .text.avr-libc.fplib
                0x00016258       0x48 c:/winavr-20100110/bin/../lib/gcc/avr/4.3.3/../../../../avr/lib/avrxmega7\libm.a(fp_cmp.o)
                0x00016258                __fp_cmp
 .text.avr-libc.fplib
                0x000162a0        0xc c:/winavr-20100110/bin/../lib/gcc/avr/4.3.3/../../../../avr/lib/avrxmega7\libm.a(fp_inf.o)
                0x000162a0                __fp_inf
 .text.avr-libc.fplib
                0x000162ac        0x6 c:/winavr-20100110/bin/../lib/gcc/avr/4.3.3/../../../../avr/lib/avrxmega7\libm.a(fp_nan.o)
                0x000162ac                __fp_nan
 .text.avr-libc.fplib
                0x000162b2       0x20 c:/winavr-20100110/bin/../lib/gcc/avr/4.3.3/../../../../avr/lib/avrxmega7\libm.a(fp_negdi.o)
                0x000162b2                __fp_negdi
 .text.avr-libc.fplib
                0x000162d2        0xe c:/winavr-20100110/bin/../lib/gcc/avr/4.3.3/../../../../avr/lib/avrxmega7\libm.a(fp_pscA.o)
                0x000162d2                __fp_pscA
 .text.avr-libc.fplib
                0x000162e0        0xe c:/winavr-20100110/bin/../lib/gcc/avr/4.3.3/../../../../avr/lib/avrxmega7\libm.a(fp_pscB.o)
                0x000162e0                __fp_pscB
 .text.avr-libc.fplib
                0x000162ee       0x22 c:/winavr-20100110/bin/../lib/gcc/avr/4.3.3/../../../../avr/lib/avrxmega7\libm.a(fp_round.o)
                0x000162ee                __fp_round
 .text.avr-libc.fplib
                0x00016310       0x44 c:/winavr-20100110/bin/../lib/gcc/avr/4.3.3/../../../../avr/lib/avrxmega7\libm.a(fp_split3.o)
                0x00016310                __fp_split3
                0x00016320                __fp_splitA
 .text.avr-libc.fplib
                0x00016354        0xe c:/winavr-20100110/bin/../lib/gcc/avr/4.3.3/../../../../avr/lib/avrxmega7\libm.a(fp_zero.o)
                0x00016354                __fp_zero
                0x00016356                __fp_szero
 .text.avr-libc.fplib
                0x00016362        0x8 c:/winavr-20100110/bin/../lib/gcc/avr/4.3.3/../../../../avr/lib/avrxmega7\libm.a(gesf2.o)
                0x00016362                __gtsf2
                0x00016362                __gesf2
 .text.avr-libc.fplib
                0x0001636a        0x4 c:/winavr-20100110/bin/../lib/gcc/avr/4.3.3/../../../../avr/lib/avrxmega7\libm.a(mulsf3.o)
                0x0001636a                __mulsf3
 .text.avr-libc.fplib
                0x0001636e       0xc2 c:/winavr-20100110/bin/../lib/gcc/avr/4.3.3/../../../../avr/lib/avrxmega7\libm.a(mulsf3x.o)
                0x00016386                __mulsf3_pse
                0x00016382                __mulsf3x
 .text.avr-libc
                0x00016430      0x754 c:/winavr-20100110/bin/../lib/gcc/avr/4.3.3/../../../../avr/lib/avrxmega7\libprintf_flt.a(vfprintf_flt.o)
                0x00016430                vfprintf
 .text.avr-libc
                0x00016b84      0x20a c:/winavr-20100110/bin/../lib/gcc/avr/4.3.3/../../../../avr/lib/avrxmega7\libc.a(malloc.o)
                0x00016b84                malloc
                0x00016cde                free
 .text.avr-libc
                0x00016d8e       0x3c c:/winavr-20100110/bin/../lib/gcc/avr/4.3.3/../../../../avr/lib/avrxmega7\libc.a(atoi.o)
                0x00016d8e                atoi
 .text.avr-libc
                0x00016dca        0x6 c:/winavr-20100110/bin/../lib/gcc/avr/4.3.3/../../../../avr/lib/avrxmega7\libc.a(exit.o)
                0x00016dca                exit
 .text.avr-libc
                0x00016dd0      0x1b0 c:/winavr-20100110/bin/../lib/gcc/avr/4.3.3/../../../../avr/lib/avrxmega7\libc.a(ftoa_engine.o)
                0x00016dd0                __ftoa_engine
 .text.avr-libc
                0x00016f80       0x26 c:/winavr-20100110/bin/../lib/gcc/avr/4.3.3/../../../../avr/lib/avrxmega7\libc.a(strcasecmp_P.o)
                0x00016f80                strcasecmp_P
 .text.avr-libc
                0x00016fa6       0x16 c:/winavr-20100110/bin/../lib/gcc/avr/4.3.3/../../../../avr/lib/avrxmega7\libc.a(strnlen_P.o)
                0x00016fa6                strnlen_P
 .text.avr-libc
                0x00016fbc        0xa c:/winavr-20100110/bin/../lib/gcc/avr/4.3.3/../../../../avr/lib/avrxmega7\libc.a(strtok.o)
                0x00016fbc                strtok
 .text.avr-libc
                0x00016fc6       0x1a c:/winavr-20100110/bin/../lib/gcc/avr/4.3.3/../../../../avr/lib/avrxmega7\libc.a(memcmp.o)
                0x00016fc6                memcmp
 .text.avr-libc
                0x00016fe0       0x12 c:/winavr-20100110/bin/../lib/gcc/avr/4.3.3/../../../../avr/lib/avrxmega7\libc.a(memcpy.o)
                0x00016fe0                memcpy
 .text.avr-libc
                0x00016ff2        0xe c:/winavr-20100110/bin/../lib/gcc/avr/4.3.3/../../../../avr/lib/avrxmega7\libc.a(memset.o)
                0x00016ff2                memset
 .text.avr-libc
                0x00017000       0x26 c:/winavr-20100110/bin/../lib/gcc/avr/4.3.3/../../../../avr/lib/avrxmega7\libc.a(strcasecmp.o)
                0x00017000                strcasecmp
 .text.avr-libc
                0x00017026       0x16 c:/winavr-20100110/bin/../lib/gcc/avr/4.3.3/../../../../avr/lib/avrxmega7\libc.a(strchr.o)
                0x00017026                strchr
 .text.avr-libc
                0x0001703c       0x12 c:/winavr-20100110/bin/../lib/gcc/avr/4.3.3/../../../../avr/lib/avrxmega7\libc.a(strcmp.o)
                0x0001703c                strcmp
 .text.avr-libc
                0x0001704e        0xe c:/winavr-20100110/bin/../lib/gcc/avr/4.3.3/../../../../avr/lib/avrxmega7\libc.a(strcpy.o)
                0x0001704e                strcpy
 .text.avr-libc
                0x0001705c       0x1e c:/winavr-20100110/bin/../lib/gcc/avr/4.3.3/../../../../avr/lib/avrxmega7\libc.a(strncpy.o)
                0x0001705c                strncpy
 .text.avr-libc
                0x0001707a       0x16 c:/winavr-20100110/bin/../lib/gcc/avr/4.3.3/../../../../avr/lib/avrxmega7\libc.a(strnlen.o)
                0x0001707a                strnlen
 .text.avr-libc
                0x00017090       0x4e c:/winavr-20100110/bin/../lib/gcc/avr/4.3.3/../../../../avr/lib/avrxmega7\libc.a(strtok_r.o)
                0x00017090                strtok_r
 .text.avr-libc
                0x000170de       0x10 c:/winavr-20100110/bin/../lib/gcc/avr/4.3.3/../../../../avr/lib/avrxmega7\libc.a(mul10.o)
                0x000170de                __mulhi_const_10
 .text.avr-libc
                0x000170ee       0x58 c:/winavr-20100110/bin/../lib/gcc/avr/4.3.3/../../../../avr/lib/avrxmega7\libc.a(fputc.o)
                0x000170ee                fputc
 .text.avr-libc
                0x00017146       0x56 c:/winavr-20100110/bin/../lib/gcc/avr/4.3.3/../../../../avr/lib/avrxmega7\libc.a(sprintf.o)
                0x00017146                sprintf
 .text.avr-libc
                0x0001719c       0x56 c:/winavr-20100110/bin/../lib/gcc/avr/4.3.3/../../../../avr/lib/avrxmega7\libc.a(sprintf_p.o)
                0x0001719c                sprintf_P
 .text.avr-libc
                0x000171f2       0xbc c:/winavr-20100110/bin/../lib/gcc/avr/4.3.3/../../../../avr/lib/avrxmega7\libc.a(ultoa_invert.o)
                0x000171f2                __ultoa_invert
 .text.libgcc   0x000172ae       0x3e c:/winavr-20100110/bin/../lib/gcc/avr/4.3.3/avrxmega7\libgcc.a(_mulsi3.o)
                0x000172ae                __mulsi3
 .text.libgcc   0x000172ec       0x44 c:/winavr-20100110/bin/../lib/gcc/avr/4.3.3/avrxmega7\libgcc.a(_udivmodsi4.o)
                0x000172ec                __udivmodsi4
 .text.libgcc   0x00017330       0x36 c:/winavr-20100110/bin/../lib/gcc/avr/4.3.3/avrxmega7\libgcc.a(_divmodsi4.o)
                0x00017330                __divmodsi4
 .text.libgcc   0x00017366        0xc c:/winavr-20100110/bin/../lib/gcc/avr/4.3.3/avrxmega7\libgcc.a(_tablejump.o)
                0x0001736a                __tablejump__
                0x00017366                __tablejump2__
                0x00017372                . = ALIGN (0x2)
 *(.fini9)
 .fini9         0x00017372        0x0 c:/winavr-20100110/bin/../lib/gcc/avr/4.3.3/avrxmega7\libgcc.a(_exit.o)
                0x00017372                _exit
 *(.fini9)
 *(.fini8)
 *(.fini8)
 *(.fini7)
 *(.fini7)
 *(.fini6)
 *(.fini6)
 *(.fini5)
 *(.fini5)
 *(.fini4)
 *(.fini4)
 *(.fini3)
 *(.fini3)
 *(.fini2)
 *(.fini2)
 *(.fini1)
 *(.fini1)
 *(.fini0)
 .fini0         0x00017372        0x4 c:/winavr-20100110/bin/../lib/gcc/avr/4.3.3/avrxmega7\libgcc.a(_exit.o)
 *(.fini0)
                0x00017376                _etext = .

.data           0x00802000      0x286 load address 0x00017376
                0x00802000                PROVIDE (__data_start, .)
 *(.data)
 .data          0x00802000       0x46 drv_console.o
                0x0080203c                gt_consoleDevOps
 .data          0x00802046       0x14 drv_sd.o
                0x00802050                gat_sdDevOps
 .data          0x0080205a       0x18 drv_signal.o
                0x00802068                gat_signalDevOps
 .data          0x00802072        0xe hal_adc.o
                0x0080207e                gt_adcChanList
                0x00802072                t_gt_adcChanList
 .data          0x00802080       0x1d hal_dma.o
                0x0080208e                t_gt_dmaIntHndlList
                0x0080208c                gt_dmaChanList
                0x0080209a                gt_dmaIntHndlList
                0x00802080                t_gt_dmaChanList
 .data          0x0080209d        0xe hal_gpio.o
                0x008020a9                gt_gpioHndlList
                0x0080209d                t_gt_gpioHndlList
 .data          0x008020ab       0x1d hal_spi.o
                0x008020b9                t_gt_spiUserHndlList
                0x008020ab                t_gt_spiChanHndlList
                0x008020b7                gt_spiChanHndlList
                0x008020c5                gt_spiUserHndlList
 .data          0x008020c8       0x2a hal_timer.o
                0x008020e2                gt_timerIntHndlList
                0x008020c8                t_gt_timerHndlList
                0x008020d4                gt_timerHndlList
                0x008020d6                t_gt_timerIntHndlList
 .data          0x008020f2        0xe hal_twi.o
                0x008020f2                t_gt_twiChanHndlList
                0x008020fe                gt_twiChanHndlList
 .data          0x00802100        0xe hal_uart.o
                0x00802100                t_gt_uartChanHndlList
                0x0080210c                gt_uartChanHndlList
 .data          0x0080210e        0xe hal_watchDog.o
                0x0080210e                t_gt_wdAccessList
                0x0080211a                gt_wdAccessList
 .data          0x0080211c        0x8 MinimumSerial.o
                0x0080211c                vtable for MinimumSerial
 .data          0x00802124        0x2 SdFat.o
                0x00802124                SdFat::stdOut_
 .data          0x00802126        0x2 sdInterface.o
 .data          0x00802128       0x39 arb_console.o
 .data          0x00802161       0x1e arb_device.o
                0x0080216f                gt_activeDevices
                0x00802163                t_gt_activeDevices
                0x00802171                t_gt_activeHandles
                0x0080217d                gt_activeHandles
 .data          0x0080217f       0x1f arb_error.o
 .data          0x0080219e       0x1e arb_idle.o
 .data          0x008021bc        0xe arb_mailbox.o
                0x008021c8                gt_activeMbx
                0x008021bc                t_gt_activeMbx
 .data          0x008021ca       0x11 arb_printf.o
 .data          0x008021db       0x33 arb_scheduler.o
 .data          0x0080220e        0xe arb_semaphore.o
                0x0080221a                gt_activeSems
                0x0080220e                t_gt_activeSems
 .data          0x0080221c        0x1 arb_sysTimer.o
 .data          0x0080221d        0xe arb_thread.o
                0x0080221d                t_gt_activeThreads
                0x00802229                gt_activeThreads
 .data          0x0080222b        0xe utl_buffer.o
                0x00802237                gt_bufferList
                0x0080222b                t_gt_bufferList
 .data          0x00802239       0x31 usr_appInit.o
 .data          0x0080226a       0x15 usr_console.o
 .data          0x0080227f        0x6 c:/winavr-20100110/bin/../lib/gcc/avr/4.3.3/../../../../avr/lib/avrxmega7\libc.a(malloc.o)
                0x00802281                __malloc_heap_start
                0x00802283                __malloc_heap_end
                0x0080227f                __malloc_margin
 *(.data*)
 *(.rodata)
 *(.rodata*)
 *(.gnu.linkonce.d*)
                0x00802286                . = ALIGN (0x2)
 *fill*         0x00802285        0x1 00
                0x00802286                _edata = .
                0x00802286                PROVIDE (__data_end, .)

.bss            0x00802286      0x382
                0x00802286                PROVIDE (__bss_start, .)
 *(.bss)
 .bss           0x00802286       0x1e drv_console.o
 .bss           0x008022a4        0xa drv_sd.o
 .bss           0x008022ae        0x8 drv_signal.o
 .bss           0x008022b6        0x6 hal_dma.o
 .bss           0x008022bc        0x4 hal_spi.o
 .bss           0x008022c0       0x10 hal_uart.o
 .bss           0x008022d0        0x4 MinimumSerial.o
                0x008022d0                MiniSerial
 .bss           0x008022d4        0x3 Sd2Card.o
                0x008022d4                gt_spiHandle
 .bss           0x008022d7        0x4 SdBaseFile.o
                0x008022d7                SdBaseFile::cwd_
                0x008022d9                SdBaseFile::dateTime_
 .bss           0x008022db      0x20b SdVolume.o
                0x008022db                SdVolume::cacheBuffer_
                0x008024e4                SdVolume::sdCard_
                0x008024e0                SdVolume::cacheFatOffset_
                0x008024db                SdVolume::cacheBlockNumber_
                0x008024df                SdVolume::cacheStatus_
 .bss           0x008024e6       0x4b sdInterface.o
 .bss           0x00802531        0x8 arb_console.o
 .bss           0x00802539        0x6 arb_device.o
 .bss           0x0080253f       0x1e arb_error.o
 .bss           0x0080255d        0x4 arb_idle.o
 .bss           0x00802561        0x7 arb_memory.o
 .bss           0x00802568        0x8 arb_printf.o
 .bss           0x00802570       0x13 arb_scheduler.o
                0x00802570                gpt_activeThread
 .bss           0x00802583        0x5 arb_semaphore.o
 .bss           0x00802588       0x1e arb_sysTimer.o
                0x00802588                gt_sysTime
 .bss           0x008025a6        0x2 arb_thread.o
 .bss           0x008025a8        0xc utl_linkedlist.o
 .bss           0x008025b4        0x1 usr_platformTest.o
 .bss           0x008025b5        0x2 c:/winavr-20100110/bin/../lib/gcc/avr/4.3.3/../../../../avr/lib/avrxmega7\libc.a(strtok.o)
 *(.bss*)
 *(COMMON)
 COMMON         0x008025b7        0x4 hal_clocks.o
                0x008025b7                gt_clocks
 COMMON         0x008025bb        0x2 arb_memory.o
                0x008025bb                pt_csTemp
 COMMON         0x008025bd        0x2 arb_scheduler.o
                0x008025bd                gpt_scheduler
 COMMON         0x008025bf       0x45 usr_platformTest.o
                0x008025bf                gt_platTestObject
 COMMON         0x00802604        0x4 c:/winavr-20100110/bin/../lib/gcc/avr/4.3.3/../../../../avr/lib/avrxmega7\libc.a(malloc.o)
                0x00802604                __brkval
                0x00802606                __flp
                0x00802608                PROVIDE (__bss_end, .)
                0x00017376                __data_load_start = LOADADDR (.data)
                0x000175fc                __data_load_end = (__data_load_start + SIZEOF (.data))

.noinit         0x00802608        0x0
                0x00802608                PROVIDE (__noinit_start, .)
 *(.noinit*)
                0x00802608                PROVIDE (__noinit_end, .)
                0x00802608                _end = .
                0x00802608                PROVIDE (__heap_start, .)

.eeprom         0x00810000        0x0
 *(.eeprom*)
                0x00810000                __eeprom_end = .

.fuse
 *(.fuse)
 *(.lfuse)
 *(.hfuse)
 *(.efuse)

.lock
 *(.lock*)

.signature
 *(.signature*)

.stab
 *(.stab)

.stabstr
 *(.stabstr)

.stab.excl
 *(.stab.excl)

.stab.exclstr
 *(.stab.exclstr)

.stab.index
 *(.stab.index)

.stab.indexstr
 *(.stab.indexstr)

.comment
 *(.comment)

.debug
 *(.debug)

.line
 *(.line)

.debug_srcinfo
 *(.debug_srcinfo)

.debug_sfnames
 *(.debug_sfnames)

.debug_aranges  0x00000000     0x1920
 *(.debug_aranges)
 .debug_aranges
                0x00000000       0x58 drv_console.o
 .debug_aranges
                0x00000058       0x50 drv_sd.o
 .debug_aranges
                0x000000a8       0x40 drv_signal.o
 .debug_aranges
                0x000000e8       0x98 hal_adc.o
 .debug_aranges
                0x00000180       0x28 hal_clocks.o
 .debug_aranges
                0x000001a8       0xc8 hal_dma.o
 .debug_aranges
                0x00000270       0x78 hal_eeprom.o
 .debug_aranges
                0x000002e8      0x100 hal_gpio.o
 .debug_aranges
                0x000003e8       0x20 hal_initThreadStack.o
 .debug_aranges
                0x00000408       0x20 hal_pmic.o
 .debug_aranges
                0x00000428       0xf0 hal_spi.o
 .debug_aranges
                0x00000518      0x1a0 hal_timer.o
 .debug_aranges
                0x000006b8       0xa8 hal_twi.o
 .debug_aranges
                0x00000760      0x180 hal_uart.o
 .debug_aranges
                0x000008e0       0x40 hal_watchDog.o
 .debug_aranges
                0x00000920       0x58 new.o
 .debug_aranges
                0x00000978       0xf0 Print.o
 .debug_aranges
                0x00000a68      0x260 WString.o
 .debug_aranges
                0x00000cc8       0x38 MinimumSerial.o
 .debug_aranges
                0x00000d00       0xe0 Sd2Card.o
 .debug_aranges
                0x00000de0      0x210 SdBaseFile.o
 .debug_aranges
                0x00000ff0       0xe8 SdFat.o
 .debug_aranges
                0x000010d8       0x50 SdFile.o
 .debug_aranges
                0x00001128       0x78 SdVolume.o
 .debug_aranges
                0x000011a0       0xa0 sdInterface.o
 .debug_aranges
                0x00001240       0x28 arb_console.o
 .debug_aranges
                0x00001268       0x68 arb_device.o
 .debug_aranges
                0x000012d0       0x20 arb_error.o
 .debug_aranges
                0x000012f0       0x28 arb_idle.o
 .debug_aranges
                0x00001318       0x50 arb_mailbox.o
 .debug_aranges
                0x00001368       0x20 arb_main.o
 .debug_aranges
                0x00001388       0x38 arb_memory.o
 .debug_aranges
                0x000013c0       0x48 arb_printf.o
 .debug_aranges
                0x00001408       0x48 arb_scheduler.o
 .debug_aranges
                0x00001450       0x70 arb_semaphore.o
 .debug_aranges
                0x000014c0       0x78 arb_sysTimer.o
 .debug_aranges
                0x00001538       0x48 arb_thread.o
 .debug_aranges
                0x00001580       0xb8 utl_buffer.o
 .debug_aranges
                0x00001638       0x50 utl_linkedlist.o
 .debug_aranges
                0x00001688      0x110 utl_math.o
 .debug_aranges
                0x00001798       0x48 utl_stateMachine.o
 .debug_aranges
                0x000017e0       0x30 usr_appInit.o
 .debug_aranges
                0x00001810       0x28 usr_console.o
 .debug_aranges
                0x00001838       0x68 usr_platformTest.o
 .debug_aranges
                0x000018a0       0x20 c:/winavr-20100110/bin/../lib/gcc/avr/4.3.3/avrxmega7\libgcc.a(_muldi3.o)
 .debug_aranges
                0x000018c0       0x20 c:/winavr-20100110/bin/../lib/gcc/avr/4.3.3/avrxmega7\libgcc.a(_lshrdi3.o)
 .debug_aranges
                0x000018e0       0x20 c:/winavr-20100110/bin/../lib/gcc/avr/4.3.3/avrxmega7\libgcc.a(_ashldi3.o)
 .debug_aranges
                0x00001900       0x20 c:/winavr-20100110/bin/../lib/gcc/avr/4.3.3/avrxmega7\libgcc.a(_ashrdi3.o)

.debug_pubnames
                0x00000000     0x355d
 *(.debug_pubnames)
 .debug_pubnames
                0x00000000       0x4f drv_console.o
 .debug_pubnames
                0x0000004f       0x41 drv_sd.o
 .debug_pubnames
                0x00000090       0x4d drv_signal.o
 .debug_pubnames
                0x000000dd      0x139 hal_adc.o
 .debug_pubnames
                0x00000216       0x46 hal_clocks.o
 .debug_pubnames
                0x0000025c      0x25c hal_dma.o
 .debug_pubnames
                0x000004b8       0x87 hal_eeprom.o
 .debug_pubnames
                0x0000053f      0x1e4 hal_gpio.o
 .debug_pubnames
                0x00000723       0x2a hal_initThreadStack.o
 .debug_pubnames
                0x0000074d       0x2c hal_pmic.o
 .debug_pubnames
                0x00000779      0x1b4 hal_spi.o
 .debug_pubnames
                0x0000092d      0x3ee hal_timer.o
 .debug_pubnames
                0x00000d1b      0x16d hal_twi.o
 .debug_pubnames
                0x00000e88      0x242 hal_uart.o
 .debug_pubnames
                0x000010ca       0xa3 hal_watchDog.o
 .debug_pubnames
                0x0000116d       0xbf new.o
 .debug_pubnames
                0x0000122c      0x200 Print.o
 .debug_pubnames
                0x0000142c      0x5bf WString.o
 .debug_pubnames
                0x000019eb       0x6b MinimumSerial.o
 .debug_pubnames
                0x00001a56      0x21d Sd2Card.o
 .debug_pubnames
                0x00001c73      0x640 SdBaseFile.o
 .debug_pubnames
                0x000022b3      0x213 SdFat.o
 .debug_pubnames
                0x000024c6       0x98 SdFile.o
 .debug_pubnames
                0x0000255e      0x1d6 SdVolume.o
 .debug_pubnames
                0x00002734       0xe4 sdInterface.o
 .debug_pubnames
                0x00002818       0x26 arb_console.o
 .debug_pubnames
                0x0000283e      0x104 arb_device.o
 .debug_pubnames
                0x00002942       0x28 arb_error.o
 .debug_pubnames
                0x0000296a       0x30 arb_idle.o
 .debug_pubnames
                0x0000299a       0xe9 arb_mailbox.o
 .debug_pubnames
                0x00002a83       0x1b arb_main.o
 .debug_pubnames
                0x00002a9e       0x3c arb_memory.o
 .debug_pubnames
                0x00002ada       0x94 arb_printf.o
 .debug_pubnames
                0x00002b6e       0xad arb_scheduler.o
 .debug_pubnames
                0x00002c1b       0xc3 arb_semaphore.o
 .debug_pubnames
                0x00002cde      0x102 arb_sysTimer.o
 .debug_pubnames
                0x00002de0       0xa3 arb_thread.o
 .debug_pubnames
                0x00002e83      0x1f3 utl_buffer.o
 .debug_pubnames
                0x00003076       0xab utl_linkedlist.o
 .debug_pubnames
                0x00003121      0x234 utl_math.o
 .debug_pubnames
                0x00003355       0xc9 utl_stateMachine.o
 .debug_pubnames
                0x0000341e       0x22 usr_appInit.o
 .debug_pubnames
                0x00003440       0x22 usr_console.o
 .debug_pubnames
                0x00003462       0x7c usr_platformTest.o
 .debug_pubnames
                0x000034de       0x1f c:/winavr-20100110/bin/../lib/gcc/avr/4.3.3/avrxmega7\libgcc.a(_muldi3.o)
 .debug_pubnames
                0x000034fd       0x20 c:/winavr-20100110/bin/../lib/gcc/avr/4.3.3/avrxmega7\libgcc.a(_lshrdi3.o)
 .debug_pubnames
                0x0000351d       0x20 c:/winavr-20100110/bin/../lib/gcc/avr/4.3.3/avrxmega7\libgcc.a(_ashldi3.o)
 .debug_pubnames
                0x0000353d       0x20 c:/winavr-20100110/bin/../lib/gcc/avr/4.3.3/avrxmega7\libgcc.a(_ashrdi3.o)

.debug_info     0x00000000    0x2dfdc
 *(.debug_info)
 .debug_info    0x00000000      0xaa7 drv_console.o
 .debug_info    0x00000aa7      0x8e4 drv_sd.o
 .debug_info    0x0000138b      0xa0b drv_signal.o
 .debug_info    0x00001d96     0x15d4 hal_adc.o
 .debug_info    0x0000336a      0x281 hal_clocks.o
 .debug_info    0x000035eb     0x1409 hal_dma.o
 .debug_info    0x000049f4      0xe1e hal_eeprom.o
 .debug_info    0x00005812      0xce6 hal_gpio.o
 .debug_info    0x000064f8      0x13a hal_initThreadStack.o
 .debug_info    0x00006632       0xf0 hal_pmic.o
 .debug_info    0x00006722     0x1c17 hal_spi.o
 .debug_info    0x00008339     0x2206 hal_timer.o
 .debug_info    0x0000a53f      0xdf1 hal_twi.o
 .debug_info    0x0000b330     0x16e1 hal_uart.o
 .debug_info    0x0000ca11      0x4ec hal_watchDog.o
 .debug_info    0x0000cefd      0x199 new.o
 .debug_info    0x0000d096     0x1a2b Print.o
 .debug_info    0x0000eac1     0x2294 WString.o
 .debug_info    0x00010d55      0x308 MinimumSerial.o
 .debug_info    0x0001105d     0x1e54 Sd2Card.o
 .debug_info    0x00012eb1     0x4f2a SdBaseFile.o
 .debug_info    0x00017ddb     0x3bd8 SdFat.o
 .debug_info    0x0001b9b3     0x30fb SdFile.o
 .debug_info    0x0001eaae     0x2269 SdVolume.o
 .debug_info    0x00020d17     0x38de sdInterface.o
 .debug_info    0x000245f5     0x1167 arb_console.o
 .debug_info    0x0002575c      0x9ad arb_device.o
 .debug_info    0x00026109      0x1c9 arb_error.o
 .debug_info    0x000262d2      0x349 arb_idle.o
 .debug_info    0x0002661b      0x67b arb_mailbox.o
 .debug_info    0x00026c96       0xa2 arb_main.o
 .debug_info    0x00026d38      0x3db arb_memory.o
 .debug_info    0x00027113      0x5aa arb_printf.o
 .debug_info    0x000276bd      0x7ff arb_scheduler.o
 .debug_info    0x00027ebc      0x814 arb_semaphore.o
 .debug_info    0x000286d0      0x792 arb_sysTimer.o
 .debug_info    0x00028e62      0x714 arb_thread.o
 .debug_info    0x00029576      0x830 utl_buffer.o
 .debug_info    0x00029da6      0x45b utl_linkedlist.o
 .debug_info    0x0002a201     0x1618 utl_math.o
 .debug_info    0x0002b819      0x575 utl_stateMachine.o
 .debug_info    0x0002bd8e      0x387 usr_appInit.o
 .debug_info    0x0002c115      0x86e usr_console.o
 .debug_info    0x0002c983      0xfd6 usr_platformTest.o
 .debug_info    0x0002d959      0x206 c:/winavr-20100110/bin/../lib/gcc/avr/4.3.3/avrxmega7\libgcc.a(_muldi3.o)
 .debug_info    0x0002db5f      0x17f c:/winavr-20100110/bin/../lib/gcc/avr/4.3.3/avrxmega7\libgcc.a(_lshrdi3.o)
 .debug_info    0x0002dcde      0x17f c:/winavr-20100110/bin/../lib/gcc/avr/4.3.3/avrxmega7\libgcc.a(_ashldi3.o)
 .debug_info    0x0002de5d      0x17f c:/winavr-20100110/bin/../lib/gcc/avr/4.3.3/avrxmega7\libgcc.a(_ashrdi3.o)
 *(.gnu.linkonce.wi.*)

.debug_abbrev   0x00000000     0x6963
 *(.debug_abbrev)
 .debug_abbrev  0x00000000      0x219 drv_console.o
 .debug_abbrev  0x00000219      0x1cf drv_sd.o
 .debug_abbrev  0x000003e8      0x23d drv_signal.o
 .debug_abbrev  0x00000625      0x27d hal_adc.o
 .debug_abbrev  0x000008a2      0x107 hal_clocks.o
 .debug_abbrev  0x000009a9      0x269 hal_dma.o
 .debug_abbrev  0x00000c12      0x25d hal_eeprom.o
 .debug_abbrev  0x00000e6f      0x1cf hal_gpio.o
 .debug_abbrev  0x0000103e       0x87 hal_initThreadStack.o
 .debug_abbrev  0x000010c5       0xa1 hal_pmic.o
 .debug_abbrev  0x00001166      0x260 hal_spi.o
 .debug_abbrev  0x000013c6      0x285 hal_timer.o
 .debug_abbrev  0x0000164b      0x238 hal_twi.o
 .debug_abbrev  0x00001883      0x24d hal_uart.o
 .debug_abbrev  0x00001ad0      0x18b hal_watchDog.o
 .debug_abbrev  0x00001c5b       0xf9 new.o
 .debug_abbrev  0x00001d54      0x31a Print.o
 .debug_abbrev  0x0000206e      0x359 WString.o
 .debug_abbrev  0x000023c7      0x1de MinimumSerial.o
 .debug_abbrev  0x000025a5      0x436 Sd2Card.o
 .debug_abbrev  0x000029db      0x727 SdBaseFile.o
 .debug_abbrev  0x00003102      0x66b SdFat.o
 .debug_abbrev  0x0000376d      0x55e SdFile.o
 .debug_abbrev  0x00003ccb      0x45b SdVolume.o
 .debug_abbrev  0x00004126      0x638 sdInterface.o
 .debug_abbrev  0x0000475e      0x201 arb_console.o
 .debug_abbrev  0x0000495f      0x210 arb_device.o
 .debug_abbrev  0x00004b6f       0xde arb_error.o
 .debug_abbrev  0x00004c4d       0xef arb_idle.o
 .debug_abbrev  0x00004d3c      0x14b arb_mailbox.o
 .debug_abbrev  0x00004e87       0x62 arb_main.o
 .debug_abbrev  0x00004ee9      0x159 arb_memory.o
 .debug_abbrev  0x00005042      0x178 arb_printf.o
 .debug_abbrev  0x000051ba      0x25f arb_scheduler.o
 .debug_abbrev  0x00005419      0x18b arb_semaphore.o
 .debug_abbrev  0x000055a4      0x201 arb_sysTimer.o
 .debug_abbrev  0x000057a5      0x1d8 arb_thread.o
 .debug_abbrev  0x0000597d      0x19d utl_buffer.o
 .debug_abbrev  0x00005b1a      0x159 utl_linkedlist.o
 .debug_abbrev  0x00005c73      0x290 utl_math.o
 .debug_abbrev  0x00005f03      0x1c8 utl_stateMachine.o
 .debug_abbrev  0x000060cb       0xd2 usr_appInit.o
 .debug_abbrev  0x0000619d      0x1c8 usr_console.o
 .debug_abbrev  0x00006365      0x244 usr_platformTest.o
 .debug_abbrev  0x000065a9       0xf0 c:/winavr-20100110/bin/../lib/gcc/avr/4.3.3/avrxmega7\libgcc.a(_muldi3.o)
 .debug_abbrev  0x00006699       0xee c:/winavr-20100110/bin/../lib/gcc/avr/4.3.3/avrxmega7\libgcc.a(_lshrdi3.o)
 .debug_abbrev  0x00006787       0xee c:/winavr-20100110/bin/../lib/gcc/avr/4.3.3/avrxmega7\libgcc.a(_ashldi3.o)
 .debug_abbrev  0x00006875       0xee c:/winavr-20100110/bin/../lib/gcc/avr/4.3.3/avrxmega7\libgcc.a(_ashrdi3.o)

.debug_line     0x00000000    0x17920
 *(.debug_line)
 .debug_line    0x00000000      0x672 drv_console.o
 .debug_line    0x00000672      0x4d1 drv_sd.o
 .debug_line    0x00000b43      0xd49 drv_signal.o
 .debug_line    0x0000188c      0xa9b hal_adc.o
 .debug_line    0x00002327      0x1af hal_clocks.o
 .debug_line    0x000024d6      0xc42 hal_dma.o
 .debug_line    0x00003118      0xb09 hal_eeprom.o
 .debug_line    0x00003c21      0xb56 hal_gpio.o
 .debug_line    0x00004777      0x241 hal_initThreadStack.o
 .debug_line    0x000049b8      0x10c hal_pmic.o
 .debug_line    0x00004ac4     0x1a06 hal_spi.o
 .debug_line    0x000064ca     0x1546 hal_timer.o
 .debug_line    0x00007a10      0xbeb hal_twi.o
 .debug_line    0x000085fb     0x159b hal_uart.o
 .debug_line    0x00009b96      0x3e7 hal_watchDog.o
 .debug_line    0x00009f7d      0x1ae new.o
 .debug_line    0x0000a12b      0x6a7 Print.o
 .debug_line    0x0000a7d2     0x10fd WString.o
 .debug_line    0x0000b8cf      0x1e8 MinimumSerial.o
 .debug_line    0x0000bab7      0xbd9 Sd2Card.o
 .debug_line    0x0000c690     0x1ee7 SdBaseFile.o
 .debug_line    0x0000e577      0x700 SdFat.o
 .debug_line    0x0000ec77      0x30f SdFile.o
 .debug_line    0x0000ef86      0x661 SdVolume.o
 .debug_line    0x0000f5e7      0x5bf sdInterface.o
 .debug_line    0x0000fba6      0x7ac arb_console.o
 .debug_line    0x00010352      0x563 arb_device.o
 .debug_line    0x000108b5      0x128 arb_error.o
 .debug_line    0x000109dd      0x1c8 arb_idle.o
 .debug_line    0x00010ba5      0x540 arb_mailbox.o
 .debug_line    0x000110e5       0xdb arb_main.o
 .debug_line    0x000111c0      0x84d arb_memory.o
 .debug_line    0x00011a0d      0x482 arb_printf.o
 .debug_line    0x00011e8f      0x65f arb_scheduler.o
 .debug_line    0x000124ee     0x14e3 arb_semaphore.o
 .debug_line    0x000139d1      0x7eb arb_sysTimer.o
 .debug_line    0x000141bc      0x8ff arb_thread.o
 .debug_line    0x00014abb      0x5a4 utl_buffer.o
 .debug_line    0x0001505f      0x51c utl_linkedlist.o
 .debug_line    0x0001557b      0xee0 utl_math.o
 .debug_line    0x0001645b      0x326 utl_stateMachine.o
 .debug_line    0x00016781      0x2ad usr_appInit.o
 .debug_line    0x00016a2e      0x5b0 usr_console.o
 .debug_line    0x00016fde      0x60e usr_platformTest.o
 .debug_line    0x000175ec       0xaf c:/winavr-20100110/bin/../lib/gcc/avr/4.3.3/avrxmega7\libgcc.a(_muldi3.o)
 .debug_line    0x0001769b       0xd7 c:/winavr-20100110/bin/../lib/gcc/avr/4.3.3/avrxmega7\libgcc.a(_lshrdi3.o)
 .debug_line    0x00017772       0xd7 c:/winavr-20100110/bin/../lib/gcc/avr/4.3.3/avrxmega7\libgcc.a(_ashldi3.o)
 .debug_line    0x00017849       0xd7 c:/winavr-20100110/bin/../lib/gcc/avr/4.3.3/avrxmega7\libgcc.a(_ashrdi3.o)

.debug_frame    0x00000000     0x2c40
 *(.debug_frame)
 .debug_frame   0x00000000       0x90 drv_console.o
 .debug_frame   0x00000090       0x80 drv_sd.o
 .debug_frame   0x00000110       0x60 drv_signal.o
 .debug_frame   0x00000170      0x110 hal_adc.o
 .debug_frame   0x00000280       0x30 hal_clocks.o
 .debug_frame   0x000002b0      0x170 hal_dma.o
 .debug_frame   0x00000420       0xd0 hal_eeprom.o
 .debug_frame   0x000004f0      0x1e0 hal_gpio.o
 .debug_frame   0x000006d0       0x20 hal_initThreadStack.o
 .debug_frame   0x000006f0       0x20 hal_pmic.o
 .debug_frame   0x00000710      0x1c0 hal_spi.o
 .debug_frame   0x000008d0      0x320 hal_timer.o
 .debug_frame   0x00000bf0      0x130 hal_twi.o
 .debug_frame   0x00000d20      0x2e0 hal_uart.o
 .debug_frame   0x00001000       0x60 hal_watchDog.o
 .debug_frame   0x00001060       0x90 new.o
 .debug_frame   0x000010f0      0x1c0 Print.o
 .debug_frame   0x000012b0      0x4a0 WString.o
 .debug_frame   0x00001750       0x50 MinimumSerial.o
 .debug_frame   0x000017a0      0x1a0 Sd2Card.o
 .debug_frame   0x00001940      0x400 SdBaseFile.o
 .debug_frame   0x00001d40      0x1b0 SdFat.o
 .debug_frame   0x00001ef0       0x80 SdFile.o
 .debug_frame   0x00001f70       0xd0 SdVolume.o
 .debug_frame   0x00002040      0x120 sdInterface.o
 .debug_frame   0x00002160       0x30 arb_console.o
 .debug_frame   0x00002190       0xb0 arb_device.o
 .debug_frame   0x00002240       0x20 arb_error.o
 .debug_frame   0x00002260       0x30 arb_idle.o
 .debug_frame   0x00002290       0x80 arb_mailbox.o
 .debug_frame   0x00002310       0x20 arb_main.o
 .debug_frame   0x00002330       0x50 arb_memory.o
 .debug_frame   0x00002380       0x70 arb_printf.o
 .debug_frame   0x000023f0       0x70 arb_scheduler.o
 .debug_frame   0x00002460       0xc0 arb_semaphore.o
 .debug_frame   0x00002520       0xd0 arb_sysTimer.o
 .debug_frame   0x000025f0       0x70 arb_thread.o
 .debug_frame   0x00002660      0x150 utl_buffer.o
 .debug_frame   0x000027b0       0x80 utl_linkedlist.o
 .debug_frame   0x00002830      0x200 utl_math.o
 .debug_frame   0x00002a30       0x70 utl_stateMachine.o
 .debug_frame   0x00002aa0       0x40 usr_appInit.o
 .debug_frame   0x00002ae0       0x30 usr_console.o
 .debug_frame   0x00002b10       0xb0 usr_platformTest.o
 .debug_frame   0x00002bc0       0x20 c:/winavr-20100110/bin/../lib/gcc/avr/4.3.3/avrxmega7\libgcc.a(_muldi3.o)
 .debug_frame   0x00002be0       0x20 c:/winavr-20100110/bin/../lib/gcc/avr/4.3.3/avrxmega7\libgcc.a(_lshrdi3.o)
 .debug_frame   0x00002c00       0x20 c:/winavr-20100110/bin/../lib/gcc/avr/4.3.3/avrxmega7\libgcc.a(_ashldi3.o)
 .debug_frame   0x00002c20       0x20 c:/winavr-20100110/bin/../lib/gcc/avr/4.3.3/avrxmega7\libgcc.a(_ashrdi3.o)

.debug_str      0x00000000     0xc3db
 *(.debug_str)
 .debug_str     0x00000000      0x959 drv_console.o
                                0x9e1 (size before relaxing)
 .debug_str     0x00000959      0x459 drv_sd.o
                                0x77c (size before relaxing)
 .debug_str     0x00000db2      0x38e drv_signal.o
                                0x70f (size before relaxing)
 .debug_str     0x00001140     0x121c hal_adc.o
                               0x15dc (size before relaxing)
 .debug_str     0x0000235c      0x2a9 hal_clocks.o
                                0x37a (size before relaxing)
 .debug_str     0x00002605      0xe5e hal_dma.o
                               0x11a6 (size before relaxing)
 .debug_str     0x00003463      0x45c hal_eeprom.o
                                0x8dd (size before relaxing)
 .debug_str     0x000038bf      0x504 hal_gpio.o
                                0xa35 (size before relaxing)
 .debug_str     0x00003dc3       0xb1 hal_initThreadStack.o
                                0x188 (size before relaxing)
 .debug_str     0x00003e74       0x94 hal_pmic.o
                                0x155 (size before relaxing)
 .debug_str     0x00003f08      0x52d hal_spi.o
                               0x153d (size before relaxing)
 .debug_str     0x00004435      0xeeb hal_timer.o
                               0x1522 (size before relaxing)
 .debug_str     0x00005320      0x693 hal_twi.o
                                0xb68 (size before relaxing)
 .debug_str     0x000059b3      0x5e9 hal_uart.o
                               0x153a (size before relaxing)
 .debug_str     0x00005f9c      0x20b hal_watchDog.o
                                0x49d (size before relaxing)
 .debug_str     0x000061a7       0xf8 new.o